<html>
<body>
<pre>
<h1>µVision Build Log</h1>
<h2>Tool Versions:</h2>
IDE-Version: ¦ÌVision V5.20.0.0
Copyright (C) 2016 ARM Ltd and ARM Germany GmbH. All rights reserved.
License Information: li007 li007, wqe, LIC=GE7DL-0VMSS-UMK9A-1K110-MM33H-JZ98L
 
Tool Versions:
Toolchain:       MDK-ARM Professional  Version: 5.20
Toolchain Path:  E:\keil5\ARM\ARMCC\Bin
C Compiler:      Armcc.exe V5.06 update 2 (build 183)
Assembler:       Armasm.exe V5.06 update 2 (build 183)
Linker/Locator:  ArmLink.exe V5.06 update 2 (build 183)
Library Manager: ArmAr.exe V5.06 update 2 (build 183)
Hex Converter:   FromElf.exe V5.06 update 2 (build 183)
CPU DLL:         SARMCM3.DLL V5.20
Dialog DLL:      DARMSTM.DLL V1.66.0.0
Target DLL:      coocox-agdi.dll V???
Dialog DLL:      TARMSTM.DLL V1.65.0.0
 
<h2>Project:</h2>
H:\match2022\À¶ÇÅ±­Ç¶ÈëÊ½\Á·Ï°\8(Ë«Í¨µÀ)\CT117E-LCD\Project\CT117E-LCD.uvproj
Project File Date:  03/27/2022

<h2>Output:</h2>
*** Using Compiler 'V5.06 update 2 (build 183)', folder: 'E:\keil5\ARM\ARMCC\Bin'
Build target 'Target 1'
compiling main.c...
..\HARDWARE\pwm.h(5): warning:  #1295-D: Deprecated declaration TIM2_Configuration - give arg types
  void TIM2_Configuration();
..\HARDWARE\pwm.h(7): warning:  #1-D: last line of file ends without a newline
  #endif 
..\Sre\main.c(68): warning:  #223-D: function "TIM3_Configuration" declared implicitly
  	TIM3_Configuration();
..\Sre\main.c(135): warning:  #223-D: function "sprintf" declared implicitly
  				sprintf(buf," Channel:%dHZ",Frequency);
..\Sre\main.c(136): warning:  #167-D: argument of type "char *" is incompatible with parameter of type "u8 *"
  				LCD_DisplayStringLine(
ine1, buf);
..\Sre\main.c(138): warning:  #167-D: argument of type "char *" is incompatible with parameter of type "u8 *"
  				LCD_DisplayStringLine(
ine5, buf);
..\Sre\main.c(142): warning:  #167-D: argument of type "char *" is incompatible with parameter of type "u8 *"
  				LCD_DisplayStringLine(
ine3, buf);
..\Sre\main.c(144): warning:  #167-D: argument of type "char *" is incompatible with parameter of type "u8 *"
  				LCD_DisplayStringLine(
ine7, buf);
..\Sre\main.c(457): warning:  #1-D: last line of file ends without a newline
  }
..\Sre\main.c: 9 warnings, 0 errors
linking...
Program Size: Code=13470 RO-data=4830 RW-data=96 ZI-data=1704  
FromELF: creating hex file...
"..\Output\CT117E-LCD.axf" - 0 Error(s), 9 Warning(s).
Build Time Elapsed:  00:00:01
</pre>
</body>
</html>
