<html>
<body>
<pre>
<h1>礦ision Build Log</h1>
<h2>Tool Versions:</h2>
IDE-Version: μVision V5.20.0.0
Copyright (C) 2016 ARM Ltd and ARM Germany GmbH. All rights reserved.
License Information: li007 li007, wqe, LIC=GE7DL-0VMSS-UMK9A-1K110-MM33H-JZ98L
 
Tool Versions:
Toolchain:       MDK-ARM Professional  Version: 5.20
Toolchain Path:  E:\keil5\ARM\ARMCC\Bin
C Compiler:      Armcc.exe V5.06 update 2 (build 183)
Assembler:       Armasm.exe V5.06 update 2 (build 183)
Linker/Locator:  ArmLink.exe V5.06 update 2 (build 183)
Library Manager: ArmAr.exe V5.06 update 2 (build 183)
Hex Converter:   FromElf.exe V5.06 update 2 (build 183)
CPU DLL:         SARMCM3.DLL V5.20
Dialog DLL:      DARMSTM.DLL V1.66.0.0
Target DLL:      coocox-agdi.dll V???
Dialog DLL:      TARMSTM.DLL V1.65.0.0
 
<h2>Project:</h2>
H:\match2022\蓝桥杯嵌入式\练习\10届省赛(活用adc)\CT117E-LCD\Project\CT117E-LCD.uvproj
Project File Date:  03/29/2022

<h2>Output:</h2>
*** Using Compiler 'V5.06 update 2 (build 183)', folder: 'E:\keil5\ARM\ARMCC\Bin'
Build target 'Target 1'
compiling main.c...
..\Sre\main.c(29): warning:  #1295-D: Deprecated declaration Init_adc - give arg types
  void Init_adc();
..\Sre\main.c(31): warning:  #1295-D: Deprecated declaration UI_main - give arg types
  void	UI_main();
..\Sre\main.c(32): warning:  #1295-D: Deprecated declaration UI_set - give arg types
  void	UI_set();
..\Sre\main.c(34): warning:  #1295-D: Deprecated declaration Init_key_led - give arg types
  void Init_key_led();
..\Sre\main.c(35): warning:  #1295-D: Deprecated declaration SET_key - give arg types
  void SET_key();
..\Sre\main.c(36): warning:  #1295-D: Deprecated declaration chang_UI - give arg types
  void chang_UI();
..\Sre\main.c(37): warning:  #1295-D: Deprecated declaration Limi_data - give arg types
  void Limi_data();
..\Sre\main.c(39): warning:  #1295-D: Deprecated declaration moto - give arg types
  void moto();
..\Sre\main.c(41): warning:  #1295-D: Deprecated declaration led_change - give arg types
  void led_change();
..\Sre\main.c(138): warning:  #223-D: function "sprintf" declared implicitly
  	sprintf(buff,"Max volt:%.2f",Max);		
..\Sre\main.c(139): warning:  #167-D: argument of type "char *" is incompatible with parameter of type "u8 *"
  	LCD_DisplayStringLine(
ine3 ,buff);
..\Sre\main.c(143): warning:  #167-D: argument of type "char *" is incompatible with parameter of type "u8 *"
  	LCD_DisplayStringLine(
ine4 ,buff);
..\Sre\main.c(147): warning:  #167-D: argument of type "char *" is incompatible with parameter of type "u8 *"
  	LCD_DisplayStringLine(
ine5 ,buff);
..\Sre\main.c(151): warning:  #167-D: argument of type "char *" is incompatible with parameter of type "u8 *"
  	LCD_DisplayStringLine(
ine6 ,buff);
..\Sre\main.c(304): warning:  #223-D: function "sprintf" declared implicitly
  		sprintf(buff,"  Volt:%.2f",vule);
..\Sre\main.c(305): warning:  #167-D: argument of type "char *" is incompatible with parameter of type "u8 *"
  		LCD_DisplayStringLine(
ine4 ,buff);
..\Sre\main.c(349): warning:  #1-D: last line of file ends without a newline
  }
..\Sre\main.c: 17 warnings, 0 errors
linking...
Program Size: Code=15364 RO-data=5004 RW-data=80 ZI-data=1672  
FromELF: creating hex file...
"..\Output\CT117E-LCD.axf" - 0 Error(s), 17 Warning(s).
Build Time Elapsed:  00:00:01
</pre>
</body>
</html>
