Component: ARM Compiler 5.06 update 2 (build 183) Tool: armlink [4d35b7]

==============================================================================

Section Cross References

    startup_stm32f10x_md.o(STACK) refers (Special) to heapauxi.o(.text) for __use_two_region_memory
    startup_stm32f10x_md.o(HEAP) refers (Special) to heapauxi.o(.text) for __use_two_region_memory
    startup_stm32f10x_md.o(RESET) refers (Special) to heapauxi.o(.text) for __use_two_region_memory
    startup_stm32f10x_md.o(RESET) refers to startup_stm32f10x_md.o(STACK) for __initial_sp
    startup_stm32f10x_md.o(RESET) refers to startup_stm32f10x_md.o(.text) for Reset_Handler
    startup_stm32f10x_md.o(RESET) refers to stm32f10x_it.o(.text) for NMI_Handler
    startup_stm32f10x_md.o(.text) refers (Special) to heapauxi.o(.text) for __use_two_region_memory
    startup_stm32f10x_md.o(.text) refers to system_stm32f10x.o(.text) for SystemInit
    startup_stm32f10x_md.o(.text) refers to __main.o(!!!main) for __main
    startup_stm32f10x_md.o(.text) refers to startup_stm32f10x_md.o(HEAP) for Heap_Mem
    startup_stm32f10x_md.o(.text) refers to startup_stm32f10x_md.o(STACK) for Stack_Mem
    system_stm32f10x.o(.text) refers to system_stm32f10x.o(.data) for SystemCoreClock
    stm32f10x_gpio.o(.text) refers to stm32f10x_rcc.o(.text) for RCC_APB2PeriphResetCmd
    stm32f10x_rcc.o(.text) refers to stm32f10x_rcc.o(.data) for APBAHBPrescTable
    stm32f10x_adc.o(.text) refers to stm32f10x_rcc.o(.text) for RCC_APB2PeriphResetCmd
    stm32f10x_bkp.o(.text) refers to stm32f10x_rcc.o(.text) for RCC_BackupResetCmd
    stm32f10x_can.o(.text) refers to stm32f10x_rcc.o(.text) for RCC_APB1PeriphResetCmd
    stm32f10x_cec.o(.text) refers to stm32f10x_rcc.o(.text) for RCC_APB1PeriphResetCmd
    stm32f10x_dac.o(.text) refers to stm32f10x_rcc.o(.text) for RCC_APB1PeriphResetCmd
    stm32f10x_i2c.o(.text) refers to stm32f10x_rcc.o(.text) for RCC_APB1PeriphResetCmd
    stm32f10x_pwr.o(.text) refers to stm32f10x_rcc.o(.text) for RCC_APB1PeriphResetCmd
    stm32f10x_spi.o(.text) refers to stm32f10x_rcc.o(.text) for RCC_APB2PeriphResetCmd
    stm32f10x_tim.o(.text) refers to stm32f10x_rcc.o(.text) for RCC_APB2PeriphResetCmd
    stm32f10x_usart.o(.text) refers to stm32f10x_rcc.o(.text) for RCC_APB2PeriphResetCmd
    stm32f10x_wwdg.o(.text) refers to stm32f10x_rcc.o(.text) for RCC_APB1PeriphResetCmd
    lcd.o(.text) refers to stm32f10x_gpio.o(.text) for GPIO_Init
    lcd.o(.text) refers to stm32f10x_rcc.o(.text) for RCC_APB2PeriphClockCmd
    lcd.o(.text) refers to lcd.o(.data) for dummy
    lcd.o(.text) refers to lcd.o(.constdata) for ASCII_Table
    main.o(.text) refers to _printf_percent.o(.ARM.Collect$$_printf_percent$$00000000) for _printf_percent
    main.o(.text) refers to _printf_d.o(.ARM.Collect$$_printf_percent$$00000009) for _printf_d
    main.o(.text) refers to _printf_f.o(.ARM.Collect$$_printf_percent$$00000003) for _printf_f
    main.o(.text) refers to _printf_dec.o(.text) for _printf_int_dec
    main.o(.text) refers to printf1.o(x$fpl$printf1) for _printf_fp_dec
    main.o(.text) refers to f2d.o(x$fpl$f2d) for __aeabi_f2d
    main.o(.text) refers to stm32f10x_adc.o(.text) for ADC_GetConversionValue
    main.o(.text) refers to dflt_clz.o(x$fpl$dfltu) for __aeabi_ui2d
    main.o(.text) refers to dmul.o(x$fpl$dmul) for __aeabi_dmul
    main.o(.text) refers to d2f.o(x$fpl$d2f) for __aeabi_d2f
    main.o(.text) refers to fdiv.o(x$fpl$fdiv) for __aeabi_fdiv
    main.o(.text) refers to noretval__2sprintf.o(.text) for __2sprintf
    main.o(.text) refers to stm32f10x_usart.o(.text) for USART_SendData
    main.o(.text) refers to ddiv.o(x$fpl$ddiv) for __aeabi_ddiv
    main.o(.text) refers to lcd.o(.text) for LCD_DisplayStringLine
    main.o(.text) refers to stm32f10x_rtc.o(.text) for RTC_GetCounter
    main.o(.text) refers to stm32f10x_gpio.o(.text) for GPIO_ReadInputDataBit
    main.o(.text) refers to drleqf.o(x$fpl$drleqf) for __aeabi_cdrcmple
    main.o(.text) refers to key.o(.text) for led_ctrol
    main.o(.text) refers to main.o(.data) for TimingDelay
    main.o(.text) refers to main.o(.bss) for buf
    main.o(.text) refers to usart.o(.text) for usart_init
    main.o(.text) refers to adc.o(.text) for adc_init
    main.o(.text) refers to rtc_1.o(.text) for RTC_Configuration
    main.o(.text) refers to i2c.o(.text) for i2c_init
    main.o(.text) refers to e2prom.o(.text) for x24c02_read
    main.o(.text) refers to fflt_clz.o(x$fpl$ffltu) for __aeabi_ui2f
    main.o(.text) refers to fflt_clz.o(x$fpl$fflt) for __aeabi_i2f
    main.o(.text) refers to fmul.o(x$fpl$fmul) for __aeabi_fmul
    main.o(.text) refers to ffixu.o(x$fpl$ffixu) for __aeabi_f2uiz
    main.o(.text) refers to system_stm32f10x.o(.data) for SystemCoreClock
    main.o(.text) refers to stm32f10x_it.o(.data) for RXOVER
    stm32f10x_it.o(.text) refers to stm32f10x_usart.o(.text) for USART_GetITStatus
    stm32f10x_it.o(.text) refers to stm32f10x_rtc.o(.text) for RTC_GetITStatus
[...]
    ../clib/signal.c                         0x00000000   Number         0  defsig_other.o ABSOLUTE
    ../clib/signal.c                         0x00000000   Number         0  defsig_segv_inner.o ABSOLUTE
    ../clib/signal.c                         0x00000000   Number         0  defsig_pvfn_inner.o ABSOLUTE
    ../clib/signal.c                         0x00000000   Number         0  defsig_rtmem_inner.o ABSOLUTE
    ../clib/signal.c                         0x00000000   Number         0  defsig_stak_inner.o ABSOLUTE
    ../clib/signal.c                         0x00000000   Number         0  defsig_general.o ABSOLUTE
    ../clib/signal.s                         0x00000000   Number         0  defsig.o ABSOLUTE
    ../clib/stdlib.c                         0x00000000   Number         0  exit.o ABSOLUTE
    ../fplib/d2f.s                           0x00000000   Number         0  d2f.o ABSOLUTE
    ../fplib/dcmpi.s                         0x00000000   Number         0  dcmpi.o ABSOLUTE
    ../fplib/ddiv.s                          0x00000000   Number         0  ddiv.o ABSOLUTE
    ../fplib/dflt.s                          0x00000000   Number         0  dflt_clz.o ABSOLUTE
    ../fplib/dleqf.s                         0x00000000   Number         0  dleqf.o ABSOLUTE
    ../fplib/dmul.s                          0x00000000   Number         0  dmul.o ABSOLUTE
    ../fplib/dnaninf.s                       0x00000000   Number         0  dnaninf.o ABSOLUTE
    ../fplib/dretinf.s                       0x00000000   Number         0  dretinf.o ABSOLUTE
    ../fplib/drleqf.s                        0x00000000   Number         0  drleqf.o ABSOLUTE
    ../fplib/f2d.s                           0x00000000   Number         0  f2d.o ABSOLUTE
    ../fplib/fdiv.s                          0x00000000   Number         0  fdiv.o ABSOLUTE
    ../fplib/ffixu.s                         0x00000000   Number         0  ffixu.o ABSOLUTE
    ../fplib/fflt.s                          0x00000000   Number         0  fflt_clz.o ABSOLUTE
    ../fplib/fmul.s                          0x00000000   Number         0  fmul.o ABSOLUTE
    ../fplib/fnaninf.s                       0x00000000   Number         0  fnaninf.o ABSOLUTE
    ../fplib/fpinit.s                        0x00000000   Number         0  fpinit.o ABSOLUTE
    ../fplib/fretinf.s                       0x00000000   Number         0  fretinf.o ABSOLUTE
    ../fplib/istatus.s                       0x00000000   Number         0  istatus.o ABSOLUTE
    ../fplib/printf1.s                       0x00000000   Number         0  printf1.o ABSOLUTE
    ../fplib/usenofp.s                       0x00000000   Number         0  usenofp.o ABSOLUTE
    ../mathlib/fpclassify.c                  0x00000000   Number         0  fpclassify.o ABSOLUTE
    ..\HARDWARE\ADC\adc.c                    0x00000000   Number         0  adc.o ABSOLUTE
    ..\HARDWARE\E2PROM\e2prom.c              0x00000000   Number         0  e2prom.o ABSOLUTE
    ..\HARDWARE\KEY\key.c                    0x00000000   Number         0  key.o ABSOLUTE
    ..\HARDWARE\RTC\rtc.c                    0x00000000   Number         0  rtc_1.o ABSOLUTE
    ..\HARDWARE\USART\usart.c                0x00000000   Number         0  usart.o ABSOLUTE
    ..\Libraries\CMSIS\CM3\CoreSupport\core_cm3.c 0x00000000   Number         0  core_cm3.o ABSOLUTE
    ..\Libraries\CMSIS\CM3\DeviceSupport\ST\STM32F10x\startup\arm\startup_stm32f10x_md.s 0x00000000   Number         0  startup_stm32f10x_md.o ABSOLUTE
    ..\Libraries\CMSIS\CM3\DeviceSupport\ST\STM32F10x\system_stm32f10x.c 0x00000000   Number         0  system_stm32f10x.o ABSOLUTE
    ..\Libraries\STM32F10x_StdPeriph_Driver\src\misc.c 0x00000000   Number         0  misc.o ABSOLUTE
    ..\Libraries\STM32F10x_StdPeriph_Driver\src\stm32f10x_adc.c 0x00000000   Number         0  stm32f10x_adc.o ABSOLUTE
    ..\Libraries\STM32F10x_StdPeriph_Driver\src\stm32f10x_bkp.c 0x00000000   Number         0  stm32f10x_bkp.o ABSOLUTE
    ..\Libraries\STM32F10x_StdPeriph_Driver\src\stm32f10x_can.c 0x00000000   Number         0  stm32f10x_can.o ABSOLUTE
    ..\Libraries\STM32F10x_StdPeriph_Driver\src\stm32f10x_cec.c 0x00000000   Number         0  stm32f10x_cec.o ABSOLUTE
    ..\Libraries\STM32F10x_StdPeriph_Driver\src\stm32f10x_crc.c 0x00000000   Number         0  stm32f10x_crc.o ABSOLUTE
    ..\Libraries\STM32F10x_StdPeriph_Driver\src\stm32f10x_dac.c 0x00000000   Number         0  stm32f10x_dac.o ABSOLUTE
    ..\Libraries\STM32F10x_StdPeriph_Driver\src\stm32f10x_dbgmcu.c 0x00000000   Number         0  stm32f10x_dbgmcu.o ABSOLUTE
    ..\Libraries\STM32F10x_StdPeriph_Driver\src\stm32f10x_dma.c 0x00000000   Number         0  stm32f10x_dma.o ABSOLUTE
    ..\Libraries\STM32F10x_StdPeriph_Driver\src\stm32f10x_exti.c 0x00000000   Number         0  stm32f10x_exti.o ABSOLUTE
    ..\Libraries\STM32F10x_StdPeriph_Driver\src\stm32f10x_flash.c 0x00000000   Number         0  stm32f10x_flash.o ABSOLUTE
    ..\Libraries\STM32F10x_StdPeriph_Driver\src\stm32f10x_fsmc.c 0x00000000   Number         0  stm32f10x_fsmc.o ABSOLUTE
    ..\Libraries\STM32F10x_StdPeriph_Driver\src\stm32f10x_gpio.c 0x00000000   Number         0  stm32f10x_gpio.o ABSOLUTE
    ..\Libraries\STM32F10x_StdPeriph_Driver\src\stm32f10x_i2c.c 0x00000000   Number         0  stm32f10x_i2c.o ABSOLUTE
    ..\Libraries\STM32F10x_StdPeriph_Driver\src\stm32f10x_iwdg.c 0x00000000   Number         0  stm32f10x_iwdg.o ABSOLUTE
    ..\Libraries\STM32F10x_StdPeriph_Driver\src\stm32f10x_pwr.c 0x00000000   Number         0  stm32f10x_pwr.o ABSOLUTE
    ..\Libraries\STM32F10x_StdPeriph_Driver\src\stm32f10x_rcc.c 0x00000000   Number         0  stm32f10x_rcc.o ABSOLUTE
    ..\Libraries\STM32F10x_StdPeriph_Driver\src\stm32f10x_rtc.c 0x00000000   Number         0  stm32f10x_rtc.o ABSOLUTE
    ..\Libraries\STM32F10x_StdPeriph_Driver\src\stm32f10x_sdio.c 0x00000000   Number         0  stm32f10x_sdio.o ABSOLUTE
    ..\Libraries\STM32F10x_StdPeriph_Driver\src\stm32f10x_spi.c 0x00000000   Number         0  stm32f10x_spi.o ABSOLUTE
    ..\Libraries\STM32F10x_StdPeriph_Driver\src\stm32f10x_tim.c 0x00000000   Number         0  stm32f10x_tim.o ABSOLUTE
    ..\Libraries\STM32F10x_StdPeriph_Driver\src\stm32f10x_usart.c 0x00000000   Number         0  stm32f10x_usart.o ABSOLUTE
    ..\Libraries\STM32F10x_StdPeriph_Driver\src\stm32f10x_wwdg.c 0x00000000   Number         0  stm32f10x_wwdg.o ABSOLUTE
    ..\Sre\i2c.c                             0x00000000   Number         0  i2c.o ABSOLUTE
    ..\Sre\lcd.c                             0x00000000   Number         0  lcd.o ABSOLUTE
    ..\Sre\main.c                            0x00000000   Number         0  main.o ABSOLUTE
    ..\Sre\stm32f10x_it.c                    0x00000000   Number         0  stm32f10x_it.o ABSOLUTE
    ..\\HARDWARE\\ADC\\adc.c                 0x00000000   Number         0  adc.o ABSOLUTE
    ..\\HARDWARE\\E2PROM\\e2prom.c           0x00000000   Number         0  e2prom.o ABSOLUTE
    ..\\HARDWARE\\KEY\\key.c                 0x00000000   Number         0  key.o ABSOLUTE
    ..\\HARDWARE\\RTC\\rtc.c                 0x00000000   Number         0  rtc_1.o ABSOLUTE
    ..\\HARDWARE\\USART\\usart.c             0x00000000   Number         0  usart.o ABSOLUTE
    ..\\Libraries\\CMSIS\\CM3\\CoreSupport\\core_cm3.c 0x00000000   Number         0  core_cm3.o ABSOLUTE
    ..\\Libraries\\CMSIS\\CM3\\DeviceSupport\\ST\\STM32F10x\\system_stm32f10x.c 0x00000000   Number         0  system_stm32f10x.o ABSOLUTE
    ..\\Libraries\\STM32F10x_StdPeriph_Driver\\src\\misc.c 0x00000000   Number         0  misc.o ABSOLUTE
    ..\\Libraries\\STM32F10x_StdPeriph_Driver\\src\\stm32f10x_adc.c 0x00000000   Number         0  stm32f10x_adc.o ABSOLUTE
    ..\\Libraries\\STM32F10x_StdPeriph_Driver\\src\\stm32f10x_bkp.c 0x00000000   Number         0  stm32f10x_bkp.o ABSOLUTE
    ..\\Libraries\\STM32F10x_StdPeriph_Driver\\src\\stm32f10x_can.c 0x00000000   Number         0  stm32f10x_can.o ABSOLUTE
    ..\\Libraries\\STM32F10x_StdPeriph_Driver\\src\\stm32f10x_cec.c 0x00000000   Number         0  stm32f10x_cec.o ABSOLUTE
    ..\\Libraries\\STM32F10x_StdPeriph_Driver\\src\\stm32f10x_crc.c 0x00000000   Number         0  stm32f10x_crc.o ABSOLUTE
    ..\\Libraries\\STM32F10x_StdPeriph_Driver\\src\\stm32f10x_dac.c 0x00000000   Number         0  stm32f10x_dac.o ABSOLUTE
    ..\\Libraries\\STM32F10x_StdPeriph_Driver\\src\\stm32f10x_dbgmcu.c 0x00000000   Number         0  stm32f10x_dbgmcu.o ABSOLUTE
    ..\\Libraries\\STM32F10x_StdPeriph_Driver\\src\\stm32f10x_dma.c 0x00000000   Number         0  stm32f10x_dma.o ABSOLUTE
    ..\\Libraries\\STM32F10x_StdPeriph_Driver\\src\\stm32f10x_exti.c 0x00000000   Number         0  stm32f10x_exti.o ABSOLUTE
    ..\\Libraries\\STM32F10x_StdPeriph_Driver\\src\\stm32f10x_flash.c 0x00000000   Number         0  stm32f10x_flash.o ABSOLUTE
    ..\\Libraries\\STM32F10x_StdPeriph_Driver\\src\\stm32f10x_fsmc.c 0x00000000   Number         0  stm32f10x_fsmc.o ABSOLUTE
    ..\\Libraries\\STM32F10x_StdPeriph_Driver\\src\\stm32f10x_gpio.c 0x00000000   Number         0  stm32f10x_gpio.o ABSOLUTE
    ..\\Libraries\\STM32F10x_StdPeriph_Driver\\src\\stm32f10x_i2c.c 0x00000000   Number         0  stm32f10x_i2c.o ABSOLUTE
    ..\\Libraries\\STM32F10x_StdPeriph_Driver\\src\\stm32f10x_iwdg.c 0x00000000   Number         0  stm32f10x_iwdg.o ABSOLUTE
    ..\\Libraries\\STM32F10x_StdPeriph_Driver\\src\\stm32f10x_pwr.c 0x00000000   Number         0  stm32f10x_pwr.o ABSOLUTE
    ..\\Libraries\\STM32F10x_StdPeriph_Driver\\src\\stm32f10x_rcc.c 0x00000000   Number         0  stm32f10x_rcc.o ABSOLUTE
    ..\\Libraries\\STM32F10x_StdPeriph_Driver\\src\\stm32f10x_rtc.c 0x00000000   Number         0  stm32f10x_rtc.o ABSOLUTE
    ..\\Libraries\\STM32F10x_StdPeriph_Driver\\src\\stm32f10x_sdio.c 0x00000000   Number         0  stm32f10x_sdio.o ABSOLUTE
    ..\\Libraries\\STM32F10x_StdPeriph_Driver\\src\\stm32f10x_spi.c 0x00000000   Number         0  stm32f10x_spi.o ABSOLUTE
    ..\\Libraries\\STM32F10x_StdPeriph_Driver\\src\\stm32f10x_tim.c 0x00000000   Number         0  stm32f10x_tim.o ABSOLUTE
    ..\\Libraries\\STM32F10x_StdPeriph_Driver\\src\\stm32f10x_usart.c 0x00000000   Number         0  stm32f10x_usart.o ABSOLUTE
    ..\\Libraries\\STM32F10x_StdPeriph_Driver\\src\\stm32f10x_wwdg.c 0x00000000   Number         0  stm32f10x_wwdg.o ABSOLUTE
    ..\\Sre\\i2c.c                           0x00000000   Number         0  i2c.o ABSOLUTE
    ..\\Sre\\lcd.c                           0x00000000   Number         0  lcd.o ABSOLUTE
    ..\\Sre\\main.c                          0x00000000   Number         0  main.o ABSOLUTE
    ..\\Sre\\stm32f10x_it.c                  0x00000000   Number         0  stm32f10x_it.o ABSOLUTE
    dc.s                                     0x00000000   Number         0  dc.o ABSOLUTE
    RESET                                    0x08000000   Section      236  startup_stm32f10x_md.o(RESET)
    !!!main                                  0x080000ec   Section        8  __main.o(!!!main)
    !!!scatter                               0x080000f4   Section       52  __scatter.o(!!!scatter)
    !!handler_copy                           0x08000128   Section       26  __scatter_copy.o(!!handler_copy)
    !!handler_zi                             0x08000144   Section       28  __scatter_zi.o(!!handler_zi)
    .ARM.Collect$$_printf_percent$$00000000  0x08000160   Section        0  _printf_percent.o(.ARM.Collect$$_printf_percent$$00000000)
    .ARM.Collect$$_printf_percent$$00000003  0x08000160   Section        6  _printf_f.o(.ARM.Collect$$_printf_percent$$00000003)
    .ARM.Collect$$_printf_percent$$00000009  0x08000166   Section        6  _printf_d.o(.ARM.Collect$$_printf_percent$$00000009)
    .ARM.Collect$$_printf_percent$$00000017  0x0800016c   Section        4  _printf_percent_end.o(.ARM.Collect$$_printf_percent$$00000017)
    .ARM.Collect$$libinit$$00000000          0x08000170   Section        2  libinit.o(.ARM.Collect$$libinit$$00000000)
    .ARM.Collect$$libinit$$00000002          0x08000172   Section        0  libinit2.o(.ARM.Collect$$libinit$$00000002)
    .ARM.Collect$$libinit$$00000004          0x08000172   Section        0  libinit2.o(.ARM.Collect$$libinit$$00000004)
    .ARM.Collect$$libinit$$0000000A          0x08000172   Section        0  libinit2.o(.ARM.Collect$$libinit$$0000000A)
    .ARM.Collect$$libinit$$0000000C          0x08000172   Section        0  libinit2.o(.ARM.Collect$$libinit$$0000000C)
    .ARM.Collect$$libinit$$0000000E          0x08000172   Section        0  libinit2.o(.ARM.Collect$$libinit$$0000000E)
    .ARM.Collect$$libinit$$0000000F          0x08000172   Section        6  libinit2.o(.ARM.Collect$$libinit$$0000000F)
    .ARM.Collect$$libinit$$00000011          0x08000178   Section        0  libinit2.o(.ARM.Collect$$libinit$$00000011)
    .ARM.Collect$$libinit$$00000013          0x08000178   Section        0  libinit2.o(.ARM.Collect$$libinit$$00000013)
    .ARM.Collect$$libinit$$00000015          0x08000178   Section        0  libinit2.o(.ARM.Collect$$libinit$$00000015)
    .ARM.Collect$$libinit$$00000016          0x08000178   Section       10  libinit2.o(.ARM.Collect$$libinit$$00000016)
    .ARM.Collect$$libinit$$00000017          0x08000182   Section        0  libinit2.o(.ARM.Collect$$libinit$$00000017)
    .ARM.Collect$$libinit$$00000019          0x08000182   Section        0  libinit2.o(.ARM.Collect$$libinit$$00000019)
    .ARM.Collect$$libinit$$0000001B          0x08000182   Section        0  libinit2.o(.ARM.Collect$$libinit$$0000001B)
    .ARM.Collect$$libinit$$0000001D          0x08000182   Section        0  libinit2.o(.ARM.Collect$$libinit$$0000001D)
    .ARM.Collect$$libinit$$0000001F          0x08000182   Section        0  libinit2.o(.ARM.Collect$$libinit$$0000001F)
    .ARM.Collect$$libinit$$00000021          0x08000182   Section        0  libinit2.o(.ARM.Collect$$libinit$$00000021)
    .ARM.Collect$$libinit$$00000023          0x08000182   Section        0  libinit2.o(.ARM.Collect$$libinit$$00000023)
    .ARM.Collect$$libinit$$00000025          0x08000182   Section        0  libinit2.o(.ARM.Collect$$libinit$$00000025)
    .ARM.Collect$$libinit$$0000002C          0x08000182   Section        0  libinit2.o(.ARM.Collect$$libinit$$0000002C)
    .ARM.Collect$$libinit$$0000002E          0x08000182   Section        0  libinit2.o(.ARM.Collect$$libinit$$0000002E)
    .ARM.Collect$$libinit$$00000030          0x08000182   Section        0  libinit2.o(.ARM.Collect$$libinit$$00000030)
    .ARM.Collect$$libinit$$00000032          0x08000182   Section        0  libinit2.o(.ARM.Collect$$libinit$$00000032)
    .ARM.Collect$$libinit$$00000033          0x08000182   Section        2  libinit2.o(.ARM.Collect$$libinit$$00000033)
    .ARM.Collect$$libshutdown$$00000000      0x08000184   Section        2  libshutdown.o(.ARM.Collect$$libshutdown$$00000000)
    .ARM.Collect$$libshutdown$$00000002      0x08000186   Section        0  libshutdown2.o(.ARM.Collect$$libshutdown$$00000002)
    .ARM.Collect$$libshutdown$$00000004      0x08000186   Section        0  libshutdown2.o(.ARM.Collect$$libshutdown$$00000004)
    .ARM.Collect$$libshutdown$$00000007      0x08000186   Section        0  libshutdown2.o(.ARM.Collect$$libshutdown$$00000007)
    .ARM.Collect$$libshutdown$$0000000A      0x08000186   Section        0  libshutdown2.o(.ARM.Collect$$libshutdown$$0000000A)
    .ARM.Collect$$libshutdown$$0000000C      0x08000186   Section        0  libshutdown2.o(.ARM.Collect$$libshutdown$$0000000C)
    .ARM.Collect$$libshutdown$$0000000F      0x08000186   Section        0  libshutdown2.o(.ARM.Collect$$libshutdown$$0000000F)
    .ARM.Collect$$libshutdown$$00000010      0x08000186   Section        2  libshutdown2.o(.ARM.Collect$$libshutdown$$00000010)
    .ARM.Collect$$rtentry$$00000000          0x08000188   Section        0  __rtentry.o(.ARM.Collect$$rtentry$$00000000)
    .ARM.Collect$$rtentry$$00000002          0x08000188   Section        0  __rtentry2.o(.ARM.Collect$$rtentry$$00000002)
    .ARM.Collect$$rtentry$$00000004          0x08000188   Section        6  __rtentry4.o(.ARM.Collect$$rtentry$$00000004)
    .ARM.Collect$$rtentry$$00000009          0x0800018e   Section        0  __rtentry2.o(.ARM.Collect$$rtentry$$00000009)
    .ARM.Collect$$rtentry$$0000000A          0x0800018e   Section        4  __rtentry2.o(.ARM.Collect$$rtentry$$0000000A)
    .ARM.Collect$$rtentry$$0000000C          0x08000192   Section        0  __rtentry2.o(.ARM.Collect$$rtentry$$0000000C)
    .ARM.Collect$$rtentry$$0000000D          0x08000192   Section        8  __rtentry2.o(.ARM.Collect$$rtentry$$0000000D)
    .ARM.Collect$$rtexit$$00000000           0x0800019a   Section        2  rtexit.o(.ARM.Collect$$rtexit$$00000000)
    .ARM.Collect$$rtexit$$00000002           0x0800019c   Section        0  rtexit2.o(.ARM.Collect$$rtexit$$00000002)
    .ARM.Collect$$rtexit$$00000003           0x0800019c   Section        4  rtexit2.o(.ARM.Collect$$rtexit$$00000003)
    .ARM.Collect$$rtexit$$00000004           0x080001a0   Section        6  rtexit2.o(.ARM.Collect$$rtexit$$00000004)
    .text                                    0x080001a8   Section       64  startup_stm32f10x_md.o(.text)
    .text                                    0x080001e8   Section        0  system_stm32f10x.o(.text)
    SetSysClockTo72                          0x080001e9   Thumb Code   214  system_stm32f10x.o(.text)
    SetSysClock                              0x080002bf   Thumb Code     8  system_stm32f10x.o(.text)
    .text                                    0x080003c8   Section        0  stm32f10x_gpio.o(.text)
    .text                                    0x08000724   Section        0  stm32f10x_rcc.o(.text)
    .text                                    0x08000ac8   Section        0  misc.o(.text)
    .text                                    0x08000ba4   Section        0  stm32f10x_rtc.o(.text)
    .text                                    0x08000cec   Section        0  stm32f10x_adc.o(.text)
    .text                                    0x0800113c   Section        0  stm32f10x_bkp.o(.text)
    .text                                    0x08001200   Section        0  stm32f10x_pwr.o(.text)
    .text                                    0x080012cc   Section        0  stm32f10x_usart.o(.text)
    .text                                    0x080016d4   Section        0  lcd.o(.text)
    .text                                    0x080020c4   Section        0  main.o(.text)
    .text                                    0x08002894   Section        0  stm32f10x_it.o(.text)
    .text                                    0x08002948   Section        0  i2c.o(.text)
    .text                                    0x08002be0   Section        0  rtc_1.o(.text)
    .text                                    0x08002c60   Section        0  adc.o(.text)
    .text                                    0x08002cf4   Section        0  e2prom.o(.text)
    .text                                    0x08002d60   Section        0  key.o(.text)
    .text                                    0x08002e0c   Section        0  usart.o(.text)
    .text                                    0x08002eb4   Section        0  noretval__2sprintf.o(.text)
    .text                                    0x08002edc   Section        0  _printf_dec.o(.text)
    .text                                    0x08002f54   Section        0  __printf_wp.o(.text)
    .text                                    0x08003062   Section        0  heapauxi.o(.text)
    .text                                    0x08003068   Section        0  _printf_intcommon.o(.text)
    .text                                    0x0800311a   Section        0  _printf_fp_dec.o(.text)
    _fp_digits                               0x0800311d   Thumb Code   428  _printf_fp_dec.o(.text)
    .text                                    0x08003534   Section        0  _printf_char_common.o(.text)
    _printf_input_char                       0x08003535   Thumb Code    10  _printf_char_common.o(.text)
    .text                                    0x08003564   Section        0  _sputc.o(.text)
    .text                                    0x08003570   Section        8  rt_locale_intlibspace.o(.text)
    .text                                    0x08003578   Section      138  lludiv10.o(.text)
    .text                                    0x08003604   Section        0  _printf_fp_infnan.o(.text)
    .text                                    0x08003684   Section        0  bigflt0.o(.text)
    .text                                    0x08003760   Section        8  libspace.o(.text)
    .text                                    0x08003768   Section       74  sys_stackheap_outer.o(.text)
    .text                                    0x080037b2   Section        0  exit.o(.text)
    .text                                    0x080037c4   Section      128  strcmpv7m.o(.text)
    .text                                    0x08003844   Section        0  sys_exit.o(.text)
    .text                                    0x08003850   Section        2  use_no_semi.o(.text)
    .text                                    0x08003852   Section        0  indicate_semi.o(.text)
    CL$$btod_d2e                             0x08003852   Section       62  btod.o(CL$$btod_d2e)
    CL$$btod_d2e_denorm_low                  0x08003890   Section       70  btod.o(CL$$btod_d2e_denorm_low)
    CL$$btod_d2e_norm_op1                    0x080038d6   Section       96  btod.o(CL$$btod_d2e_norm_op1)
    CL$$btod_div_common                      0x08003936   Section      824  btod.o(CL$$btod_div_common)
    CL$$btod_e2e                             0x08003c6e   Section      198  btod.o(CL$$btod_e2e)
    CL$$btod_ediv                            0x08003d34   Section       40  btod.o(CL$$btod_ediv)
    CL$$btod_emul                            0x08003d5c   Section       40  btod.o(CL$$btod_emul)
    CL$$btod_mult_common                     0x08003d84   Section      580  btod.o(CL$$btod_mult_common)
    i.__ARM_fpclassify                       0x08003fc8   Section        0  fpclassify.o(i.__ARM_fpclassify)
    i._is_digit                              0x08003ff0   Section        0  __printf_wp.o(i._is_digit)
    locale$$code                             0x08004000   Section       44  lc_numeric_c.o(locale$$code)
    x$fpl$d2f                                0x0800402c   Section       98  d2f.o(x$fpl$d2f)
    x$fpl$dcmpinf                            0x0800408e   Section       24  dcmpi.o(x$fpl$dcmpinf)
    x$fpl$ddiv                               0x080040a8   Section      688  ddiv.o(x$fpl$ddiv)
    ddiv_entry                               0x080040af   Thumb Code     0  ddiv.o(x$fpl$ddiv)
    x$fpl$dfltu                              0x08004358   Section       38  dflt_clz.o(x$fpl$dfltu)
    x$fpl$dleqf                              0x08004380   Section      120  dleqf.o(x$fpl$dleqf)
    x$fpl$dmul                               0x080043f8   Section      340  dmul.o(x$fpl$dmul)
    x$fpl$dnaninf                            0x0800454c   Section      156  dnaninf.o(x$fpl$dnaninf)
    x$fpl$dretinf                            0x080045e8   Section       12  dretinf.o(x$fpl$dretinf)
    x$fpl$drleqf                             0x080045f4   Section      108  drleqf.o(x$fpl$drleqf)
    x$fpl$f2d                                0x08004660   Section       86  f2d.o(x$fpl$f2d)
    x$fpl$fdiv                               0x080046b8   Section      388  fdiv.o(x$fpl$fdiv)
    _fdiv1                                   0x080046b9   Thumb Code     0  fdiv.o(x$fpl$fdiv)
    x$fpl$ffixu                              0x0800483c   Section       62  ffixu.o(x$fpl$ffixu)
    x$fpl$fflt                               0x0800487c   Section       48  fflt_clz.o(x$fpl$fflt)
    x$fpl$ffltu                              0x080048ac   Section       38  fflt_clz.o(x$fpl$ffltu)
    x$fpl$fmul                               0x080048d4   Section      258  fmul.o(x$fpl$fmul)
    x$fpl$fnaninf                            0x080049d6   Section      140  fnaninf.o(x$fpl$fnaninf)
    x$fpl$fretinf                            0x08004a62   Section       10  fretinf.o(x$fpl$fretinf)
    x$fpl$printf1                            0x08004a6c   Section        4  printf1.o(x$fpl$printf1)
    .constdata                               0x08004a70   Section     4560  lcd.o(.constdata)
    x$fpl$usenofp                            0x08004a70   Section        0  usenofp.o(x$fpl$usenofp)
    .constdata                               0x08005c40   Section      148  bigflt0.o(.constdata)
    tenpwrs_x                                0x08005c40   Data          60  bigflt0.o(.constdata)
    tenpwrs_i                                0x08005c7c   Data          64  bigflt0.o(.constdata)
    locale$$data                             0x08005cf4   Section       28  lc_numeric_c.o(locale$$data)
    __lcnum_c_name                           0x08005cf8   Data           2  lc_numeric_c.o(locale$$data)
    __lcnum_c_start                          0x08005d00   Data           0  lc_numeric_c.o(locale$$data)
    __lcnum_c_point                          0x08005d0c   Data           0  lc_numeric_c.o(locale$$data)
    __lcnum_c_thousands                      0x08005d0e   Data           0  lc_numeric_c.o(locale$$data)
    __lcnum_c_grouping                       0x08005d0f   Data           0  lc_numeric_c.o(locale$$data)
    __lcnum_c_end                            0x08005d10   Data           0  lc_numeric_c.o(locale$$data)
    .data                                    0x20000000   Section       20  system_stm32f10x.o(.data)
    .data                                    0x20000014   Section       20  stm32f10x_rcc.o(.data)
    APBAHBPrescTable                         0x20000014   Data          16  stm32f10x_rcc.o(.data)
    ADCPrescTable                            0x20000024   Data           4  stm32f10x_rcc.o(.data)
    .data                                    0x20000028   Section        6  lcd.o(.data)
    TextColor                                0x20000028   Data           2  lcd.o(.data)
    BackColor                                0x2000002a   Data           2  lcd.o(.data)
    .data                                    0x20000030   Section       44  main.o(.data)
    .data                                    0x2000005c   Section        2  stm32f10x_it.o(.data)
    .bss                                     0x20000060   Section      110  main.o(.bss)
    .bss                                     0x200000d0   Section       96  libspace.o(.bss)
    HEAP                                     0x20000130   Section      512  startup_stm32f10x_md.o(HEAP)
    Heap_Mem                                 0x20000130   Data         512  startup_stm32f10x_md.o(HEAP)
    STACK                                    0x20000330   Section     1024  startup_stm32f10x_md.o(STACK)
    Stack_Mem                                0x20000330   Data        1024  startup_stm32f10x_md.o(STACK)
    __initial_sp                             0x20000730   Data           0  startup_stm32f10x_md.o(STACK)

    Global Symbols

    Symbol Name                              Value     Ov Type        Size  Object(Section)

    BuildAttributes$$THM_ISAv4$P$D$K$B$S$PE$A:L22UL41UL21$X:L11$S22US41US21$IEEE1$IW$USESV6$~STKCKD$USESV7$~SHL$OTIME$ROPI$IEEEJ$EBA8$UX$STANDARDLIB$REQ8$PRES8$EABIv2 0x00000000   Number         0  anon$$obj.o ABSOLUTE
    __ARM_use_no_argv                        0x00000000   Number         0  main.o ABSOLUTE
    _printf_flags                            0x00000000   Number         0  printf_stubs.o ABSOLUTE
    _printf_return_value                     0x00000000   Number         0  printf_stubs.o ABSOLUTE
    _printf_sizespec                         0x00000000   Number         0  printf_stubs.o ABSOLUTE
    _printf_widthprec                        0x00000000   Number         0  printf_stubs.o ABSOLUTE
    __ARM_exceptions_init                     - Undefined Weak Reference
    __alloca_initialize                       - Undefined Weak Reference
    __arm_preinit_                            - Undefined Weak Reference
    __cpp_initialize__aeabi_                  - Undefined Weak Reference
    __cxa_finalize                            - Undefined Weak Reference
    __sigvec_lookup                           - Undefined Weak Reference
    _atexit_init                              - Undefined Weak Reference
    _call_atexit_fns                          - Undefined Weak Reference
    _clock_init                               - Undefined Weak Reference
    _fp_trap_init                             - Undefined Weak Reference
    _fp_trap_shutdown                         - Undefined Weak Reference
    _get_lc_collate                           - Undefined Weak Reference
    _get_lc_ctype                             - Undefined Weak Reference
    _get_lc_monetary                          - Undefined Weak Reference
    _get_lc_time                              - Undefined Weak Reference
    _getenv_init                              - Undefined Weak Reference
    _handle_redirection                       - Undefined Weak Reference
    _init_alloc                               - Undefined Weak Reference
    _init_user_alloc                          - Undefined Weak Reference
    _initio                                   - Undefined Weak Reference
    _printf_post_padding                      - Undefined Weak Reference
    _printf_pre_padding                       - Undefined Weak Reference
    _printf_truncate_signed                   - Undefined Weak Reference
    _printf_truncate_unsigned                 - Undefined Weak Reference
    _rand_init                                - Undefined Weak Reference
    _signal_finish                            - Undefined Weak Reference
    _signal_init                              - Undefined Weak Reference
    _terminate_alloc                          - Undefined Weak Reference
    _terminate_user_alloc                     - Undefined Weak Reference
    _terminateio                              - Undefined Weak Reference
    __Vectors_Size                           0x000000ec   Number         0  startup_stm32f10x_md.o ABSOLUTE
    __Vectors                                0x08000000   Data           4  startup_stm32f10x_md.o(RESET)
    __Vectors_End                            0x080000ec   Data           0  startup_stm32f10x_md.o(RESET)
    __main                                   0x080000ed   Thumb Code     8  __main.o(!!!main)
    __scatterload                            0x080000f5   Thumb Code     0  __scatter.o(!!!scatter)
    __scatterload_rt2                        0x080000f5   Thumb Code    44  __scatter.o(!!!scatter)
    __scatterload_rt2_thumb_only             0x080000f5   Thumb Code     0  __scatter.o(!!!scatter)
    __scatterload_null                       0x08000103   Thumb Code     0  __scatter.o(!!!scatter)
    __scatterload_copy                       0x08000129   Thumb Code    26  __scatter_copy.o(!!handler_copy)
    __scatterload_zeroinit                   0x08000145   Thumb Code    28  __scatter_zi.o(!!handler_zi)
    _printf_f                                0x08000161   Thumb Code     0  _printf_f.o(.ARM.Collect$$_printf_percent$$00000003)
    _printf_percent                          0x08000161   Thumb Code     0  _printf_percent.o(.ARM.Collect$$_printf_percent$$00000000)
    _printf_d                                0x08000167   Thumb Code     0  _printf_d.o(.ARM.Collect$$_printf_percent$$00000009)
    _printf_percent_end                      0x0800016d   Thumb Code     0  _printf_percent_end.o(.ARM.Collect$$_printf_percent$$00000017)
    __rt_lib_init                            0x08000171   Thumb Code     0  libinit.o(.ARM.Collect$$libinit$$00000000)
    __rt_lib_init_fp_1                       0x08000173   Thumb Code     0  libinit2.o(.ARM.Collect$$libinit$$00000002)
    __rt_lib_init_heap_1                     0x08000173   Thumb Code     0  libinit2.o(.ARM.Collect$$libinit$$0000000A)
    __rt_lib_init_lc_common                  0x08000173   Thumb Code     0  libinit2.o(.ARM.Collect$$libinit$$0000000F)
    __rt_lib_init_preinit_1                  0x08000173   Thumb Code     0  libinit2.o(.ARM.Collect$$libinit$$00000004)
    __rt_lib_init_rand_1                     0x08000173   Thumb Code     0  libinit2.o(.ARM.Collect$$libinit$$0000000E)
    __rt_lib_init_user_alloc_1               0x08000173   Thumb Code     0  libinit2.o(.ARM.Collect$$libinit$$0000000C)
    __rt_lib_init_lc_collate_1               0x08000179   Thumb Code     0  libinit2.o(.ARM.Collect$$libinit$$00000011)
    __rt_lib_init_lc_ctype_1                 0x08000179   Thumb Code     0  libinit2.o(.ARM.Collect$$libinit$$00000013)
    __rt_lib_init_lc_monetary_1              0x08000179   Thumb Code     0  libinit2.o(.ARM.Collect$$libinit$$00000015)
    __rt_lib_init_lc_numeric_2               0x08000179   Thumb Code     0  libinit2.o(.ARM.Collect$$libinit$$00000016)
    __rt_lib_init_alloca_1                   0x08000183   Thumb Code     0  libinit2.o(.ARM.Collect$$libinit$$0000002E)
    __rt_lib_init_argv_1                     0x08000183   Thumb Code     0  libinit2.o(.ARM.Collect$$libinit$$0000002C)
    __rt_lib_init_atexit_1                   0x08000183   Thumb Code     0  libinit2.o(.ARM.Collect$$libinit$$0000001B)
    __rt_lib_init_clock_1                    0x08000183   Thumb Code     0  libinit2.o(.ARM.Collect$$libinit$$00000021)
    __rt_lib_init_cpp_1                      0x08000183   Thumb Code     0  libinit2.o(.ARM.Collect$$libinit$$00000032)
    __rt_lib_init_exceptions_1               0x08000183   Thumb Code     0  libinit2.o(.ARM.Collect$$libinit$$00000030)
    __rt_lib_init_fp_trap_1                  0x08000183   Thumb Code     0  libinit2.o(.ARM.Collect$$libinit$$0000001F)
    __rt_lib_init_getenv_1                   0x08000183   Thumb Code     0  libinit2.o(.ARM.Collect$$libinit$$00000023)
    __rt_lib_init_lc_numeric_1               0x08000183   Thumb Code     0  libinit2.o(.ARM.Collect$$libinit$$00000017)
    __rt_lib_init_lc_time_1                  0x08000183   Thumb Code     0  libinit2.o(.ARM.Collect$$libinit$$00000019)
    __rt_lib_init_return                     0x08000183   Thumb Code     0  libinit2.o(.ARM.Collect$$libinit$$00000033)
    __rt_lib_init_signal_1                   0x08000183   Thumb Code     0  libinit2.o(.ARM.Collect$$libinit$$0000001D)
    __rt_lib_init_stdio_1                    0x08000183   Thumb Code     0  libinit2.o(.ARM.Collect$$libinit$$00000025)
    __rt_lib_shutdown                        0x08000185   Thumb Code     0  libshutdown.o(.ARM.Collect$$libshutdown$$00000000)
    __rt_lib_shutdown_cpp_1                  0x08000187   Thumb Code     0  libshutdown2.o(.ARM.Collect$$libshutdown$$00000002)
    __rt_lib_shutdown_fp_trap_1              0x08000187   Thumb Code     0  libshutdown2.o(.ARM.Collect$$libshutdown$$00000007)
    __rt_lib_shutdown_heap_1                 0x08000187   Thumb Code     0  libshutdown2.o(.ARM.Collect$$libshutdown$$0000000F)
    __rt_lib_shutdown_return                 0x08000187   Thumb Code     0  libshutdown2.o(.ARM.Collect$$libshutdown$$00000010)
    __rt_lib_shutdown_signal_1               0x08000187   Thumb Code     0  libshutdown2.o(.ARM.Collect$$libshutdown$$0000000A)
    __rt_lib_shutdown_stdio_1                0x08000187   Thumb Code     0  libshutdown2.o(.ARM.Collect$$libshutdown$$00000004)
    __rt_lib_shutdown_user_alloc_1           0x08000187   Thumb Code     0  libshutdown2.o(.ARM.Collect$$libshutdown$$0000000C)
    __rt_entry                               0x08000189   Thumb Code     0  __rtentry.o(.ARM.Collect$$rtentry$$00000000)
    __rt_entry_presh_1                       0x08000189   Thumb Code     0  __rtentry2.o(.ARM.Collect$$rtentry$$00000002)
    __rt_entry_sh                            0x08000189   Thumb Code     0  __rtentry4.o(.ARM.Collect$$rtentry$$00000004)
    __rt_entry_li                            0x0800018f   Thumb Code     0  __rtentry2.o(.ARM.Collect$$rtentry$$0000000A)
    __rt_entry_postsh_1                      0x0800018f   Thumb Code     0  __rtentry2.o(.ARM.Collect$$rtentry$$00000009)
    __rt_entry_main                          0x08000193   Thumb Code     0  __rtentry2.o(.ARM.Collect$$rtentry$$0000000D)
    __rt_entry_postli_1                      0x08000193   Thumb Code     0  __rtentry2.o(.ARM.Collect$$rtentry$$0000000C)
    __rt_exit                                0x0800019b   Thumb Code     0  rtexit.o(.ARM.Collect$$rtexit$$00000000)
    __rt_exit_ls                             0x0800019d   Thumb Code     0  rtexit2.o(.ARM.Collect$$rtexit$$00000003)
    __rt_exit_prels_1                        0x0800019d   Thumb Code     0  rtexit2.o(.ARM.Collect$$rtexit$$00000002)
    __rt_exit_exit                           0x080001a1   Thumb Code     0  rtexit2.o(.ARM.Collect$$rtexit$$00000004)
    Reset_Handler                            0x080001a9   Thumb Code     8  startup_stm32f10x_md.o(.text)
    ADC1_2_IRQHandler                        0x080001c3   Thumb Code     0  startup_stm32f10x_md.o(.text)
    CAN1_RX1_IRQHandler                      0x080001c3   Thumb Code     0  startup_stm32f10x_md.o(.text)
    CAN1_SCE_IRQHandler                      0x080001c3   Thumb Code     0  startup_stm32f10x_md.o(.text)
    DMA1_Channel1_IRQHandler                 0x080001c3   Thumb Code     0  startup_stm32f10x_md.o(.text)
    DMA1_Channel2_IRQHandler                 0x080001c3   Thumb Code     0  startup_stm32f10x_md.o(.text)
    DMA1_Channel3_IRQHandler                 0x080001c3   Thumb Code     0  startup_stm32f10x_md.o(.text)
    DMA1_Channel4_IRQHandler                 0x080001c3   Thumb Code     0  startup_stm32f10x_md.o(.text)
    DMA1_Channel5_IRQHandler                 0x080001c3   Thumb Code     0  startup_stm32f10x_md.o(.text)
    DMA1_Channel6_IRQHandler                 0x080001c3   Thumb Code     0  startup_stm32f10x_md.o(.text)
    DMA1_Channel7_IRQHandler                 0x080001c3   Thumb Code     0  startup_stm32f10x_md.o(.text)
    EXTI0_IRQHandler                         0x080001c3   Thumb Code     0  startup_stm32f10x_md.o(.text)
    EXTI15_10_IRQHandler                     0x080001c3   Thumb Code     0  startup_stm32f10x_md.o(.text)
    EXTI1_IRQHandler                         0x080001c3   Thumb Code     0  startup_stm32f10x_md.o(.text)
    EXTI2_IRQHandler                         0x080001c3   Thumb Code     0  startup_stm32f10x_md.o(.text)
    EXTI3_IRQHandler                         0x080001c3   Thumb Code     0  startup_stm32f10x_md.o(.text)
    EXTI4_IRQHandler                         0x080001c3   Thumb Code     0  startup_stm32f10x_md.o(.text)
    EXTI9_5_IRQHandler                       0x080001c3   Thumb Code     0  startup_stm32f10x_md.o(.text)
    FLASH_IRQHandler                         0x080001c3   Thumb Code     0  startup_stm32f10x_md.o(.text)
    I2C1_ER_IRQHandler                       0x080001c3   Thumb Code     0  startup_stm32f10x_md.o(.text)
    I2C1_EV_IRQHandler                       0x080001c3   Thumb Code     0  startup_stm32f10x_md.o(.text)
    I2C2_ER_IRQHandler                       0x080001c3   Thumb Code     0  startup_stm32f10x_md.o(.text)
    I2C2_EV_IRQHandler                       0x080001c3   Thumb Code     0  startup_stm32f10x_md.o(.text)
    PVD_IRQHandler                           0x080001c3   Thumb Code     0  startup_stm32f10x_md.o(.text)
    RCC_IRQHandler                           0x080001c3   Thumb Code     0  startup_stm32f10x_md.o(.text)
    RTCAlarm_IRQHandler                      0x080001c3   Thumb Code     0  startup_stm32f10x_md.o(.text)
    SPI1_IRQHandler                          0x080001c3   Thumb Code     0  startup_stm32f10x_md.o(.text)
    SPI2_IRQHandler                          0x080001c3   Thumb Code     0  startup_stm32f10x_md.o(.text)
    TAMPER_IRQHandler                        0x080001c3   Thumb Code     0  startup_stm32f10x_md.o(.text)
    TIM1_BRK_IRQHandler                      0x080001c3   Thumb Code     0  startup_stm32f10x_md.o(.text)
    TIM1_CC_IRQHandler                       0x080001c3   Thumb Code     0  startup_stm32f10x_md.o(.text)
    TIM1_TRG_COM_IRQHandler                  0x080001c3   Thumb Code     0  startup_stm32f10x_md.o(.text)
    TIM1_UP_IRQHandler                       0x080001c3   Thumb Code     0  startup_stm32f10x_md.o(.text)
    TIM2_IRQHandler                          0x080001c3   Thumb Code     0  startup_stm32f10x_md.o(.text)
    TIM3_IRQHandler                          0x080001c3   Thumb Code     0  startup_stm32f10x_md.o(.text)
    TIM4_IRQHandler                          0x080001c3   Thumb Code     0  startup_stm32f10x_md.o(.text)
    USART1_IRQHandler                        0x080001c3   Thumb Code     0  startup_stm32f10x_md.o(.text)
    USART3_IRQHandler                        0x080001c3   Thumb Code     0  startup_stm32f10x_md.o(.text)
    USBWakeUp_IRQHandler                     0x080001c3   Thumb Code     0  startup_stm32f10x_md.o(.text)
    USB_HP_CAN1_TX_IRQHandler                0x080001c3   Thumb Code     0  startup_stm32f10x_md.o(.text)
    USB_LP_CAN1_RX0_IRQHandler               0x080001c3   Thumb Code     0  startup_stm32f10x_md.o(.text)
    WWDG_IRQHandler                          0x080001c3   Thumb Code     0  startup_stm32f10x_md.o(.text)
    __user_initial_stackheap                 0x080001c5   Thumb Code     0  startup_stm32f10x_md.o(.text)
    SystemInit                               0x080002c7   Thumb Code    78  system_stm32f10x.o(.text)
    SystemCoreClockUpdate                    0x08000315   Thumb Code   142  system_stm32f10x.o(.text)
    GPIO_DeInit                              0x080003c9   Thumb Code   172  stm32f10x_gpio.o(.text)
    GPIO_AFIODeInit                          0x08000475   Thumb Code    20  stm32f10x_gpio.o(.text)
    GPIO_Init                                0x08000489   Thumb Code   278  stm32f10x_gpio.o(.text)
    GPIO_StructInit                          0x0800059f   Thumb Code    16  stm32f10x_gpio.o(.text)
    GPIO_ReadInputDataBit                    0x080005af   Thumb Code    18  stm32f10x_gpio.o(.text)
    GPIO_ReadInputData                       0x080005c1   Thumb Code     8  stm32f10x_gpio.o(.text)
    GPIO_ReadOutputDataBit                   0x080005c9   Thumb Code    18  stm32f10x_gpio.o(.text)
    GPIO_ReadOutputData                      0x080005db   Thumb Code     8  stm32f10x_gpio.o(.text)
    GPIO_SetBits                             0x080005e3   Thumb Code     4  stm32f10x_gpio.o(.text)
    GPIO_ResetBits                           0x080005e7   Thumb Code     4  stm32f10x_gpio.o(.text)
    GPIO_WriteBit                            0x080005eb   Thumb Code    10  stm32f10x_gpio.o(.text)
    GPIO_Write                               0x080005f5   Thumb Code     4  stm32f10x_gpio.o(.text)
    GPIO_PinLockConfig                       0x080005f9   Thumb Code    18  stm32f10x_gpio.o(.text)
    GPIO_EventOutputConfig                   0x0800060b   Thumb Code    26  stm32f10x_gpio.o(.text)
    GPIO_EventOutputCmd                      0x08000625   Thumb Code     6  stm32f10x_gpio.o(.text)
    GPIO_PinRemapConfig                      0x0800062b   Thumb Code   138  stm32f10x_gpio.o(.text)
    GPIO_EXTILineConfig                      0x080006b5   Thumb Code    66  stm32f10x_gpio.o(.text)
    GPIO_ETH_MediaInterfaceConfig            0x080006f7   Thumb Code     8  stm32f10x_gpio.o(.text)
    RCC_DeInit                               0x08000725   Thumb Code    64  stm32f10x_rcc.o(.text)
    RCC_HSEConfig                            0x08000765   Thumb Code    70  stm32f10x_rcc.o(.text)
    RCC_GetFlagStatus                        0x080007ab   Thumb Code    56  stm32f10x_rcc.o(.text)
    RCC_WaitForHSEStartUp                    0x080007e3   Thumb Code    56  stm32f10x_rcc.o(.text)
    RCC_AdjustHSICalibrationValue            0x0800081b   Thumb Code    20  stm32f10x_rcc.o(.text)
    RCC_HSICmd                               0x0800082f   Thumb Code     6  stm32f10x_rcc.o(.text)
    RCC_PLLConfig                            0x08000835   Thumb Code    24  stm32f10x_rcc.o(.text)
    RCC_PLLCmd                               0x0800084d   Thumb Code     6  stm32f10x_rcc.o(.text)
    RCC_SYSCLKConfig                         0x08000853   Thumb Code    18  stm32f10x_rcc.o(.text)
    RCC_GetSYSCLKSource                      0x08000865   Thumb Code    10  stm32f10x_rcc.o(.text)
    RCC_HCLKConfig                           0x0800086f   Thumb Code    18  stm32f10x_rcc.o(.text)
    RCC_PCLK1Config                          0x08000881   Thumb Code    18  stm32f10x_rcc.o(.text)
    RCC_PCLK2Config                          0x08000893   Thumb Code    20  stm32f10x_rcc.o(.text)
    RCC_ITConfig                             0x080008a7   Thumb Code    26  stm32f10x_rcc.o(.text)
    RCC_USBCLKConfig                         0x080008c1   Thumb Code     8  stm32f10x_rcc.o(.text)
    RCC_ADCCLKConfig                         0x080008c9   Thumb Code    18  stm32f10x_rcc.o(.text)
    RCC_LSEConfig                            0x080008db   Thumb Code    50  stm32f10x_rcc.o(.text)
    RCC_LSICmd                               0x0800090d   Thumb Code     6  stm32f10x_rcc.o(.text)
    RCC_RTCCLKConfig                         0x08000913   Thumb Code    12  stm32f10x_rcc.o(.text)
    RCC_RTCCLKCmd                            0x0800091f   Thumb Code     8  stm32f10x_rcc.o(.text)
    RCC_GetClocksFreq                        0x08000927   Thumb Code   192  stm32f10x_rcc.o(.text)
    RCC_AHBPeriphClockCmd                    0x080009e7   Thumb Code    26  stm32f10x_rcc.o(.text)
    RCC_APB2PeriphClockCmd                   0x08000a01   Thumb Code    26  stm32f10x_rcc.o(.text)
    RCC_APB1PeriphClockCmd                   0x08000a1b   Thumb Code    26  stm32f10x_rcc.o(.text)
    RCC_APB2PeriphResetCmd                   0x08000a35   Thumb Code    26  stm32f10x_rcc.o(.text)
    RCC_APB1PeriphResetCmd                   0x08000a4f   Thumb Code    26  stm32f10x_rcc.o(.text)
    RCC_BackupResetCmd                       0x08000a69   Thumb Code     8  stm32f10x_rcc.o(.text)
    RCC_ClockSecuritySystemCmd               0x08000a71   Thumb Code     6  stm32f10x_rcc.o(.text)
    RCC_MCOConfig                            0x08000a77   Thumb Code     6  stm32f10x_rcc.o(.text)
    RCC_ClearFlag                            0x08000a7d   Thumb Code    14  stm32f10x_rcc.o(.text)
    RCC_GetITStatus                          0x08000a8b   Thumb Code    20  stm32f10x_rcc.o(.text)
    RCC_ClearITPendingBit                    0x08000a9f   Thumb Code     6  stm32f10x_rcc.o(.text)
    NVIC_PriorityGroupConfig                 0x08000ac9   Thumb Code    10  misc.o(.text)
    NVIC_Init                                0x08000ad3   Thumb Code   100  misc.o(.text)
    NVIC_SetVectorTable                      0x08000b37   Thumb Code    14  misc.o(.text)
    NVIC_SystemLPConfig                      0x08000b45   Thumb Code    34  misc.o(.text)
    SysTick_CLKSourceConfig                  0x08000b67   Thumb Code    40  misc.o(.text)
    RTC_ITConfig                             0x08000ba5   Thumb Code    26  stm32f10x_rtc.o(.text)
    RTC_EnterConfigMode                      0x08000bbf   Thumb Code    18  stm32f10x_rtc.o(.text)
    RTC_ExitConfigMode                       0x08000bd1   Thumb Code    20  stm32f10x_rtc.o(.text)
    RTC_GetCounter                           0x08000be5   Thumb Code    18  stm32f10x_rtc.o(.text)
    RTC_SetCounter                           0x08000bf7   Thumb Code    26  stm32f10x_rtc.o(.text)
    RTC_SetPrescaler                         0x08000c11   Thumb Code    28  stm32f10x_rtc.o(.text)
    RTC_SetAlarm                             0x08000c2d   Thumb Code    26  stm32f10x_rtc.o(.text)
    RTC_GetDivider                           0x08000c47   Thumb Code    22  stm32f10x_rtc.o(.text)
    RTC_WaitForLastTask                      0x08000c5d   Thumb Code    18  stm32f10x_rtc.o(.text)
    RTC_WaitForSynchro                       0x08000c6f   Thumb Code    36  stm32f10x_rtc.o(.text)
    RTC_GetFlagStatus                        0x08000c93   Thumb Code    22  stm32f10x_rtc.o(.text)
    RTC_ClearFlag                            0x08000ca9   Thumb Code    16  stm32f10x_rtc.o(.text)
    RTC_GetITStatus                          0x08000cb9   Thumb Code    32  stm32f10x_rtc.o(.text)
    RTC_ClearITPendingBit                    0x08000cd9   Thumb Code    16  stm32f10x_rtc.o(.text)
    ADC_DeInit                               0x08000ced   Thumb Code    78  stm32f10x_adc.o(.text)
    ADC_Init                                 0x08000d3b   Thumb Code    70  stm32f10x_adc.o(.text)
    ADC_StructInit                           0x08000d81   Thumb Code    18  stm32f10x_adc.o(.text)
    ADC_Cmd                                  0x08000d93   Thumb Code    22  stm32f10x_adc.o(.text)
    ADC_DMACmd                               0x08000da9   Thumb Code    22  stm32f10x_adc.o(.text)
    ADC_ITConfig                             0x08000dbf   Thumb Code    24  stm32f10x_adc.o(.text)
    ADC_ResetCalibration                     0x08000dd7   Thumb Code    10  stm32f10x_adc.o(.text)
    ADC_GetResetCalibrationStatus            0x08000de1   Thumb Code    20  stm32f10x_adc.o(.text)
    ADC_StartCalibration                     0x08000df5   Thumb Code    10  stm32f10x_adc.o(.text)
    ADC_GetCalibrationStatus                 0x08000dff   Thumb Code    20  stm32f10x_adc.o(.text)
    ADC_SoftwareStartConvCmd                 0x08000e13   Thumb Code    22  stm32f10x_adc.o(.text)
    ADC_GetSoftwareStartConvStatus           0x08000e29   Thumb Code    20  stm32f10x_adc.o(.text)
    ADC_DiscModeChannelCountConfig           0x08000e3d   Thumb Code    24  stm32f10x_adc.o(.text)
    ADC_DiscModeCmd                          0x08000e55   Thumb Code    22  stm32f10x_adc.o(.text)
    ADC_RegularChannelConfig                 0x08000e6b   Thumb Code   184  stm32f10x_adc.o(.text)
    ADC_ExternalTrigConvCmd                  0x08000f23   Thumb Code    22  stm32f10x_adc.o(.text)
    ADC_GetConversionValue                   0x08000f39   Thumb Code     8  stm32f10x_adc.o(.text)
    ADC_GetDualModeConversionValue           0x08000f41   Thumb Code     8  stm32f10x_adc.o(.text)
    ADC_AutoInjectedConvCmd                  0x08000f49   Thumb Code    22  stm32f10x_adc.o(.text)
    ADC_InjectedDiscModeCmd                  0x08000f5f   Thumb Code    22  stm32f10x_adc.o(.text)
    ADC_ExternalTrigInjectedConvConfig       0x08000f75   Thumb Code    16  stm32f10x_adc.o(.text)
    ADC_ExternalTrigInjectedConvCmd          0x08000f85   Thumb Code    22  stm32f10x_adc.o(.text)
    ADC_SoftwareStartInjectedConvCmd         0x08000f9b   Thumb Code    22  stm32f10x_adc.o(.text)
    ADC_GetSoftwareStartInjectedConvCmdStatus 0x08000fb1   Thumb Code    20  stm32f10x_adc.o(.text)
    ADC_InjectedChannelConfig                0x08000fc5   Thumb Code   130  stm32f10x_adc.o(.text)
    ADC_InjectedSequencerLengthConfig        0x08001047   Thumb Code    24  stm32f10x_adc.o(.text)
    ADC_SetInjectedOffset                    0x0800105f   Thumb Code    20  stm32f10x_adc.o(.text)
    ADC_GetInjectedConversionValue           0x08001073   Thumb Code    28  stm32f10x_adc.o(.text)
    ADC_AnalogWatchdogCmd                    0x0800108f   Thumb Code    16  stm32f10x_adc.o(.text)
    ADC_AnalogWatchdogThresholdsConfig       0x0800109f   Thumb Code     6  stm32f10x_adc.o(.text)
    ADC_AnalogWatchdogSingleChannelConfig    0x080010a5   Thumb Code    16  stm32f10x_adc.o(.text)
    ADC_TempSensorVrefintCmd                 0x080010b5   Thumb Code    64  stm32f10x_adc.o(.text)
    ADC_GetFlagStatus                        0x080010f5   Thumb Code    18  stm32f10x_adc.o(.text)
    ADC_ClearFlag                            0x08001107   Thumb Code     6  stm32f10x_adc.o(.text)
    ADC_GetITStatus                          0x0800110d   Thumb Code    36  stm32f10x_adc.o(.text)
    ADC_ClearITPendingBit                    0x08001131   Thumb Code    10  stm32f10x_adc.o(.text)
    BKP_DeInit                               0x0800113d   Thumb Code    16  stm32f10x_bkp.o(.text)
    BKP_TamperPinLevelConfig                 0x0800114d   Thumb Code     6  stm32f10x_bkp.o(.text)
    BKP_TamperPinCmd                         0x08001153   Thumb Code     8  stm32f10x_bkp.o(.text)
    BKP_ITConfig                             0x0800115b   Thumb Code     8  stm32f10x_bkp.o(.text)
    BKP_RTCOutputConfig                      0x08001163   Thumb Code    22  stm32f10x_bkp.o(.text)
    BKP_SetRTCCalibrationValue               0x08001179   Thumb Code    22  stm32f10x_bkp.o(.text)
    BKP_WriteBackupRegister                  0x0800118f   Thumb Code    24  stm32f10x_bkp.o(.text)
    BKP_ReadBackupRegister                   0x080011a7   Thumb Code    26  stm32f10x_bkp.o(.text)
    BKP_GetFlagStatus                        0x080011c1   Thumb Code    10  stm32f10x_bkp.o(.text)
    BKP_ClearFlag                            0x080011cb   Thumb Code    18  stm32f10x_bkp.o(.text)
    BKP_GetITStatus                          0x080011dd   Thumb Code    10  stm32f10x_bkp.o(.text)
    BKP_ClearITPendingBit                    0x080011e7   Thumb Code    18  stm32f10x_bkp.o(.text)
    PWR_DeInit                               0x08001201   Thumb Code    22  stm32f10x_pwr.o(.text)
    PWR_BackupAccessCmd                      0x08001217   Thumb Code     6  stm32f10x_pwr.o(.text)
    PWR_PVDCmd                               0x0800121d   Thumb Code     6  stm32f10x_pwr.o(.text)
    PWR_PVDLevelConfig                       0x08001223   Thumb Code    18  stm32f10x_pwr.o(.text)
    PWR_WakeUpPinCmd                         0x08001235   Thumb Code     8  stm32f10x_pwr.o(.text)
    PWR_EnterSTOPMode                        0x0800123d   Thumb Code    54  stm32f10x_pwr.o(.text)
    PWR_EnterSTANDBYMode                     0x08001273   Thumb Code    42  stm32f10x_pwr.o(.text)
    PWR_GetFlagStatus                        0x0800129d   Thumb Code    20  stm32f10x_pwr.o(.text)
    PWR_ClearFlag                            0x080012b1   Thumb Code    14  stm32f10x_pwr.o(.text)
    USART_DeInit                             0x080012cd   Thumb Code   134  stm32f10x_usart.o(.text)
    USART_Init                               0x08001353   Thumb Code   210  stm32f10x_usart.o(.text)
    USART_StructInit                         0x08001425   Thumb Code    24  stm32f10x_usart.o(.text)
    USART_ClockInit                          0x0800143d   Thumb Code    34  stm32f10x_usart.o(.text)
    USART_ClockStructInit                    0x0800145f   Thumb Code    12  stm32f10x_usart.o(.text)
    USART_Cmd                                0x0800146b   Thumb Code    24  stm32f10x_usart.o(.text)
    USART_ITConfig                           0x08001483   Thumb Code    74  stm32f10x_usart.o(.text)
    USART_DMACmd                             0x080014cd   Thumb Code    18  stm32f10x_usart.o(.text)
    USART_SetAddress                         0x080014df   Thumb Code    18  stm32f10x_usart.o(.text)
    USART_WakeUpConfig                       0x080014f1   Thumb Code    18  stm32f10x_usart.o(.text)
    USART_ReceiverWakeUpCmd                  0x08001503   Thumb Code    24  stm32f10x_usart.o(.text)
    USART_LINBreakDetectLengthConfig         0x0800151b   Thumb Code    18  stm32f10x_usart.o(.text)
    USART_LINCmd                             0x0800152d   Thumb Code    24  stm32f10x_usart.o(.text)
    USART_SendData                           0x08001545   Thumb Code     8  stm32f10x_usart.o(.text)
    USART_ReceiveData                        0x0800154d   Thumb Code    10  stm32f10x_usart.o(.text)
    USART_SendBreak                          0x08001557   Thumb Code    10  stm32f10x_usart.o(.text)
    USART_SetGuardTime                       0x08001561   Thumb Code    16  stm32f10x_usart.o(.text)
    USART_SetPrescaler                       0x08001571   Thumb Code    16  stm32f10x_usart.o(.text)
    USART_SmartCardCmd                       0x08001581   Thumb Code    24  stm32f10x_usart.o(.text)
    USART_SmartCardNACKCmd                   0x08001599   Thumb Code    24  stm32f10x_usart.o(.text)
    USART_HalfDuplexCmd                      0x080015b1   Thumb Code    24  stm32f10x_usart.o(.text)
    USART_OverSampling8Cmd                   0x080015c9   Thumb Code    22  stm32f10x_usart.o(.text)
    USART_OneBitMethodCmd                    0x080015df   Thumb Code    24  stm32f10x_usart.o(.text)
    USART_IrDAConfig                         0x080015f7   Thumb Code    18  stm32f10x_usart.o(.text)
    USART_IrDACmd                            0x08001609   Thumb Code    24  stm32f10x_usart.o(.text)
    USART_GetFlagStatus                      0x08001621   Thumb Code    26  stm32f10x_usart.o(.text)
    USART_ClearFlag                          0x0800163b   Thumb Code    18  stm32f10x_usart.o(.text)
    USART_GetITStatus                        0x0800164d   Thumb Code    84  stm32f10x_usart.o(.text)
    USART_ClearITPendingBit                  0x080016a1   Thumb Code    52  stm32f10x_usart.o(.text)
    Delay_LCD                                0x080016d5   Thumb Code    30  lcd.o(.text)
    LCD_WriteReg                             0x080016f3   Thumb Code    56  lcd.o(.text)
    REG_8230_Init                            0x0800172b   Thumb Code   288  lcd.o(.text)
    REG_932X_Init                            0x0800184b   Thumb Code   514  lcd.o(.text)
    LCD_BusOut                               0x08001a4d   Thumb Code    32  lcd.o(.text)
    LCD_BusIn                                0x08001a6d   Thumb Code    32  lcd.o(.text)
    LCD_ReadReg                              0x08001a8d   Thumb Code    92  lcd.o(.text)
    LCD_CtrlLinesConfig                      0x08001ae9   Thumb Code    68  lcd.o(.text)
    STM3210B_LCD_Init                        0x08001b2d   Thumb Code    50  lcd.o(.text)
    LCD_SetTextColor                         0x08001b5f   Thumb Code    12  lcd.o(.text)
    LCD_SetBackColor                         0x08001b6b   Thumb Code    12  lcd.o(.text)
    LCD_SetCursor                            0x08001b77   Thumb Code    24  lcd.o(.text)
    LCD_WriteRAM                             0x08001b8f   Thumb Code    44  lcd.o(.text)
    LCD_WriteRAM_Prepare                     0x08001bbb   Thumb Code    48  lcd.o(.text)
    LCD_DrawChar                             0x08001beb   Thumb Code   100  lcd.o(.text)
    LCD_DisplayChar                          0x08001c4f   Thumb Code    34  lcd.o(.text)
    LCD_DisplayStringLine                    0x08001c71   Thumb Code    44  lcd.o(.text)
    LCD_ClearLine                            0x08001c9d   Thumb Code    14  lcd.o(.text)
    LCD_Clear                                0x08001cab   Thumb Code    38  lcd.o(.text)
    LCD_SetDisplayWindow                     0x08001cd1   Thumb Code    88  lcd.o(.text)
    LCD_WindowModeDisable                    0x08001d29   Thumb Code    28  lcd.o(.text)
    LCD_DrawLine                             0x08001d45   Thumb Code    86  lcd.o(.text)
    LCD_DrawRect                             0x08001d9b   Thumb Code    66  lcd.o(.text)
    LCD_DrawCircle                           0x08001ddd   Thumb Code   252  lcd.o(.text)
    LCD_DrawMonoPict                         0x08001ed9   Thumb Code   126  lcd.o(.text)
    LCD_WriteBMP                             0x08001f57   Thumb Code    74  lcd.o(.text)
    LCD_ReadRAM                              0x08001fa1   Thumb Code    82  lcd.o(.text)
    LCD_PowerOn                              0x08001ff3   Thumb Code   118  lcd.o(.text)
    LCD_DisplayOn                            0x08002069   Thumb Code    14  lcd.o(.text)
    LCD_DisplayOff                           0x08002077   Thumb Code    12  lcd.o(.text)
    LCD_DrawPicture                          0x08002083   Thumb Code    48  lcd.o(.text)
    Delay_Ms                                 0x080020c5   Thumb Code    16  main.o(.text)
    shangbao                                 0x080020d5   Thumb Code   196  main.o(.text)
    lcd_UI_1                                 0x08002199   Thumb Code   212  main.o(.text)
    lcd_UI_2                                 0x0800226d   Thumb Code   262  main.o(.text)
    key_FNC                                  0x08002373   Thumb Code   876  main.o(.text)
    main                                     0x080026df   Thumb Code   368  main.o(.text)
    USART2_IRQHandler                        0x08002895   Thumb Code    76  stm32f10x_it.o(.text)
    RTC_IRQHandler                           0x080028e1   Thumb Code    18  stm32f10x_it.o(.text)
    SysTick_Handler                          0x080028f3   Thumb Code    32  stm32f10x_it.o(.text)
    NMI_Handler                              0x08002913   Thumb Code     2  stm32f10x_it.o(.text)
    HardFault_Handler                        0x08002915   Thumb Code     4  stm32f10x_it.o(.text)
    MemManage_Handler                        0x08002919   Thumb Code     4  stm32f10x_it.o(.text)
    BusFault_Handler                         0x0800291d   Thumb Code     4  stm32f10x_it.o(.text)
    UsageFault_Handler                       0x08002921   Thumb Code     4  stm32f10x_it.o(.text)
    DebugMon_Handler                         0x08002925   Thumb Code     2  stm32f10x_it.o(.text)
    SVC_Handler                              0x08002927   Thumb Code     2  stm32f10x_it.o(.text)
    PendSV_Handler                           0x08002929   Thumb Code     2  stm32f10x_it.o(.text)
    SDA_Input_Mode                           0x08002949   Thumb Code    30  i2c.o(.text)
    SDA_Output_Mode                          0x08002967   Thumb Code    30  i2c.o(.text)
    SDA_Output                               0x08002985   Thumb Code    26  i2c.o(.text)
    SCL_Output                               0x0800299f   Thumb Code    26  i2c.o(.text)
    SDA_Input                                0x080029b9   Thumb Code    12  i2c.o(.text)
    delay1                                   0x080029c5   Thumb Code    12  i2c.o(.text)
    I2CStart                                 0x080029d1   Thumb Code    60  i2c.o(.text)
    I2CStop                                  0x08002a0d   Thumb Code    60  i2c.o(.text)
    I2CWaitAck                               0x08002a49   Thumb Code    88  i2c.o(.text)
    I2CSendAck                               0x08002aa1   Thumb Code    54  i2c.o(.text)
    I2CSendNotAck                            0x08002ad7   Thumb Code    46  i2c.o(.text)
    I2CSendByte                              0x08002b05   Thumb Code    88  i2c.o(.text)
    I2CReceiveByte                           0x08002b5d   Thumb Code    88  i2c.o(.text)
    i2c_init                                 0x08002bb5   Thumb Code    38  i2c.o(.text)
    NVIC_Configuration                       0x08002be1   Thumb Code    40  rtc_1.o(.text)
    RTC_Configuration                        0x08002c09   Thumb Code    88  rtc_1.o(.text)
    adc_init                                 0x08002c61   Thumb Code   140  adc.o(.text)
    x24c02_read                              0x08002cf5   Thumb Code    60  e2prom.o(.text)
    x24c02_write                             0x08002d31   Thumb Code    46  e2prom.o(.text)
    key_led_init                             0x08002d61   Thumb Code   108  key.o(.text)
    led_ctrol                                0x08002dcd   Thumb Code    46  key.o(.text)
    usart_init                               0x08002e0d   Thumb Code   160  usart.o(.text)
    __2sprintf                               0x08002eb5   Thumb Code    34  noretval__2sprintf.o(.text)
    _printf_int_dec                          0x08002edd   Thumb Code   104  _printf_dec.o(.text)
    __printf                                 0x08002f55   Thumb Code   270  __printf_wp.o(.text)
    __use_two_region_memory                  0x08003063   Thumb Code     2  heapauxi.o(.text)
    __rt_heap_escrow$2region                 0x08003065   Thumb Code     2  heapauxi.o(.text)
    __rt_heap_expand$2region                 0x08003067   Thumb Code     2  heapauxi.o(.text)
    _printf_int_common                       0x08003069   Thumb Code   178  _printf_intcommon.o(.text)
    __lib_sel_fp_printf                      0x0800311b   Thumb Code     2  _printf_fp_dec.o(.text)
    _printf_fp_dec_real                      0x080032c9   Thumb Code   620  _printf_fp_dec.o(.text)
    _printf_char_common                      0x0800353f   Thumb Code    32  _printf_char_common.o(.text)
    _sputc                                   0x08003565   Thumb Code    10  _sputc.o(.text)
    __rt_locale                              0x08003571   Thumb Code     8  rt_locale_intlibspace.o(.text)
    _ll_udiv10                               0x08003579   Thumb Code   138  lludiv10.o(.text)
    _printf_fp_infnan                        0x08003605   Thumb Code   112  _printf_fp_infnan.o(.text)
    _btod_etento                             0x08003685   Thumb Code   216  bigflt0.o(.text)
    __user_libspace                          0x08003761   Thumb Code     8  libspace.o(.text)
    __user_perproc_libspace                  0x08003761   Thumb Code     0  libspace.o(.text)
    __user_perthread_libspace                0x08003761   Thumb Code     0  libspace.o(.text)
    __user_setup_stackheap                   0x08003769   Thumb Code    74  sys_stackheap_outer.o(.text)
    exit                                     0x080037b3   Thumb Code    18  exit.o(.text)
    strcmp                                   0x080037c5   Thumb Code   128  strcmpv7m.o(.text)
    _sys_exit                                0x08003845   Thumb Code     8  sys_exit.o(.text)
    __I$use$semihosting                      0x08003851   Thumb Code     0  use_no_semi.o(.text)
    __use_no_semihosting_swi                 0x08003851   Thumb Code     2  use_no_semi.o(.text)
    __semihosting_library_function           0x08003853   Thumb Code     0  indicate_semi.o(.text)
    _btod_d2e                                0x08003853   Thumb Code    62  btod.o(CL$$btod_d2e)
    _d2e_denorm_low                          0x08003891   Thumb Code    70  btod.o(CL$$btod_d2e_denorm_low)
    _d2e_norm_op1                            0x080038d7   Thumb Code    96  btod.o(CL$$btod_d2e_norm_op1)
    __btod_div_common                        0x08003937   Thumb Code   696  btod.o(CL$$btod_div_common)
    _e2e                                     0x08003c6f   Thumb Code   198  btod.o(CL$$btod_e2e)
    _btod_ediv                               0x08003d35   Thumb Code    40  btod.o(CL$$btod_ediv)
    _btod_emul                               0x08003d5d   Thumb Code    40  btod.o(CL$$btod_emul)
    __btod_mult_common                       0x08003d85   Thumb Code   580  btod.o(CL$$btod_mult_common)
    __ARM_fpclassify                         0x08003fc9   Thumb Code    40  fpclassify.o(i.__ARM_fpclassify)
    _is_digit                                0x08003ff1   Thumb Code    14  __printf_wp.o(i._is_digit)
    _get_lc_numeric                          0x08004001   Thumb Code    44  lc_numeric_c.o(locale$$code)
    __aeabi_d2f                              0x0800402d   Thumb Code     0  d2f.o(x$fpl$d2f)
    _d2f                                     0x0800402d   Thumb Code    98  d2f.o(x$fpl$d2f)
    __fpl_dcmp_Inf                           0x0800408f   Thumb Code    24  dcmpi.o(x$fpl$dcmpinf)
    __aeabi_ddiv                             0x080040a9   Thumb Code     0  ddiv.o(x$fpl$ddiv)
    _ddiv                                    0x080040a9   Thumb Code   552  ddiv.o(x$fpl$ddiv)
    __aeabi_ui2d                             0x08004359   Thumb Code     0  dflt_clz.o(x$fpl$dfltu)
    _dfltu                                   0x08004359   Thumb Code    38  dflt_clz.o(x$fpl$dfltu)
    __aeabi_cdcmple                          0x08004381   Thumb Code     0  dleqf.o(x$fpl$dleqf)
    _dcmple                                  0x08004381   Thumb Code   120  dleqf.o(x$fpl$dleqf)
    __fpl_dcmple_InfNaN                      0x080043e3   Thumb Code     0  dleqf.o(x$fpl$dleqf)
    __aeabi_dmul                             0x080043f9   Thumb Code     0  dmul.o(x$fpl$dmul)
    _dmul                                    0x080043f9   Thumb Code   332  dmul.o(x$fpl$dmul)
    __fpl_dnaninf                            0x0800454d   Thumb Code   156  dnaninf.o(x$fpl$dnaninf)
    __fpl_dretinf                            0x080045e9   Thumb Code    12  dretinf.o(x$fpl$dretinf)
    __aeabi_cdrcmple                         0x080045f5   Thumb Code     0  drleqf.o(x$fpl$drleqf)
    _drcmple                                 0x080045f5   Thumb Code   108  drleqf.o(x$fpl$drleqf)
    __aeabi_f2d                              0x08004661   Thumb Code     0  f2d.o(x$fpl$f2d)
    _f2d                                     0x08004661   Thumb Code    86  f2d.o(x$fpl$f2d)
    __aeabi_fdiv                             0x080046b9   Thumb Code     0  fdiv.o(x$fpl$fdiv)
    _fdiv                                    0x080046b9   Thumb Code   384  fdiv.o(x$fpl$fdiv)
    __aeabi_f2uiz                            0x0800483d   Thumb Code     0  ffixu.o(x$fpl$ffixu)
    _ffixu                                   0x0800483d   Thumb Code    62  ffixu.o(x$fpl$ffixu)
    __aeabi_i2f                              0x0800487d   Thumb Code     0  fflt_clz.o(x$fpl$fflt)
    _fflt                                    0x0800487d   Thumb Code    48  fflt_clz.o(x$fpl$fflt)
    __aeabi_ui2f                             0x080048ad   Thumb Code     0  fflt_clz.o(x$fpl$ffltu)
    _ffltu                                   0x080048ad   Thumb Code    38  fflt_clz.o(x$fpl$ffltu)
    __aeabi_fmul                             0x080048d5   Thumb Code     0  fmul.o(x$fpl$fmul)
    _fmul                                    0x080048d5   Thumb Code   258  fmul.o(x$fpl$fmul)
    __fpl_fnaninf                            0x080049d7   Thumb Code   140  fnaninf.o(x$fpl$fnaninf)
    __fpl_fretinf                            0x08004a63   Thumb Code    10  fretinf.o(x$fpl$fretinf)
    _printf_fp_dec                           0x08004a6d   Thumb Code     4  printf1.o(x$fpl$printf1)
    ASCII_Table                              0x08004a70   Data        4560  lcd.o(.constdata)
    __I$use$fp                               0x08004a70   Number         0  usenofp.o(x$fpl$usenofp)
    Region$$Table$$Base                      0x08005cd4   Number         0  anon$$obj.o(Region$$Table)
    Region$$Table$$Limit                     0x08005cf4   Number         0  anon$$obj.o(Region$$Table)
    SystemCoreClock                          0x20000000   Data           4  system_stm32f10x.o(.data)
    AHBPrescTable                            0x20000004   Data          16  system_stm32f10x.o(.data)
    dummy                                    0x2000002c   Data           2  lcd.o(.data)
    TimingDelay                              0x20000030   Data           4  main.o(.data)
    Time_adc                                 0x20000034   Data           4  main.o(.data)
    k                                        0x20000038   Data           4  main.o(.data)
    anjiancixu                               0x2000003c   Data           4  main.o(.data)
    UI_flag                                  0x20000040   Data           4  main.o(.data)
    BJ_flag                                  0x20000044   Data           4  main.o(.data)
    Time_RTC                                 0x20000048   Data           4  main.o(.data)
    Time_RTC_flag                            0x2000004c   Data           4  main.o(.data)
    flog_once                                0x20000050   Data           4  main.o(.data)
    shangbao_flag                            0x20000054   Data           4  main.o(.data)
    index                                    0x20000058   Data           4  main.o(.data)
    RXOVER                                   0x2000005c   Data           1  stm32f10x_it.o(.data)
    RXCUNT                                   0x2000005d   Data           1  stm32f10x_it.o(.data)
    buf                                      0x20000060   Data          50  main.o(.bss)
    str                                      0x20000092   Data          40  main.o(.bss)
    USART_RXBUF                              0x200000ba   Data          20  main.o(.bss)
    __libspace_start                         0x200000d0   Data          96  libspace.o(.bss)
    __temporary_stack_top$libspace           0x20000130   Data           0  libspace.o(.bss)



==============================================================================

Memory Map of the image

  Image Entry point : 0x080000ed

  Load Region LR_IROM1 (Base: 0x08000000, Size: 0x00005d70, Max: 0x00020000, ABSOLUTE)

    Execution Region ER_IROM1 (Base: 0x08000000, Size: 0x00005d10, Max: 0x00020000, ABSOLUTE)

    Base Addr    Size         Type   Attr      Idx    E Section Name        Object

    0x08000000   0x000000ec   Data   RO            3    RESET               startup_stm32f10x_md.o
    0x080000ec   0x00000008   Code   RO          959  * !!!main             c_w.l(__main.o)
    0x080000f4   0x00000034   Code   RO         1219    !!!scatter          c_w.l(__scatter.o)
    0x08000128   0x0000001a   Code   RO         1221    !!handler_copy      c_w.l(__scatter_copy.o)
    0x08000142   0x00000002   PAD
    0x08000144   0x0000001c   Code   RO         1223    !!handler_zi        c_w.l(__scatter_zi.o)
    0x08000160   0x00000000   Code   RO          956    .ARM.Collect$$_printf_percent$$00000000  c_w.l(_printf_percent.o)
    0x08000160   0x00000006   Code   RO          955    .ARM.Collect$$_printf_percent$$00000003  c_w.l(_printf_f.o)
    0x08000166   0x00000006   Code   RO          954    .ARM.Collect$$_printf_percent$$00000009  c_w.l(_printf_d.o)
    0x0800016c   0x00000004   Code   RO         1006    .ARM.Collect$$_printf_percent$$00000017  c_w.l(_printf_percent_end.o)
    0x08000170   0x00000002   Code   RO         1092    .ARM.Collect$$libinit$$00000000  c_w.l(libinit.o)
    0x08000172   0x00000000   Code   RO         1094    .ARM.Collect$$libinit$$00000002  c_w.l(libinit2.o)
    0x08000172   0x00000000   Code   RO         1096    .ARM.Collect$$libinit$$00000004  c_w.l(libinit2.o)
    0x08000172   0x00000000   Code   RO         1099    .ARM.Collect$$libinit$$0000000A  c_w.l(libinit2.o)
    0x08000172   0x00000000   Code   RO         1101    .ARM.Collect$$libinit$$0000000C  c_w.l(libinit2.o)
    0x08000172   0x00000000   Code   RO         1103    .ARM.Collect$$libinit$$0000000E  c_w.l(libinit2.o)
    0x08000172   0x00000006   Code   RO         1104    .ARM.Collect$$libinit$$0000000F  c_w.l(libinit2.o)
    0x08000178   0x00000000   Code   RO         1106    .ARM.Collect$$libinit$$00000011  c_w.l(libinit2.o)
    0x08000178   0x00000000   Code   RO         1108    .ARM.Collect$$libinit$$00000013  c_w.l(libinit2.o)
    0x08000178   0x00000000   Code   RO         1110    .ARM.Collect$$libinit$$00000015  c_w.l(libinit2.o)
    0x08000178   0x0000000a   Code   RO         1111    .ARM.Collect$$libinit$$00000016  c_w.l(libinit2.o)
    0x08000182   0x00000000   Code   RO         1112    .ARM.Collect$$libinit$$00000017  c_w.l(libinit2.o)
    0x08000182   0x00000000   Code   RO         1114    .ARM.Collect$$libinit$$00000019  c_w.l(libinit2.o)
    0x08000182   0x00000000   Code   RO         1116    .ARM.Collect$$libinit$$0000001B  c_w.l(libinit2.o)
    0x08000182   0x00000000   Code   RO         1118    .ARM.Collect$$libinit$$0000001D  c_w.l(libinit2.o)
    0x08000182   0x00000000   Code   RO         1120    .ARM.Collect$$libinit$$0000001F  c_w.l(libinit2.o)
    0x08000182   0x00000000   Code   RO         1122    .ARM.Collect$$libinit$$00000021  c_w.l(libinit2.o)
    0x08000182   0x00000000   Code   RO         1124    .ARM.Collect$$libinit$$00000023  c_w.l(libinit2.o)
    0x08000182   0x00000000   Code   RO         1126    .ARM.Collect$$libinit$$00000025  c_w.l(libinit2.o)
    0x08000182   0x00000000   Code   RO         1130    .ARM.Collect$$libinit$$0000002C  c_w.l(libinit2.o)
    0x08000182   0x00000000   Code   RO         1132    .ARM.Collect$$libinit$$0000002E  c_w.l(libinit2.o)
    0x08000182   0x00000000   Code   RO         1134    .ARM.Collect$$libinit$$00000030  c_w.l(libinit2.o)
    0x08000182   0x00000000   Code   RO         1136    .ARM.Collect$$libinit$$00000032  c_w.l(libinit2.o)
    0x08000182   0x00000002   Code   RO         1137    .ARM.Collect$$libinit$$00000033  c_w.l(libinit2.o)
    0x08000184   0x00000002   Code   RO         1167    .ARM.Collect$$libshutdown$$00000000  c_w.l(libshutdown.o)
    0x08000186   0x00000000   Code   RO         1178    .ARM.Collect$$libshutdown$$00000002  c_w.l(libshutdown2.o)
    0x08000186   0x00000000   Code   RO         1180    .ARM.Collect$$libshutdown$$00000004  c_w.l(libshutdown2.o)
    0x08000186   0x00000000   Code   RO         1183    .ARM.Collect$$libshutdown$$00000007  c_w.l(libshutdown2.o)
    0x08000186   0x00000000   Code   RO         1186    .ARM.Collect$$libshutdown$$0000000A  c_w.l(libshutdown2.o)
    0x08000186   0x00000000   Code   RO         1188    .ARM.Collect$$libshutdown$$0000000C  c_w.l(libshutdown2.o)
    0x08000186   0x00000000   Code   RO         1191    .ARM.Collect$$libshutdown$$0000000F  c_w.l(libshutdown2.o)
    0x08000186   0x00000002   Code   RO         1192    .ARM.Collect$$libshutdown$$00000010  c_w.l(libshutdown2.o)
    0x08000188   0x00000000   Code   RO          997    .ARM.Collect$$rtentry$$00000000  c_w.l(__rtentry.o)
    0x08000188   0x00000000   Code   RO         1019    .ARM.Collect$$rtentry$$00000002  c_w.l(__rtentry2.o)
    0x08000188   0x00000006   Code   RO         1031    .ARM.Collect$$rtentry$$00000004  c_w.l(__rtentry4.o)
    0x0800018e   0x00000000   Code   RO         1021    .ARM.Collect$$rtentry$$00000009  c_w.l(__rtentry2.o)
    0x0800018e   0x00000004   Code   RO         1022    .ARM.Collect$$rtentry$$0000000A  c_w.l(__rtentry2.o)
    0x08000192   0x00000000   Code   RO         1024    .ARM.Collect$$rtentry$$0000000C  c_w.l(__rtentry2.o)
    0x08000192   0x00000008   Code   RO         1025    .ARM.Collect$$rtentry$$0000000D  c_w.l(__rtentry2.o)
    0x0800019a   0x00000002   Code   RO         1138    .ARM.Collect$$rtexit$$00000000  c_w.l(rtexit.o)
    0x0800019c   0x00000000   Code   RO         1145    .ARM.Collect$$rtexit$$00000002  c_w.l(rtexit2.o)
    0x0800019c   0x00000004   Code   RO         1146    .ARM.Collect$$rtexit$$00000003  c_w.l(rtexit2.o)
    0x080001a0   0x00000006   Code   RO         1147    .ARM.Collect$$rtexit$$00000004  c_w.l(rtexit2.o)
    0x080001a6   0x00000002   PAD
    0x080001a8   0x00000040   Code   RO            4    .text               startup_stm32f10x_md.o
    0x080001e8   0x000001e0   Code   RO           26    .text               system_stm32f10x.o
    0x080003c8   0x0000035c   Code   RO          137    .text               stm32f10x_gpio.o
    0x08000724   0x000003a4   Code   RO          161    .text               stm32f10x_rcc.o
    0x08000ac8   0x000000dc   Code   RO          183    .text               misc.o
    0x08000ba4   0x00000148   Code   RO          203    .text               stm32f10x_rtc.o
    0x08000cec   0x0000044e   Code   RO          223    .text               stm32f10x_adc.o
    0x0800113a   0x00000002   PAD
    0x0800113c   0x000000c4   Code   RO          243    .text               stm32f10x_bkp.o
    0x08001200   0x000000cc   Code   RO          483    .text               stm32f10x_pwr.o
    0x080012cc   0x00000408   Code   RO          563    .text               stm32f10x_usart.o
    0x080016d4   0x000009f0   Code   RO          603    .text               lcd.o
    0x080020c4   0x000007d0   Code   RO          633    .text               main.o
    0x08002894   0x000000b4   Code   RO          766    .text               stm32f10x_it.o
    0x08002948   0x00000298   Code   RO          797    .text               i2c.o
    0x08002be0   0x00000080   Code   RO          817    .text               rtc_1.o
    0x08002c60   0x00000094   Code   RO          840    .text               adc.o
    0x08002cf4   0x0000006a   Code   RO          860    .text               e2prom.o
    0x08002d5e   0x00000002   PAD
    0x08002d60   0x000000ac   Code   RO          880    .text               key.o
    0x08002e0c   0x000000a8   Code   RO          903    .text               usart.o
    0x08002eb4   0x00000028   Code   RO          928    .text               c_w.l(noretval__2sprintf.o)
    0x08002edc   0x00000078   Code   RO          932    .text               c_w.l(_printf_dec.o)
    0x08002f54   0x0000010e   Code   RO          942    .text               c_w.l(__printf_wp.o)
    0x08003062   0x00000006   Code   RO          957    .text               c_w.l(heapauxi.o)
    0x08003068   0x000000b2   Code   RO          998    .text               c_w.l(_printf_intcommon.o)
    0x0800311a   0x0000041a   Code   RO         1000    .text               c_w.l(_printf_fp_dec.o)
    0x08003534   0x00000030   Code   RO         1002    .text               c_w.l(_printf_char_common.o)
    0x08003564   0x0000000a   Code   RO         1004    .text               c_w.l(_sputc.o)
    0x0800356e   0x00000002   PAD
    0x08003570   0x00000008   Code   RO         1036    .text               c_w.l(rt_locale_intlibspace.o)
    0x08003578   0x0000008a   Code   RO         1038    .text               c_w.l(lludiv10.o)
    0x08003602   0x00000002   PAD
    0x08003604   0x00000080   Code   RO         1040    .text               c_w.l(_printf_fp_infnan.o)
    0x08003684   0x000000dc   Code   RO         1044    .text               c_w.l(bigflt0.o)
    0x08003760   0x00000008   Code   RO         1078    .text               c_w.l(libspace.o)
    0x08003768   0x0000004a   Code   RO         1081    .text               c_w.l(sys_stackheap_outer.o)
    0x080037b2   0x00000012   Code   RO         1083    .text               c_w.l(exit.o)
    0x080037c4   0x00000080   Code   RO         1085    .text               c_w.l(strcmpv7m.o)
    0x08003844   0x0000000c   Code   RO         1157    .text               c_w.l(sys_exit.o)
    0x08003850   0x00000002   Code   RO         1168    .text               c_w.l(use_no_semi.o)
    0x08003852   0x00000000   Code   RO         1170    .text               c_w.l(indicate_semi.o)
    0x08003852   0x0000003e   Code   RO         1047    CL$$btod_d2e        c_w.l(btod.o)
    0x08003890   0x00000046   Code   RO         1049    CL$$btod_d2e_denorm_low  c_w.l(btod.o)
    0x080038d6   0x00000060   Code   RO         1048    CL$$btod_d2e_norm_op1  c_w.l(btod.o)
    0x08003936   0x00000338   Code   RO         1057    CL$$btod_div_common  c_w.l(btod.o)
    0x08003c6e   0x000000c6   Code   RO         1054    CL$$btod_e2e        c_w.l(btod.o)
    0x08003d34   0x00000028   Code   RO         1051    CL$$btod_ediv       c_w.l(btod.o)
    0x08003d5c   0x00000028   Code   RO         1050    CL$$btod_emul       c_w.l(btod.o)
    0x08003d84   0x00000244   Code   RO         1056    CL$$btod_mult_common  c_w.l(btod.o)
    0x08003fc8   0x00000028   Code   RO         1076    i.__ARM_fpclassify  m_ws.l(fpclassify.o)
    0x08003ff0   0x0000000e   Code   RO          944    i._is_digit         c_w.l(__printf_wp.o)
    0x08003ffe   0x00000002   PAD
    0x08004000   0x0000002c   Code   RO         1070    locale$$code        c_w.l(lc_numeric_c.o)
    0x0800402c   0x00000062   Code   RO          961    x$fpl$d2f           fz_ws.l(d2f.o)
    0x0800408e   0x00000018   Code   RO         1072    x$fpl$dcmpinf       fz_ws.l(dcmpi.o)
    0x080040a6   0x00000002   PAD
    0x080040a8   0x000002b0   Code   RO          964    x$fpl$ddiv          fz_ws.l(ddiv.o)
    0x08004358   0x00000026   Code   RO          967    x$fpl$dfltu         fz_ws.l(dflt_clz.o)
    0x0800437e   0x00000002   PAD
    0x08004380   0x00000078   Code   RO         1007    x$fpl$dleqf         fz_ws.l(dleqf.o)
    0x080043f8   0x00000154   Code   RO          973    x$fpl$dmul          fz_ws.l(dmul.o)
    0x0800454c   0x0000009c   Code   RO         1009    x$fpl$dnaninf       fz_ws.l(dnaninf.o)
    0x080045e8   0x0000000c   Code   RO         1011    x$fpl$dretinf       fz_ws.l(dretinf.o)
    0x080045f4   0x0000006c   Code   RO          975    x$fpl$drleqf        fz_ws.l(drleqf.o)
    0x08004660   0x00000056   Code   RO          977    x$fpl$f2d           fz_ws.l(f2d.o)
    0x080046b6   0x00000002   PAD
    0x080046b8   0x00000184   Code   RO          980    x$fpl$fdiv          fz_ws.l(fdiv.o)
    0x0800483c   0x0000003e   Code   RO          983    x$fpl$ffixu         fz_ws.l(ffixu.o)
    0x0800487a   0x00000002   PAD
    0x0800487c   0x00000030   Code   RO          988    x$fpl$fflt          fz_ws.l(fflt_clz.o)
    0x080048ac   0x00000026   Code   RO          987    x$fpl$ffltu         fz_ws.l(fflt_clz.o)
    0x080048d2   0x00000002   PAD
    0x080048d4   0x00000102   Code   RO          993    x$fpl$fmul          fz_ws.l(fmul.o)
    0x080049d6   0x0000008c   Code   RO         1013    x$fpl$fnaninf       fz_ws.l(fnaninf.o)
    0x08004a62   0x0000000a   Code   RO         1015    x$fpl$fretinf       fz_ws.l(fretinf.o)
    0x08004a6c   0x00000004   Code   RO          995    x$fpl$printf1       fz_ws.l(printf1.o)
    0x08004a70   0x00000000   Code   RO         1017    x$fpl$usenofp       fz_ws.l(usenofp.o)
    0x08004a70   0x000011d0   Data   RO          604    .constdata          lcd.o
    0x08005c40   0x00000094   Data   RO         1045    .constdata          c_w.l(bigflt0.o)
    0x08005cd4   0x00000020   Data   RO         1217    Region$$Table       anon$$obj.o
    0x08005cf4   0x0000001c   Data   RO         1069    locale$$data        c_w.l(lc_numeric_c.o)


    Execution Region RW_IRAM1 (Base: 0x20000000, Size: 0x00000730, Max: 0x00005000, ABSOLUTE)

    Base Addr    Size         Type   Attr      Idx    E Section Name        Object

    0x20000000   0x00000014   Data   RW           27    .data               system_stm32f10x.o
    0x20000014   0x00000014   Data   RW          162    .data               stm32f10x_rcc.o
    0x20000028   0x00000006   Data   RW          605    .data               lcd.o
    0x2000002e   0x00000002   PAD
    0x20000030   0x0000002c   Data   RW          635    .data               main.o
    0x2000005c   0x00000002   Data   RW          767    .data               stm32f10x_it.o
    0x2000005e   0x00000002   PAD
    0x20000060   0x0000006e   Zero   RW          634    .bss                main.o
    0x200000ce   0x00000002   PAD
    0x200000d0   0x00000060   Zero   RW         1079    .bss                c_w.l(libspace.o)
    0x20000130   0x00000200   Zero   RW            2    HEAP                startup_stm32f10x_md.o
    0x20000330   0x00000400   Zero   RW            1    STACK               startup_stm32f10x_md.o


==============================================================================

Image component sizes


      Code (inc. data)   RO Data    RW Data    ZI Data      Debug   Object Name

       148          8          0          0          0        603   adc.o
         0          0          0          0          0       4500   core_cm3.o
       106          0          0          0          0        843   e2prom.o
       664          6          0          0          0       2833   i2c.o
       172         18          0          0          0        773   key.o
      2544         78       4560          6          0       8592   lcd.o
      2000        342          0         44        110     227116   main.o
       220         22          0          0          0       1905   misc.o
       128          0          0          0          0        683   rtc_1.o
        64         26        236          0       1536        964   startup_stm32f10x_md.o
      1102         26          0          0          0      11145   stm32f10x_adc.o
       196          8          0          0          0       3600   stm32f10x_bkp.o
       860         38          0          0          0       5837   stm32f10x_gpio.o
       180         30          0          2          0       1855   stm32f10x_it.o
       204         14          0          0          0       1995   stm32f10x_pwr.o
       932         36          0         20          0       9032   stm32f10x_rcc.o
       328          4          0          0          0       2762   stm32f10x_rtc.o
      1032         22          0          0          0       8560   stm32f10x_usart.o
       480         38          0         20          0     238175   system_stm32f10x.o
       168          8          0          0          0        665   usart.o

    ----------------------------------------------------------------------
     11532        724       4828         96       1648     532438   Object Totals
         0          0         32          0          0          0   (incl. Generated)
         4          0          0          4          2          0   (incl. Padding)

    ----------------------------------------------------------------------

      Code (inc. data)   RO Data    RW Data    ZI Data      Debug   Library Member Name

         8          0          0          0          0         68   __main.o
       284          0          0          0          0        156   __printf_wp.o
         0          0          0          0          0          0   __rtentry.o
        12          0          0          0          0          0   __rtentry2.o
         6          0          0          0          0          0   __rtentry4.o
        52          8          0          0          0          0   __scatter.o
        26          0          0          0          0          0   __scatter_copy.o
        28          0          0          0          0          0   __scatter_zi.o
        48          6          0          0          0         96   _printf_char_common.o
         6          0          0          0          0          0   _printf_d.o
       120         16          0          0          0         92   _printf_dec.o
         6          0          0          0          0          0   _printf_f.o
      1050          0          0          0          0        216   _printf_fp_dec.o
       128         16          0          0          0         84   _printf_fp_infnan.o
       178          0          0          0          0         88   _printf_intcommon.o
         0          0          0          0          0          0   _printf_percent.o
         4          0          0          0          0          0   _printf_percent_end.o
        10          0          0          0          0         68   _sputc.o
       220          4        148          0          0         96   bigflt0.o
      1910        128          0          0          0        672   btod.o
        18          0          0          0          0         80   exit.o
         6          0          0          0          0        152   heapauxi.o
         0          0          0          0          0          0   indicate_semi.o
        44         10         28          0          0         76   lc_numeric_c.o
         2          0          0          0          0          0   libinit.o
        18          0          0          0          0          0   libinit2.o
         2          0          0          0          0          0   libshutdown.o
         2          0          0          0          0          0   libshutdown2.o
         8          4          0          0         96         68   libspace.o
       138          0          0          0          0         80   lludiv10.o
        40          6          0          0          0         84   noretval__2sprintf.o
         8          4          0          0          0         68   rt_locale_intlibspace.o
         2          0          0          0          0          0   rtexit.o
        10          0          0          0          0          0   rtexit2.o
       128          0          0          0          0         68   strcmpv7m.o
        12          4          0          0          0         68   sys_exit.o
        74          0          0          0          0         80   sys_stackheap_outer.o
         2          0          0          0          0         68   use_no_semi.o
        98          4          0          0          0         92   d2f.o
        24          0          0          0          0         68   dcmpi.o
       688        140          0          0          0        208   ddiv.o
        38          0          0          0          0         68   dflt_clz.o
       120          4          0          0          0         92   dleqf.o
       340         12          0          0          0        104   dmul.o
       156          4          0          0          0         92   dnaninf.o
        12          0          0          0          0         68   dretinf.o
       108          0          0          0          0         80   drleqf.o
        86          4          0          0          0         84   f2d.o
       388         76          0          0          0         96   fdiv.o
        62          4          0          0          0         84   ffixu.o
        86          0          0          0          0        136   fflt_clz.o
       258          4          0          0          0         84   fmul.o
       140          4          0          0          0         84   fnaninf.o
        10          0          0          0          0         68   fretinf.o
         4          0          0          0          0         68   printf1.o
         0          0          0          0          0          0   usenofp.o
        40          0          0          0          0         68   fpclassify.o

    ----------------------------------------------------------------------
      7288        462        176          0         96       4172   Library Totals
        20          0          0          0          0          0   (incl. Padding)

    ----------------------------------------------------------------------

      Code (inc. data)   RO Data    RW Data    ZI Data      Debug   Library Name

      4610        206        176          0         96       2528   c_w.l
      2618        256          0          0          0       1576   fz_ws.l
        40          0          0          0          0         68   m_ws.l

    ----------------------------------------------------------------------
      7288        462        176          0         96       4172   Library Totals

    ----------------------------------------------------------------------

==============================================================================


      Code (inc. data)   RO Data    RW Data    ZI Data      Debug   

     18820       1186       5004         96       1744     532238   Grand Totals
     18820       1186       5004         96       1744     532238   ELF Image Totals
     18820       1186       5004         96          0          0   ROM Totals

==============================================================================

    Total RO  Size (Code + RO Data)                23824 (  23.27kB)
    Total RW  Size (RW Data + ZI Data)              1840 (   1.80kB)
    Total ROM Size (Code + RO Data + RW Data)      23920 (  23.36kB)

==============================================================================

