Component: ARM Compiler 5.06 update 2 (build 183) Tool: armlink [4d35b7]

==============================================================================

Section Cross References

    startup_stm32f10x_md.o(STACK) refers (Special) to heapauxi.o(.text) for __use_two_region_memory
    startup_stm32f10x_md.o(HEAP) refers (Special) to heapauxi.o(.text) for __use_two_region_memory
    startup_stm32f10x_md.o(RESET) refers (Special) to heapauxi.o(.text) for __use_two_region_memory
    startup_stm32f10x_md.o(RESET) refers to startup_stm32f10x_md.o(STACK) for __initial_sp
    startup_stm32f10x_md.o(RESET) refers to startup_stm32f10x_md.o(.text) for Reset_Handler
    startup_stm32f10x_md.o(RESET) refers to stm32f10x_it.o(.text) for NMI_Handler
    startup_stm32f10x_md.o(.text) refers (Special) to heapauxi.o(.text) for __use_two_region_memory
    startup_stm32f10x_md.o(.text) refers to system_stm32f10x.o(.text) for SystemInit
    startup_stm32f10x_md.o(.text) refers to __main.o(!!!main) for __main
    startup_stm32f10x_md.o(.text) refers to startup_stm32f10x_md.o(HEAP) for Heap_Mem
    startup_stm32f10x_md.o(.text) refers to startup_stm32f10x_md.o(STACK) for Stack_Mem
    system_stm32f10x.o(.text) refers to system_stm32f10x.o(.data) for SystemCoreClock
    stm32f10x_gpio.o(.text) refers to stm32f10x_rcc.o(.text) for RCC_APB2PeriphResetCmd
    stm32f10x_rcc.o(.text) refers to stm32f10x_rcc.o(.data) for APBAHBPrescTable
    stm32f10x_tim.o(.text) refers to stm32f10x_rcc.o(.text) for RCC_APB2PeriphResetCmd
    stm32f10x_usart.o(.text) refers to stm32f10x_rcc.o(.text) for RCC_APB2PeriphResetCmd
    lcd.o(.text) refers to stm32f10x_gpio.o(.text) for GPIO_Init
    lcd.o(.text) refers to stm32f10x_rcc.o(.text) for RCC_APB2PeriphClockCmd
    lcd.o(.text) refers to lcd.o(.data) for dummy
    lcd.o(.text) refers to lcd.o(.constdata) for ASCII_Table
    main.o(.text) refers to _printf_percent.o(.ARM.Collect$$_printf_percent$$00000000) for _printf_percent
    main.o(.text) refers to _printf_d.o(.ARM.Collect$$_printf_percent$$00000009) for _printf_d
    main.o(.text) refers to _printf_f.o(.ARM.Collect$$_printf_percent$$00000003) for _printf_f
    main.o(.text) refers to _printf_dec.o(.text) for _printf_int_dec
    main.o(.text) refers to printf1.o(x$fpl$printf1) for _printf_fp_dec
    main.o(.text) refers to _printf_c.o(.ARM.Collect$$_printf_percent$$00000013) for _printf_c
    main.o(.text) refers to _printf_str.o(.text) for _printf_str
    main.o(.text) refers to key.o(.text) for LED_Control
    main.o(.text) refers to f2d.o(x$fpl$f2d) for __aeabi_f2d
    main.o(.text) refers to noretval__2sprintf.o(.text) for __2sprintf
    main.o(.text) refers to lcd.o(.text) for LCD_DisplayStringLine
    main.o(.text) refers to usart.o(.text) for USART_SendString
    main.o(.text) refers to atof.o(i.atof) for atof
    main.o(.text) refers to d2f.o(x$fpl$d2f) for __aeabi_d2f
    main.o(.text) refers to fflt_clz.o(x$fpl$fflt) for __aeabi_i2f
    main.o(.text) refers to fmul.o(x$fpl$fmul) for __aeabi_fmul
    main.o(.text) refers to stm32f10x_usart.o(.text) for USART_ITConfig
    main.o(.text) refers to stm32f10x_gpio.o(.text) for GPIO_ReadInputDataBit
    main.o(.text) refers to main.o(.data) for j
    main.o(.text) refers to main.o(.bss) for cccc
    main.o(.text) refers to stm32f10x_it.o(.bss) for USART_RXBUF
    main.o(.text) refers to stm32f10x_it.o(.data) for RXOVER
    main.o(.text) refers to pwm.o(.text) for PWM_IO_Config
    main.o(.text) refers to system_stm32f10x.o(.data) for SystemCoreClock
    stm32f10x_it.o(.text) refers to stm32f10x_usart.o(.text) for USART_GetITStatus
    stm32f10x_it.o(.text) refers to stm32f10x_it.o(.data) for k
    stm32f10x_it.o(.text) refers to main.o(.data) for time_s
    stm32f10x_it.o(.text) refers to stm32f10x_it.o(.bss) for USART_RXBUF
    key.o(.text) refers to stm32f10x_rcc.o(.text) for RCC_APB2PeriphClockCmd
    key.o(.text) refers to stm32f10x_gpio.o(.text) for GPIO_Init
    pwm.o(.text) refers to stm32f10x_rcc.o(.text) for RCC_APB1PeriphClockCmd
    pwm.o(.text) refers to stm32f10x_tim.o(.text) for TIM_TimeBaseInit
    pwm.o(.text) refers to stm32f10x_gpio.o(.text) for GPIO_Init
    usart.o(.text) refers to misc.o(.text) for NVIC_PriorityGroupConfig
    usart.o(.text) refers to stm32f10x_rcc.o(.text) for RCC_APB2PeriphClockCmd
    usart.o(.text) refers to stm32f10x_gpio.o(.text) for GPIO_Init
    usart.o(.text) refers to stm32f10x_usart.o(.text) for USART_Init
    __2sprintf.o(.text) refers to _printf_char_common.o(.text) for _printf_char_common
    __2sprintf.o(.text) refers to _sputc.o(.text) for _sputc
    noretval__2sprintf.o(.text) refers to _printf_char_common.o(.text) for _printf_char_common
    noretval__2sprintf.o(.text) refers to _sputc.o(.text) for _sputc
    __printf.o(.text) refers to _printf_percent.o(.ARM.Collect$$_printf_percent$$00000000) for _printf_percent
    _printf_str.o(.text) refers (Special) to _printf_char.o(.text) for _printf_cs_common
[...]
    .ARM.Collect$$_printf_percent$$00000009  0x08000166   Section        6  _printf_d.o(.ARM.Collect$$_printf_percent$$00000009)
    .ARM.Collect$$_printf_percent$$00000013  0x0800016c   Section        6  _printf_c.o(.ARM.Collect$$_printf_percent$$00000013)
    .ARM.Collect$$_printf_percent$$00000017  0x08000172   Section        4  _printf_percent_end.o(.ARM.Collect$$_printf_percent$$00000017)
    .ARM.Collect$$libinit$$00000000          0x08000176   Section        2  libinit.o(.ARM.Collect$$libinit$$00000000)
    .ARM.Collect$$libinit$$00000002          0x08000178   Section        0  libinit2.o(.ARM.Collect$$libinit$$00000002)
    .ARM.Collect$$libinit$$00000004          0x08000178   Section        0  libinit2.o(.ARM.Collect$$libinit$$00000004)
    .ARM.Collect$$libinit$$0000000A          0x08000178   Section        0  libinit2.o(.ARM.Collect$$libinit$$0000000A)
    .ARM.Collect$$libinit$$0000000C          0x08000178   Section        0  libinit2.o(.ARM.Collect$$libinit$$0000000C)
    .ARM.Collect$$libinit$$0000000E          0x08000178   Section        0  libinit2.o(.ARM.Collect$$libinit$$0000000E)
    .ARM.Collect$$libinit$$0000000F          0x08000178   Section        6  libinit2.o(.ARM.Collect$$libinit$$0000000F)
    .ARM.Collect$$libinit$$00000011          0x0800017e   Section        0  libinit2.o(.ARM.Collect$$libinit$$00000011)
    .ARM.Collect$$libinit$$00000012          0x0800017e   Section       12  libinit2.o(.ARM.Collect$$libinit$$00000012)
    .ARM.Collect$$libinit$$00000013          0x0800018a   Section        0  libinit2.o(.ARM.Collect$$libinit$$00000013)
    .ARM.Collect$$libinit$$00000015          0x0800018a   Section        0  libinit2.o(.ARM.Collect$$libinit$$00000015)
    .ARM.Collect$$libinit$$00000016          0x0800018a   Section       10  libinit2.o(.ARM.Collect$$libinit$$00000016)
    .ARM.Collect$$libinit$$00000017          0x08000194   Section        0  libinit2.o(.ARM.Collect$$libinit$$00000017)
    .ARM.Collect$$libinit$$00000019          0x08000194   Section        0  libinit2.o(.ARM.Collect$$libinit$$00000019)
    .ARM.Collect$$libinit$$0000001B          0x08000194   Section        0  libinit2.o(.ARM.Collect$$libinit$$0000001B)
    .ARM.Collect$$libinit$$0000001D          0x08000194   Section        0  libinit2.o(.ARM.Collect$$libinit$$0000001D)
    .ARM.Collect$$libinit$$0000001F          0x08000194   Section        0  libinit2.o(.ARM.Collect$$libinit$$0000001F)
    .ARM.Collect$$libinit$$00000021          0x08000194   Section        0  libinit2.o(.ARM.Collect$$libinit$$00000021)
    .ARM.Collect$$libinit$$00000023          0x08000194   Section        0  libinit2.o(.ARM.Collect$$libinit$$00000023)
    .ARM.Collect$$libinit$$00000025          0x08000194   Section        0  libinit2.o(.ARM.Collect$$libinit$$00000025)
    .ARM.Collect$$libinit$$0000002C          0x08000194   Section        0  libinit2.o(.ARM.Collect$$libinit$$0000002C)
    .ARM.Collect$$libinit$$0000002E          0x08000194   Section        0  libinit2.o(.ARM.Collect$$libinit$$0000002E)
    .ARM.Collect$$libinit$$00000030          0x08000194   Section        0  libinit2.o(.ARM.Collect$$libinit$$00000030)
    .ARM.Collect$$libinit$$00000032          0x08000194   Section        0  libinit2.o(.ARM.Collect$$libinit$$00000032)
    .ARM.Collect$$libinit$$00000033          0x08000194   Section        2  libinit2.o(.ARM.Collect$$libinit$$00000033)
    .ARM.Collect$$libshutdown$$00000000      0x08000196   Section        2  libshutdown.o(.ARM.Collect$$libshutdown$$00000000)
    .ARM.Collect$$libshutdown$$00000002      0x08000198   Section        0  libshutdown2.o(.ARM.Collect$$libshutdown$$00000002)
    .ARM.Collect$$libshutdown$$00000004      0x08000198   Section        0  libshutdown2.o(.ARM.Collect$$libshutdown$$00000004)
    .ARM.Collect$$libshutdown$$00000007      0x08000198   Section        0  libshutdown2.o(.ARM.Collect$$libshutdown$$00000007)
    .ARM.Collect$$libshutdown$$0000000A      0x08000198   Section        0  libshutdown2.o(.ARM.Collect$$libshutdown$$0000000A)
    .ARM.Collect$$libshutdown$$0000000C      0x08000198   Section        0  libshutdown2.o(.ARM.Collect$$libshutdown$$0000000C)
    .ARM.Collect$$libshutdown$$0000000F      0x08000198   Section        0  libshutdown2.o(.ARM.Collect$$libshutdown$$0000000F)
    .ARM.Collect$$libshutdown$$00000010      0x08000198   Section        2  libshutdown2.o(.ARM.Collect$$libshutdown$$00000010)
    .ARM.Collect$$rtentry$$00000000          0x0800019a   Section        0  __rtentry.o(.ARM.Collect$$rtentry$$00000000)
    .ARM.Collect$$rtentry$$00000002          0x0800019a   Section        0  __rtentry2.o(.ARM.Collect$$rtentry$$00000002)
    .ARM.Collect$$rtentry$$00000004          0x0800019a   Section        6  __rtentry4.o(.ARM.Collect$$rtentry$$00000004)
    .ARM.Collect$$rtentry$$00000009          0x080001a0   Section        0  __rtentry2.o(.ARM.Collect$$rtentry$$00000009)
    .ARM.Collect$$rtentry$$0000000A          0x080001a0   Section        4  __rtentry2.o(.ARM.Collect$$rtentry$$0000000A)
    .ARM.Collect$$rtentry$$0000000C          0x080001a4   Section        0  __rtentry2.o(.ARM.Collect$$rtentry$$0000000C)
    .ARM.Collect$$rtentry$$0000000D          0x080001a4   Section        8  __rtentry2.o(.ARM.Collect$$rtentry$$0000000D)
    .ARM.Collect$$rtexit$$00000000           0x080001ac   Section        2  rtexit.o(.ARM.Collect$$rtexit$$00000000)
    .ARM.Collect$$rtexit$$00000002           0x080001ae   Section        0  rtexit2.o(.ARM.Collect$$rtexit$$00000002)
    .ARM.Collect$$rtexit$$00000003           0x080001ae   Section        4  rtexit2.o(.ARM.Collect$$rtexit$$00000003)
    .ARM.Collect$$rtexit$$00000004           0x080001b2   Section        6  rtexit2.o(.ARM.Collect$$rtexit$$00000004)
    .text                                    0x080001b8   Section       64  startup_stm32f10x_md.o(.text)
    .text                                    0x080001f8   Section        0  system_stm32f10x.o(.text)
    SetSysClockTo72                          0x080001f9   Thumb Code   214  system_stm32f10x.o(.text)
    SetSysClock                              0x080002cf   Thumb Code     8  system_stm32f10x.o(.text)
    .text                                    0x080003d8   Section        0  stm32f10x_gpio.o(.text)
    .text                                    0x08000734   Section        0  stm32f10x_rcc.o(.text)
    .text                                    0x08000ad8   Section        0  misc.o(.text)
    .text                                    0x08000bb4   Section        0  stm32f10x_tim.o(.text)
    TI4_Config                               0x0800105b   Thumb Code   130  stm32f10x_tim.o(.text)
    TI3_Config                               0x080010ef   Thumb Code   122  stm32f10x_tim.o(.text)
    TI2_Config                               0x08001183   Thumb Code   130  stm32f10x_tim.o(.text)
    TI1_Config                               0x08001217   Thumb Code   108  stm32f10x_tim.o(.text)
    .text                                    0x080019d0   Section        0  stm32f10x_usart.o(.text)
    .text                                    0x08001dd8   Section        0  lcd.o(.text)
    .text                                    0x080027e4   Section        0  main.o(.text)
    .text                                    0x08002ef4   Section        0  stm32f10x_it.o(.text)
    .text                                    0x08002fa4   Section        0  key.o(.text)
    .text                                    0x08003068   Section        0  pwm.o(.text)
    .text                                    0x08003128   Section        0  usart.o(.text)
    .text                                    0x0800320c   Section        0  noretval__2sprintf.o(.text)
    .text                                    0x08003234   Section        0  _printf_str.o(.text)
    .text                                    0x08003288   Section        0  _printf_dec.o(.text)
    .text                                    0x08003300   Section        0  __printf_wp.o(.text)
    .text                                    0x0800340e   Section        0  heapauxi.o(.text)
    .text                                    0x08003414   Section        0  _rserrno.o(.text)
    .text                                    0x0800342a   Section        0  _printf_intcommon.o(.text)
    .text                                    0x080034dc   Section        0  _printf_fp_dec.o(.text)
    _fp_digits                               0x080034df   Thumb Code   428  _printf_fp_dec.o(.text)
    .text                                    0x080038f8   Section        0  _printf_char_common.o(.text)
    _printf_input_char                       0x080038f9   Thumb Code    10  _printf_char_common.o(.text)
    .text                                    0x08003928   Section        0  _sputc.o(.text)
    .text                                    0x08003932   Section        0  _printf_char.o(.text)
    .text                                    0x08003960   Section        0  strtod.o(.text)
    _local_sscanf                            0x08003961   Thumb Code    60  strtod.o(.text)
    .text                                    0x08003a00   Section        8  rt_locale_intlibspace.o(.text)
    .text                                    0x08003a08   Section        8  rt_errno_addr_intlibspace.o(.text)
    .text                                    0x08003a10   Section      138  lludiv10.o(.text)
    .text                                    0x08003a9a   Section        0  isspace.o(.text)
    .text                                    0x08003aac   Section        0  _printf_fp_infnan.o(.text)
    .text                                    0x08003b2c   Section        0  _sgetc.o(.text)
    .text                                    0x08003b6c   Section        0  bigflt0.o(.text)
    .text                                    0x08003c48   Section        8  libspace.o(.text)
    .text                                    0x08003c50   Section       74  sys_stackheap_outer.o(.text)
    .text                                    0x08003c9c   Section       16  rt_ctype_table.o(.text)
    .text                                    0x08003cac   Section        0  scanf_fp.o(.text)
    _fp_value                                0x08003cad   Thumb Code   508  scanf_fp.o(.text)
    .text                                    0x08004150   Section        0  exit.o(.text)
    .text                                    0x08004164   Section      128  strcmpv7m.o(.text)
    .text                                    0x080041e4   Section        0  scanf_hexfp.o(.text)
    .text                                    0x08004504   Section        0  scanf_infnan.o(.text)
    .text                                    0x08004638   Section        0  sys_exit.o(.text)
    .text                                    0x08004644   Section       38  llshl.o(.text)
    .text                                    0x0800466a   Section        0  _chval.o(.text)
    .text                                    0x08004686   Section        2  use_no_semi.o(.text)
    .text                                    0x08004688   Section        0  indicate_semi.o(.text)
    CL$$btod_d2e                             0x08004688   Section       62  btod.o(CL$$btod_d2e)
    CL$$btod_d2e_denorm_low                  0x080046c6   Section       70  btod.o(CL$$btod_d2e_denorm_low)
    CL$$btod_d2e_norm_op1                    0x0800470c   Section       96  btod.o(CL$$btod_d2e_norm_op1)
    CL$$btod_div_common                      0x0800476c   Section      824  btod.o(CL$$btod_div_common)
    CL$$btod_e2d                             0x08004aa4   Section       84  btod.o(CL$$btod_e2d)
    CL$$btod_e2e                             0x08004af8   Section      198  btod.o(CL$$btod_e2e)
    CL$$btod_ediv                            0x08004bbe   Section       40  btod.o(CL$$btod_ediv)
    CL$$btod_edivd                           0x08004be6   Section       40  btod.o(CL$$btod_edivd)
    CL$$btod_emul                            0x08004c0e   Section       40  btod.o(CL$$btod_emul)
    CL$$btod_emuld                           0x08004c36   Section       40  btod.o(CL$$btod_emuld)
    CL$$btod_mult_common                     0x08004c5e   Section      580  btod.o(CL$$btod_mult_common)
    i.__ARM_fpclassify                       0x08004ea2   Section        0  fpclassify.o(i.__ARM_fpclassify)
    i.__mathlib_dbl_overflow                 0x08004eca   Section        0  dunder.o(i.__mathlib_dbl_overflow)
    i.__mathlib_dbl_underflow                0x08004ed8   Section        0  dunder.o(i.__mathlib_dbl_underflow)
    i.__mathlib_narrow                       0x08004ee8   Section        0  narrow.o(i.__mathlib_narrow)
    i.__mathlib_tofloat                      0x08004ef8   Section        0  narrow.o(i.__mathlib_tofloat)
    i.__support_ldexp                        0x08004f80   Section        0  ldexp.o(i.__support_ldexp)
    i._is_digit                              0x08004f96   Section        0  __printf_wp.o(i._is_digit)
    i.atof                                   0x08004fa4   Section        0  atof.o(i.atof)
    i.frexp                                  0x08004fd0   Section        0  frexp.o(i.frexp)
    i.ldexp                                  0x08005028   Section        0  ldexp.o(i.ldexp)
    locale$$code                             0x0800509c   Section       44  lc_numeric_c.o(locale$$code)
    locale$$code                             0x080050c8   Section       44  lc_ctype_c.o(locale$$code)
    x$fpl$d2f                                0x080050f4   Section       98  d2f.o(x$fpl$d2f)
    x$fpl$dcheck1                            0x08005158   Section       16  dcheck1.o(x$fpl$dcheck1)
    x$fpl$dcmpinf                            0x08005168   Section       24  dcmpi.o(x$fpl$dcmpinf)
    x$fpl$deqf                               0x08005180   Section      120  deqf.o(x$fpl$deqf)
    x$fpl$dleqf                              0x080051f8   Section      120  dleqf.o(x$fpl$dleqf)
    x$fpl$dnaninf                            0x08005270   Section      156  dnaninf.o(x$fpl$dnaninf)
    x$fpl$dretinf                            0x0800530c   Section       12  dretinf.o(x$fpl$dretinf)
    x$fpl$drleqf                             0x08005318   Section      108  drleqf.o(x$fpl$drleqf)
    x$fpl$f2d                                0x08005384   Section       86  f2d.o(x$fpl$f2d)
    x$fpl$fflt                               0x080053dc   Section       48  fflt_clz.o(x$fpl$fflt)
    x$fpl$fmul                               0x0800540c   Section      258  fmul.o(x$fpl$fmul)
    x$fpl$fnaninf                            0x0800550e   Section      140  fnaninf.o(x$fpl$fnaninf)
    x$fpl$fretinf                            0x0800559a   Section       10  fretinf.o(x$fpl$fretinf)
    x$fpl$printf1                            0x080055a4   Section        4  printf1.o(x$fpl$printf1)
    x$fpl$retnan                             0x080055a8   Section      100  retnan.o(x$fpl$retnan)
    x$fpl$scalbn                             0x0800560c   Section       92  scalbn.o(x$fpl$scalbn)
    x$fpl$scanf1                             0x08005668   Section        4  scanf1.o(x$fpl$scanf1)
    x$fpl$scanf2                             0x0800566c   Section        8  scanf2.o(x$fpl$scanf2)
    x$fpl$trapveneer                         0x08005674   Section       48  trapv.o(x$fpl$trapveneer)
    .constdata                               0x080056a4   Section     4560  lcd.o(.constdata)
    x$fpl$usenofp                            0x080056a4   Section        0  usenofp.o(x$fpl$usenofp)
    .constdata                               0x08006874   Section      148  bigflt0.o(.constdata)
    tenpwrs_x                                0x08006874   Data          60  bigflt0.o(.constdata)
    tenpwrs_i                                0x080068b0   Data          64  bigflt0.o(.constdata)
    c$$dinf                                  0x08006928   Section        8  fpconst.o(c$$dinf)
    locale$$data                             0x08006930   Section       28  lc_numeric_c.o(locale$$data)
    __lcnum_c_name                           0x08006934   Data           2  lc_numeric_c.o(locale$$data)
    __lcnum_c_start                          0x0800693c   Data           0  lc_numeric_c.o(locale$$data)
    __lcnum_c_point                          0x08006948   Data           0  lc_numeric_c.o(locale$$data)
    __lcnum_c_thousands                      0x0800694a   Data           0  lc_numeric_c.o(locale$$data)
    __lcnum_c_grouping                       0x0800694b   Data           0  lc_numeric_c.o(locale$$data)
    locale$$data                             0x0800694c   Section      272  lc_ctype_c.o(locale$$data)
    __lcnum_c_end                            0x0800694c   Data           0  lc_numeric_c.o(locale$$data)
    __lcctype_c_name                         0x08006950   Data           2  lc_ctype_c.o(locale$$data)
    __lcctype_c_start                        0x08006958   Data           0  lc_ctype_c.o(locale$$data)
    __lcctype_c_end                          0x08006a5c   Data           0  lc_ctype_c.o(locale$$data)
    .data                                    0x20000000   Section       20  system_stm32f10x.o(.data)
    .data                                    0x20000014   Section       20  stm32f10x_rcc.o(.data)
    APBAHBPrescTable                         0x20000014   Data          16  stm32f10x_rcc.o(.data)
    ADCPrescTable                            0x20000024   Data           4  stm32f10x_rcc.o(.data)
    .data                                    0x20000028   Section        6  lcd.o(.data)
    TextColor                                0x20000028   Data           2  lcd.o(.data)
    BackColor                                0x2000002a   Data           2  lcd.o(.data)
    .data                                    0x20000030   Section       44  main.o(.data)
    .data                                    0x2000005c   Section        8  stm32f10x_it.o(.data)
    .bss                                     0x20000064   Section      206  main.o(.bss)
    .bss                                     0x20000132   Section       22  stm32f10x_it.o(.bss)
    .bss                                     0x20000148   Section       96  libspace.o(.bss)
    HEAP                                     0x200001a8   Section      512  startup_stm32f10x_md.o(HEAP)
    Heap_Mem                                 0x200001a8   Data         512  startup_stm32f10x_md.o(HEAP)
    STACK                                    0x200003a8   Section     1024  startup_stm32f10x_md.o(STACK)
    Stack_Mem                                0x200003a8   Data        1024  startup_stm32f10x_md.o(STACK)
    __initial_sp                             0x200007a8   Data           0  startup_stm32f10x_md.o(STACK)

    Global Symbols

    Symbol Name                              Value     Ov Type        Size  Object(Section)

    BuildAttributes$$THM_ISAv4$P$D$K$B$S$PE$A:L22UL41UL21$X:L11$S22US41US21$IEEE1$IW$USESV6$~STKCKD$USESV7$~SHL$OTIME$ROPI$IEEEX$EBA8$UX$STANDARDLIB$REQ8$PRES8$EABIv2 0x00000000   Number         0  anon$$obj.o ABSOLUTE
    __ARM_use_no_argv                        0x00000000   Number         0  main.o ABSOLUTE
    _printf_flags                            0x00000000   Number         0  printf_stubs.o ABSOLUTE
    _printf_return_value                     0x00000000   Number         0  printf_stubs.o ABSOLUTE
    _printf_sizespec                         0x00000000   Number         0  printf_stubs.o ABSOLUTE
    _printf_widthprec                        0x00000000   Number         0  printf_stubs.o ABSOLUTE
    __ARM_exceptions_init                     - Undefined Weak Reference
    __alloca_initialize                       - Undefined Weak Reference
    __arm_preinit_                            - Undefined Weak Reference
    __cpp_initialize__aeabi_                  - Undefined Weak Reference
    __cxa_finalize                            - Undefined Weak Reference
    __sigvec_lookup                           - Undefined Weak Reference
    _atexit_init                              - Undefined Weak Reference
    _call_atexit_fns                          - Undefined Weak Reference
    _clock_init                               - Undefined Weak Reference
    _fp_trap_init                             - Undefined Weak Reference
    _fp_trap_shutdown                         - Undefined Weak Reference
    _get_lc_collate                           - Undefined Weak Reference
    _get_lc_monetary                          - Undefined Weak Reference
    _get_lc_time                              - Undefined Weak Reference
    _getenv_init                              - Undefined Weak Reference
    _handle_redirection                       - Undefined Weak Reference
    _init_alloc                               - Undefined Weak Reference
    _init_user_alloc                          - Undefined Weak Reference
    _initio                                   - Undefined Weak Reference
    _printf_mbtowc                            - Undefined Weak Reference
    _printf_post_padding                      - Undefined Weak Reference
    _printf_pre_padding                       - Undefined Weak Reference
    _printf_truncate_signed                   - Undefined Weak Reference
    _printf_truncate_unsigned                 - Undefined Weak Reference
    _rand_init                                - Undefined Weak Reference
    _signal_finish                            - Undefined Weak Reference
    _signal_init                              - Undefined Weak Reference
    _terminate_alloc                          - Undefined Weak Reference
    _terminate_user_alloc                     - Undefined Weak Reference
    _terminateio                              - Undefined Weak Reference
    __Vectors_Size                           0x000000ec   Number         0  startup_stm32f10x_md.o ABSOLUTE
    __Vectors                                0x08000000   Data           4  startup_stm32f10x_md.o(RESET)
    __Vectors_End                            0x080000ec   Data           0  startup_stm32f10x_md.o(RESET)
    __main                                   0x080000ed   Thumb Code     8  __main.o(!!!main)
    __scatterload                            0x080000f5   Thumb Code     0  __scatter.o(!!!scatter)
    __scatterload_rt2                        0x080000f5   Thumb Code    44  __scatter.o(!!!scatter)
    __scatterload_rt2_thumb_only             0x080000f5   Thumb Code     0  __scatter.o(!!!scatter)
    __scatterload_null                       0x08000103   Thumb Code     0  __scatter.o(!!!scatter)
    __scatterload_copy                       0x08000129   Thumb Code    26  __scatter_copy.o(!!handler_copy)
    __scatterload_zeroinit                   0x08000145   Thumb Code    28  __scatter_zi.o(!!handler_zi)
    _printf_f                                0x08000161   Thumb Code     0  _printf_f.o(.ARM.Collect$$_printf_percent$$00000003)
    _printf_percent                          0x08000161   Thumb Code     0  _printf_percent.o(.ARM.Collect$$_printf_percent$$00000000)
    _printf_d                                0x08000167   Thumb Code     0  _printf_d.o(.ARM.Collect$$_printf_percent$$00000009)
    _printf_c                                0x0800016d   Thumb Code     0  _printf_c.o(.ARM.Collect$$_printf_percent$$00000013)
    _printf_percent_end                      0x08000173   Thumb Code     0  _printf_percent_end.o(.ARM.Collect$$_printf_percent$$00000017)
    __rt_lib_init                            0x08000177   Thumb Code     0  libinit.o(.ARM.Collect$$libinit$$00000000)
    __rt_lib_init_fp_1                       0x08000179   Thumb Code     0  libinit2.o(.ARM.Collect$$libinit$$00000002)
    __rt_lib_init_heap_1                     0x08000179   Thumb Code     0  libinit2.o(.ARM.Collect$$libinit$$0000000A)
    __rt_lib_init_lc_common                  0x08000179   Thumb Code     0  libinit2.o(.ARM.Collect$$libinit$$0000000F)
    __rt_lib_init_preinit_1                  0x08000179   Thumb Code     0  libinit2.o(.ARM.Collect$$libinit$$00000004)
    __rt_lib_init_rand_1                     0x08000179   Thumb Code     0  libinit2.o(.ARM.Collect$$libinit$$0000000E)
    __rt_lib_init_user_alloc_1               0x08000179   Thumb Code     0  libinit2.o(.ARM.Collect$$libinit$$0000000C)
    __rt_lib_init_lc_collate_1               0x0800017f   Thumb Code     0  libinit2.o(.ARM.Collect$$libinit$$00000011)
    __rt_lib_init_lc_ctype_2                 0x0800017f   Thumb Code     0  libinit2.o(.ARM.Collect$$libinit$$00000012)
    __rt_lib_init_lc_ctype_1                 0x0800018b   Thumb Code     0  libinit2.o(.ARM.Collect$$libinit$$00000013)
    __rt_lib_init_lc_monetary_1              0x0800018b   Thumb Code     0  libinit2.o(.ARM.Collect$$libinit$$00000015)
    __rt_lib_init_lc_numeric_2               0x0800018b   Thumb Code     0  libinit2.o(.ARM.Collect$$libinit$$00000016)
    __rt_lib_init_alloca_1                   0x08000195   Thumb Code     0  libinit2.o(.ARM.Collect$$libinit$$0000002E)
    __rt_lib_init_argv_1                     0x08000195   Thumb Code     0  libinit2.o(.ARM.Collect$$libinit$$0000002C)
    __rt_lib_init_atexit_1                   0x08000195   Thumb Code     0  libinit2.o(.ARM.Collect$$libinit$$0000001B)
    __rt_lib_init_clock_1                    0x08000195   Thumb Code     0  libinit2.o(.ARM.Collect$$libinit$$00000021)
    __rt_lib_init_cpp_1                      0x08000195   Thumb Code     0  libinit2.o(.ARM.Collect$$libinit$$00000032)
    __rt_lib_init_exceptions_1               0x08000195   Thumb Code     0  libinit2.o(.ARM.Collect$$libinit$$00000030)
    __rt_lib_init_fp_trap_1                  0x08000195   Thumb Code     0  libinit2.o(.ARM.Collect$$libinit$$0000001F)
    __rt_lib_init_getenv_1                   0x08000195   Thumb Code     0  libinit2.o(.ARM.Collect$$libinit$$00000023)
    __rt_lib_init_lc_numeric_1               0x08000195   Thumb Code     0  libinit2.o(.ARM.Collect$$libinit$$00000017)
    __rt_lib_init_lc_time_1                  0x08000195   Thumb Code     0  libinit2.o(.ARM.Collect$$libinit$$00000019)
    __rt_lib_init_return                     0x08000195   Thumb Code     0  libinit2.o(.ARM.Collect$$libinit$$00000033)
    __rt_lib_init_signal_1                   0x08000195   Thumb Code     0  libinit2.o(.ARM.Collect$$libinit$$0000001D)
    __rt_lib_init_stdio_1                    0x08000195   Thumb Code     0  libinit2.o(.ARM.Collect$$libinit$$00000025)
    __rt_lib_shutdown                        0x08000197   Thumb Code     0  libshutdown.o(.ARM.Collect$$libshutdown$$00000000)
    __rt_lib_shutdown_cpp_1                  0x08000199   Thumb Code     0  libshutdown2.o(.ARM.Collect$$libshutdown$$00000002)
    __rt_lib_shutdown_fp_trap_1              0x08000199   Thumb Code     0  libshutdown2.o(.ARM.Collect$$libshutdown$$00000007)
    __rt_lib_shutdown_heap_1                 0x08000199   Thumb Code     0  libshutdown2.o(.ARM.Collect$$libshutdown$$0000000F)
    __rt_lib_shutdown_return                 0x08000199   Thumb Code     0  libshutdown2.o(.ARM.Collect$$libshutdown$$00000010)
    __rt_lib_shutdown_signal_1               0x08000199   Thumb Code     0  libshutdown2.o(.ARM.Collect$$libshutdown$$0000000A)
    __rt_lib_shutdown_stdio_1                0x08000199   Thumb Code     0  libshutdown2.o(.ARM.Collect$$libshutdown$$00000004)
    __rt_lib_shutdown_user_alloc_1           0x08000199   Thumb Code     0  libshutdown2.o(.ARM.Collect$$libshutdown$$0000000C)
    __rt_entry                               0x0800019b   Thumb Code     0  __rtentry.o(.ARM.Collect$$rtentry$$00000000)
    __rt_entry_presh_1                       0x0800019b   Thumb Code     0  __rtentry2.o(.ARM.Collect$$rtentry$$00000002)
    __rt_entry_sh                            0x0800019b   Thumb Code     0  __rtentry4.o(.ARM.Collect$$rtentry$$00000004)
    __rt_entry_li                            0x080001a1   Thumb Code     0  __rtentry2.o(.ARM.Collect$$rtentry$$0000000A)
    __rt_entry_postsh_1                      0x080001a1   Thumb Code     0  __rtentry2.o(.ARM.Collect$$rtentry$$00000009)
    __rt_entry_main                          0x080001a5   Thumb Code     0  __rtentry2.o(.ARM.Collect$$rtentry$$0000000D)
    __rt_entry_postli_1                      0x080001a5   Thumb Code     0  __rtentry2.o(.ARM.Collect$$rtentry$$0000000C)
    __rt_exit                                0x080001ad   Thumb Code     0  rtexit.o(.ARM.Collect$$rtexit$$00000000)
    __rt_exit_ls                             0x080001af   Thumb Code     0  rtexit2.o(.ARM.Collect$$rtexit$$00000003)
    __rt_exit_prels_1                        0x080001af   Thumb Code     0  rtexit2.o(.ARM.Collect$$rtexit$$00000002)
    __rt_exit_exit                           0x080001b3   Thumb Code     0  rtexit2.o(.ARM.Collect$$rtexit$$00000004)
    Reset_Handler                            0x080001b9   Thumb Code     8  startup_stm32f10x_md.o(.text)
    ADC1_2_IRQHandler                        0x080001d3   Thumb Code     0  startup_stm32f10x_md.o(.text)
    CAN1_RX1_IRQHandler                      0x080001d3   Thumb Code     0  startup_stm32f10x_md.o(.text)
    CAN1_SCE_IRQHandler                      0x080001d3   Thumb Code     0  startup_stm32f10x_md.o(.text)
    DMA1_Channel1_IRQHandler                 0x080001d3   Thumb Code     0  startup_stm32f10x_md.o(.text)
    DMA1_Channel2_IRQHandler                 0x080001d3   Thumb Code     0  startup_stm32f10x_md.o(.text)
    DMA1_Channel3_IRQHandler                 0x080001d3   Thumb Code     0  startup_stm32f10x_md.o(.text)
    DMA1_Channel4_IRQHandler                 0x080001d3   Thumb Code     0  startup_stm32f10x_md.o(.text)
    DMA1_Channel5_IRQHandler                 0x080001d3   Thumb Code     0  startup_stm32f10x_md.o(.text)
    DMA1_Channel6_IRQHandler                 0x080001d3   Thumb Code     0  startup_stm32f10x_md.o(.text)
    DMA1_Channel7_IRQHandler                 0x080001d3   Thumb Code     0  startup_stm32f10x_md.o(.text)
    EXTI0_IRQHandler                         0x080001d3   Thumb Code     0  startup_stm32f10x_md.o(.text)
    EXTI15_10_IRQHandler                     0x080001d3   Thumb Code     0  startup_stm32f10x_md.o(.text)
    EXTI1_IRQHandler                         0x080001d3   Thumb Code     0  startup_stm32f10x_md.o(.text)
    EXTI2_IRQHandler                         0x080001d3   Thumb Code     0  startup_stm32f10x_md.o(.text)
    EXTI3_IRQHandler                         0x080001d3   Thumb Code     0  startup_stm32f10x_md.o(.text)
    EXTI4_IRQHandler                         0x080001d3   Thumb Code     0  startup_stm32f10x_md.o(.text)
    EXTI9_5_IRQHandler                       0x080001d3   Thumb Code     0  startup_stm32f10x_md.o(.text)
    FLASH_IRQHandler                         0x080001d3   Thumb Code     0  startup_stm32f10x_md.o(.text)
    I2C1_ER_IRQHandler                       0x080001d3   Thumb Code     0  startup_stm32f10x_md.o(.text)
    I2C1_EV_IRQHandler                       0x080001d3   Thumb Code     0  startup_stm32f10x_md.o(.text)
    I2C2_ER_IRQHandler                       0x080001d3   Thumb Code     0  startup_stm32f10x_md.o(.text)
    I2C2_EV_IRQHandler                       0x080001d3   Thumb Code     0  startup_stm32f10x_md.o(.text)
    PVD_IRQHandler                           0x080001d3   Thumb Code     0  startup_stm32f10x_md.o(.text)
    RCC_IRQHandler                           0x080001d3   Thumb Code     0  startup_stm32f10x_md.o(.text)
    RTCAlarm_IRQHandler                      0x080001d3   Thumb Code     0  startup_stm32f10x_md.o(.text)
    RTC_IRQHandler                           0x080001d3   Thumb Code     0  startup_stm32f10x_md.o(.text)
    SPI1_IRQHandler                          0x080001d3   Thumb Code     0  startup_stm32f10x_md.o(.text)
    SPI2_IRQHandler                          0x080001d3   Thumb Code     0  startup_stm32f10x_md.o(.text)
    TAMPER_IRQHandler                        0x080001d3   Thumb Code     0  startup_stm32f10x_md.o(.text)
    TIM1_BRK_IRQHandler                      0x080001d3   Thumb Code     0  startup_stm32f10x_md.o(.text)
    TIM1_CC_IRQHandler                       0x080001d3   Thumb Code     0  startup_stm32f10x_md.o(.text)
    TIM1_TRG_COM_IRQHandler                  0x080001d3   Thumb Code     0  startup_stm32f10x_md.o(.text)
    TIM1_UP_IRQHandler                       0x080001d3   Thumb Code     0  startup_stm32f10x_md.o(.text)
    TIM2_IRQHandler                          0x080001d3   Thumb Code     0  startup_stm32f10x_md.o(.text)
    TIM3_IRQHandler                          0x080001d3   Thumb Code     0  startup_stm32f10x_md.o(.text)
    TIM4_IRQHandler                          0x080001d3   Thumb Code     0  startup_stm32f10x_md.o(.text)
    USART1_IRQHandler                        0x080001d3   Thumb Code     0  startup_stm32f10x_md.o(.text)
    USART3_IRQHandler                        0x080001d3   Thumb Code     0  startup_stm32f10x_md.o(.text)
    USBWakeUp_IRQHandler                     0x080001d3   Thumb Code     0  startup_stm32f10x_md.o(.text)
    USB_HP_CAN1_TX_IRQHandler                0x080001d3   Thumb Code     0  startup_stm32f10x_md.o(.text)
    USB_LP_CAN1_RX0_IRQHandler               0x080001d3   Thumb Code     0  startup_stm32f10x_md.o(.text)
    WWDG_IRQHandler                          0x080001d3   Thumb Code     0  startup_stm32f10x_md.o(.text)
    __user_initial_stackheap                 0x080001d5   Thumb Code     0  startup_stm32f10x_md.o(.text)
    SystemInit                               0x080002d7   Thumb Code    78  system_stm32f10x.o(.text)
    SystemCoreClockUpdate                    0x08000325   Thumb Code   142  system_stm32f10x.o(.text)
    GPIO_DeInit                              0x080003d9   Thumb Code   172  stm32f10x_gpio.o(.text)
    GPIO_AFIODeInit                          0x08000485   Thumb Code    20  stm32f10x_gpio.o(.text)
    GPIO_Init                                0x08000499   Thumb Code   278  stm32f10x_gpio.o(.text)
    GPIO_StructInit                          0x080005af   Thumb Code    16  stm32f10x_gpio.o(.text)
    GPIO_ReadInputDataBit                    0x080005bf   Thumb Code    18  stm32f10x_gpio.o(.text)
    GPIO_ReadInputData                       0x080005d1   Thumb Code     8  stm32f10x_gpio.o(.text)
    GPIO_ReadOutputDataBit                   0x080005d9   Thumb Code    18  stm32f10x_gpio.o(.text)
    GPIO_ReadOutputData                      0x080005eb   Thumb Code     8  stm32f10x_gpio.o(.text)
    GPIO_SetBits                             0x080005f3   Thumb Code     4  stm32f10x_gpio.o(.text)
    GPIO_ResetBits                           0x080005f7   Thumb Code     4  stm32f10x_gpio.o(.text)
    GPIO_WriteBit                            0x080005fb   Thumb Code    10  stm32f10x_gpio.o(.text)
    GPIO_Write                               0x08000605   Thumb Code     4  stm32f10x_gpio.o(.text)
    GPIO_PinLockConfig                       0x08000609   Thumb Code    18  stm32f10x_gpio.o(.text)
    GPIO_EventOutputConfig                   0x0800061b   Thumb Code    26  stm32f10x_gpio.o(.text)
    GPIO_EventOutputCmd                      0x08000635   Thumb Code     6  stm32f10x_gpio.o(.text)
    GPIO_PinRemapConfig                      0x0800063b   Thumb Code   138  stm32f10x_gpio.o(.text)
    GPIO_EXTILineConfig                      0x080006c5   Thumb Code    66  stm32f10x_gpio.o(.text)
    GPIO_ETH_MediaInterfaceConfig            0x08000707   Thumb Code     8  stm32f10x_gpio.o(.text)
    RCC_DeInit                               0x08000735   Thumb Code    64  stm32f10x_rcc.o(.text)
    RCC_HSEConfig                            0x08000775   Thumb Code    70  stm32f10x_rcc.o(.text)
    RCC_GetFlagStatus                        0x080007bb   Thumb Code    56  stm32f10x_rcc.o(.text)
    RCC_WaitForHSEStartUp                    0x080007f3   Thumb Code    56  stm32f10x_rcc.o(.text)
    RCC_AdjustHSICalibrationValue            0x0800082b   Thumb Code    20  stm32f10x_rcc.o(.text)
    RCC_HSICmd                               0x0800083f   Thumb Code     6  stm32f10x_rcc.o(.text)
    RCC_PLLConfig                            0x08000845   Thumb Code    24  stm32f10x_rcc.o(.text)
    RCC_PLLCmd                               0x0800085d   Thumb Code     6  stm32f10x_rcc.o(.text)
    RCC_SYSCLKConfig                         0x08000863   Thumb Code    18  stm32f10x_rcc.o(.text)
    RCC_GetSYSCLKSource                      0x08000875   Thumb Code    10  stm32f10x_rcc.o(.text)
    RCC_HCLKConfig                           0x0800087f   Thumb Code    18  stm32f10x_rcc.o(.text)
    RCC_PCLK1Config                          0x08000891   Thumb Code    18  stm32f10x_rcc.o(.text)
    RCC_PCLK2Config                          0x080008a3   Thumb Code    20  stm32f10x_rcc.o(.text)
    RCC_ITConfig                             0x080008b7   Thumb Code    26  stm32f10x_rcc.o(.text)
    RCC_USBCLKConfig                         0x080008d1   Thumb Code     8  stm32f10x_rcc.o(.text)
    RCC_ADCCLKConfig                         0x080008d9   Thumb Code    18  stm32f10x_rcc.o(.text)
    RCC_LSEConfig                            0x080008eb   Thumb Code    50  stm32f10x_rcc.o(.text)
    RCC_LSICmd                               0x0800091d   Thumb Code     6  stm32f10x_rcc.o(.text)
    RCC_RTCCLKConfig                         0x08000923   Thumb Code    12  stm32f10x_rcc.o(.text)
    RCC_RTCCLKCmd                            0x0800092f   Thumb Code     8  stm32f10x_rcc.o(.text)
    RCC_GetClocksFreq                        0x08000937   Thumb Code   192  stm32f10x_rcc.o(.text)
    RCC_AHBPeriphClockCmd                    0x080009f7   Thumb Code    26  stm32f10x_rcc.o(.text)
    RCC_APB2PeriphClockCmd                   0x08000a11   Thumb Code    26  stm32f10x_rcc.o(.text)
    RCC_APB1PeriphClockCmd                   0x08000a2b   Thumb Code    26  stm32f10x_rcc.o(.text)
    RCC_APB2PeriphResetCmd                   0x08000a45   Thumb Code    26  stm32f10x_rcc.o(.text)
    RCC_APB1PeriphResetCmd                   0x08000a5f   Thumb Code    26  stm32f10x_rcc.o(.text)
    RCC_BackupResetCmd                       0x08000a79   Thumb Code     8  stm32f10x_rcc.o(.text)
    RCC_ClockSecuritySystemCmd               0x08000a81   Thumb Code     6  stm32f10x_rcc.o(.text)
    RCC_MCOConfig                            0x08000a87   Thumb Code     6  stm32f10x_rcc.o(.text)
    RCC_ClearFlag                            0x08000a8d   Thumb Code    14  stm32f10x_rcc.o(.text)
    RCC_GetITStatus                          0x08000a9b   Thumb Code    20  stm32f10x_rcc.o(.text)
    RCC_ClearITPendingBit                    0x08000aaf   Thumb Code     6  stm32f10x_rcc.o(.text)
    NVIC_PriorityGroupConfig                 0x08000ad9   Thumb Code    10  misc.o(.text)
    NVIC_Init                                0x08000ae3   Thumb Code   100  misc.o(.text)
    NVIC_SetVectorTable                      0x08000b47   Thumb Code    14  misc.o(.text)
    NVIC_SystemLPConfig                      0x08000b55   Thumb Code    34  misc.o(.text)
    SysTick_CLKSourceConfig                  0x08000b77   Thumb Code    40  misc.o(.text)
    TIM_DeInit                               0x08000bb5   Thumb Code   424  stm32f10x_tim.o(.text)
    TIM_TimeBaseInit                         0x08000d5d   Thumb Code   122  stm32f10x_tim.o(.text)
    TIM_OC1Init                              0x08000dd7   Thumb Code   132  stm32f10x_tim.o(.text)
    TIM_OC2Init                              0x08000e5b   Thumb Code   154  stm32f10x_tim.o(.text)
    TIM_OC3Init                              0x08000ef5   Thumb Code   150  stm32f10x_tim.o(.text)
    TIM_OC4Init                              0x08000f8b   Thumb Code   182  stm32f10x_tim.o(.text)
    TIM_SetIC4Prescaler                      0x08001041   Thumb Code    26  stm32f10x_tim.o(.text)
    TIM_SetIC3Prescaler                      0x080010dd   Thumb Code    18  stm32f10x_tim.o(.text)
    TIM_SetIC2Prescaler                      0x08001169   Thumb Code    26  stm32f10x_tim.o(.text)
    TIM_SetIC1Prescaler                      0x08001205   Thumb Code    18  stm32f10x_tim.o(.text)
    TIM_ICInit                               0x08001283   Thumb Code   150  stm32f10x_tim.o(.text)
    TIM_PWMIConfig                           0x08001319   Thumb Code   124  stm32f10x_tim.o(.text)
    TIM_BDTRConfig                           0x08001395   Thumb Code    32  stm32f10x_tim.o(.text)
    TIM_TimeBaseStructInit                   0x080013b5   Thumb Code    18  stm32f10x_tim.o(.text)
    TIM_OCStructInit                         0x080013c7   Thumb Code    20  stm32f10x_tim.o(.text)
    TIM_ICStructInit                         0x080013db   Thumb Code    18  stm32f10x_tim.o(.text)
    TIM_BDTRStructInit                       0x080013ed   Thumb Code    40  stm32f10x_tim.o(.text)
    TIM_Cmd                                  0x08001415   Thumb Code    24  stm32f10x_tim.o(.text)
    TIM_CtrlPWMOutputs                       0x0800142d   Thumb Code    30  stm32f10x_tim.o(.text)
    TIM_ITConfig                             0x0800144b   Thumb Code    18  stm32f10x_tim.o(.text)
    TIM_GenerateEvent                        0x0800145d   Thumb Code     4  stm32f10x_tim.o(.text)
    TIM_DMAConfig                            0x08001461   Thumb Code    10  stm32f10x_tim.o(.text)
    TIM_DMACmd                               0x0800146b   Thumb Code    18  stm32f10x_tim.o(.text)
    TIM_InternalClockConfig                  0x0800147d   Thumb Code    12  stm32f10x_tim.o(.text)
    TIM_SelectInputTrigger                   0x08001489   Thumb Code    18  stm32f10x_tim.o(.text)
    TIM_ITRxExternalClockConfig              0x0800149b   Thumb Code    24  stm32f10x_tim.o(.text)
    TIM_TIxExternalClockConfig               0x080014b3   Thumb Code    62  stm32f10x_tim.o(.text)
    TIM_ETRConfig                            0x080014f1   Thumb Code    28  stm32f10x_tim.o(.text)
    TIM_ETRClockMode1Config                  0x0800150d   Thumb Code    54  stm32f10x_tim.o(.text)
    TIM_ETRClockMode2Config                  0x08001543   Thumb Code    32  stm32f10x_tim.o(.text)
    TIM_PrescalerConfig                      0x08001563   Thumb Code     6  stm32f10x_tim.o(.text)
    TIM_CounterModeConfig                    0x08001569   Thumb Code    18  stm32f10x_tim.o(.text)
    TIM_EncoderInterfaceConfig               0x0800157b   Thumb Code    66  stm32f10x_tim.o(.text)
    TIM_ForcedOC1Config                      0x080015bd   Thumb Code    18  stm32f10x_tim.o(.text)
    TIM_ForcedOC2Config                      0x080015cf   Thumb Code    26  stm32f10x_tim.o(.text)
    TIM_ForcedOC3Config                      0x080015e9   Thumb Code    18  stm32f10x_tim.o(.text)
    TIM_ForcedOC4Config                      0x080015fb   Thumb Code    26  stm32f10x_tim.o(.text)
    TIM_ARRPreloadConfig                     0x08001615   Thumb Code    24  stm32f10x_tim.o(.text)
    TIM_SelectCOM                            0x0800162d   Thumb Code    24  stm32f10x_tim.o(.text)
    TIM_SelectCCDMA                          0x08001645   Thumb Code    24  stm32f10x_tim.o(.text)
    TIM_CCPreloadControl                     0x0800165d   Thumb Code    24  stm32f10x_tim.o(.text)
    TIM_OC1PreloadConfig                     0x08001675   Thumb Code    18  stm32f10x_tim.o(.text)
    TIM_OC2PreloadConfig                     0x08001687   Thumb Code    26  stm32f10x_tim.o(.text)
    TIM_OC3PreloadConfig                     0x080016a1   Thumb Code    18  stm32f10x_tim.o(.text)
    TIM_OC4PreloadConfig                     0x080016b3   Thumb Code    26  stm32f10x_tim.o(.text)
    TIM_OC1FastConfig                        0x080016cd   Thumb Code    18  stm32f10x_tim.o(.text)
    TIM_OC2FastConfig                        0x080016df   Thumb Code    26  stm32f10x_tim.o(.text)
    TIM_OC3FastConfig                        0x080016f9   Thumb Code    18  stm32f10x_tim.o(.text)
    TIM_OC4FastConfig                        0x0800170b   Thumb Code    26  stm32f10x_tim.o(.text)
    TIM_ClearOC1Ref                          0x08001725   Thumb Code    18  stm32f10x_tim.o(.text)
    TIM_ClearOC2Ref                          0x08001737   Thumb Code    24  stm32f10x_tim.o(.text)
    TIM_ClearOC3Ref                          0x0800174f   Thumb Code    18  stm32f10x_tim.o(.text)
    TIM_ClearOC4Ref                          0x08001761   Thumb Code    24  stm32f10x_tim.o(.text)
    TIM_OC1PolarityConfig                    0x08001779   Thumb Code    18  stm32f10x_tim.o(.text)
    TIM_OC1NPolarityConfig                   0x0800178b   Thumb Code    18  stm32f10x_tim.o(.text)
    TIM_OC2PolarityConfig                    0x0800179d   Thumb Code    26  stm32f10x_tim.o(.text)
    TIM_OC2NPolarityConfig                   0x080017b7   Thumb Code    26  stm32f10x_tim.o(.text)
    TIM_OC3PolarityConfig                    0x080017d1   Thumb Code    26  stm32f10x_tim.o(.text)
    TIM_OC3NPolarityConfig                   0x080017eb   Thumb Code    26  stm32f10x_tim.o(.text)
    TIM_OC4PolarityConfig                    0x08001805   Thumb Code    26  stm32f10x_tim.o(.text)
    TIM_CCxCmd                               0x0800181f   Thumb Code    30  stm32f10x_tim.o(.text)
    TIM_CCxNCmd                              0x0800183d   Thumb Code    30  stm32f10x_tim.o(.text)
    TIM_SelectOCxM                           0x0800185b   Thumb Code    82  stm32f10x_tim.o(.text)
    TIM_UpdateDisableConfig                  0x080018ad   Thumb Code    24  stm32f10x_tim.o(.text)
    TIM_UpdateRequestConfig                  0x080018c5   Thumb Code    24  stm32f10x_tim.o(.text)
    TIM_SelectHallSensor                     0x080018dd   Thumb Code    24  stm32f10x_tim.o(.text)
    TIM_SelectOnePulseMode                   0x080018f5   Thumb Code    18  stm32f10x_tim.o(.text)
    TIM_SelectOutputTrigger                  0x08001907   Thumb Code    18  stm32f10x_tim.o(.text)
    TIM_SelectSlaveMode                      0x08001919   Thumb Code    18  stm32f10x_tim.o(.text)
    TIM_SelectMasterSlaveMode                0x0800192b   Thumb Code    18  stm32f10x_tim.o(.text)
    TIM_SetCounter                           0x0800193d   Thumb Code     4  stm32f10x_tim.o(.text)
    TIM_SetAutoreload                        0x08001941   Thumb Code     4  stm32f10x_tim.o(.text)
    TIM_SetCompare1                          0x08001945   Thumb Code     4  stm32f10x_tim.o(.text)
    TIM_SetCompare2                          0x08001949   Thumb Code     4  stm32f10x_tim.o(.text)
    TIM_SetCompare3                          0x0800194d   Thumb Code     4  stm32f10x_tim.o(.text)
    TIM_SetCompare4                          0x08001951   Thumb Code     6  stm32f10x_tim.o(.text)
    TIM_SetClockDivision                     0x08001957   Thumb Code    18  stm32f10x_tim.o(.text)
    TIM_GetCapture1                          0x08001969   Thumb Code     6  stm32f10x_tim.o(.text)
    TIM_GetCapture2                          0x0800196f   Thumb Code     6  stm32f10x_tim.o(.text)
    TIM_GetCapture3                          0x08001975   Thumb Code     6  stm32f10x_tim.o(.text)
    TIM_GetCapture4                          0x0800197b   Thumb Code     8  stm32f10x_tim.o(.text)
    TIM_GetCounter                           0x08001983   Thumb Code     6  stm32f10x_tim.o(.text)
    TIM_GetPrescaler                         0x08001989   Thumb Code     6  stm32f10x_tim.o(.text)
    TIM_GetFlagStatus                        0x0800198f   Thumb Code    18  stm32f10x_tim.o(.text)
    TIM_ClearFlag                            0x080019a1   Thumb Code     6  stm32f10x_tim.o(.text)
    TIM_GetITStatus                          0x080019a7   Thumb Code    34  stm32f10x_tim.o(.text)
    TIM_ClearITPendingBit                    0x080019c9   Thumb Code     6  stm32f10x_tim.o(.text)
    USART_DeInit                             0x080019d1   Thumb Code   134  stm32f10x_usart.o(.text)
    USART_Init                               0x08001a57   Thumb Code   210  stm32f10x_usart.o(.text)
    USART_StructInit                         0x08001b29   Thumb Code    24  stm32f10x_usart.o(.text)
    USART_ClockInit                          0x08001b41   Thumb Code    34  stm32f10x_usart.o(.text)
    USART_ClockStructInit                    0x08001b63   Thumb Code    12  stm32f10x_usart.o(.text)
    USART_Cmd                                0x08001b6f   Thumb Code    24  stm32f10x_usart.o(.text)
    USART_ITConfig                           0x08001b87   Thumb Code    74  stm32f10x_usart.o(.text)
    USART_DMACmd                             0x08001bd1   Thumb Code    18  stm32f10x_usart.o(.text)
    USART_SetAddress                         0x08001be3   Thumb Code    18  stm32f10x_usart.o(.text)
    USART_WakeUpConfig                       0x08001bf5   Thumb Code    18  stm32f10x_usart.o(.text)
    USART_ReceiverWakeUpCmd                  0x08001c07   Thumb Code    24  stm32f10x_usart.o(.text)
    USART_LINBreakDetectLengthConfig         0x08001c1f   Thumb Code    18  stm32f10x_usart.o(.text)
    USART_LINCmd                             0x08001c31   Thumb Code    24  stm32f10x_usart.o(.text)
    USART_SendData                           0x08001c49   Thumb Code     8  stm32f10x_usart.o(.text)
    USART_ReceiveData                        0x08001c51   Thumb Code    10  stm32f10x_usart.o(.text)
    USART_SendBreak                          0x08001c5b   Thumb Code    10  stm32f10x_usart.o(.text)
    USART_SetGuardTime                       0x08001c65   Thumb Code    16  stm32f10x_usart.o(.text)
    USART_SetPrescaler                       0x08001c75   Thumb Code    16  stm32f10x_usart.o(.text)
    USART_SmartCardCmd                       0x08001c85   Thumb Code    24  stm32f10x_usart.o(.text)
    USART_SmartCardNACKCmd                   0x08001c9d   Thumb Code    24  stm32f10x_usart.o(.text)
    USART_HalfDuplexCmd                      0x08001cb5   Thumb Code    24  stm32f10x_usart.o(.text)
    USART_OverSampling8Cmd                   0x08001ccd   Thumb Code    22  stm32f10x_usart.o(.text)
    USART_OneBitMethodCmd                    0x08001ce3   Thumb Code    24  stm32f10x_usart.o(.text)
    USART_IrDAConfig                         0x08001cfb   Thumb Code    18  stm32f10x_usart.o(.text)
    USART_IrDACmd                            0x08001d0d   Thumb Code    24  stm32f10x_usart.o(.text)
    USART_GetFlagStatus                      0x08001d25   Thumb Code    26  stm32f10x_usart.o(.text)
    USART_ClearFlag                          0x08001d3f   Thumb Code    18  stm32f10x_usart.o(.text)
    USART_GetITStatus                        0x08001d51   Thumb Code    84  stm32f10x_usart.o(.text)
    USART_ClearITPendingBit                  0x08001da5   Thumb Code    52  stm32f10x_usart.o(.text)
    Delay_LCD                                0x08001dd9   Thumb Code    30  lcd.o(.text)
    LCD_WriteReg                             0x08001df7   Thumb Code    68  lcd.o(.text)
    REG_8230_Init                            0x08001e3b   Thumb Code   288  lcd.o(.text)
    REG_932X_Init                            0x08001f5b   Thumb Code   514  lcd.o(.text)
    LCD_BusOut                               0x0800215d   Thumb Code    32  lcd.o(.text)
    LCD_BusIn                                0x0800217d   Thumb Code    32  lcd.o(.text)
    LCD_ReadReg                              0x0800219d   Thumb Code    92  lcd.o(.text)
    LCD_CtrlLinesConfig                      0x080021f9   Thumb Code    68  lcd.o(.text)
    STM3210B_LCD_Init                        0x0800223d   Thumb Code    50  lcd.o(.text)
    LCD_SetTextColor                         0x0800226f   Thumb Code    12  lcd.o(.text)
    LCD_SetBackColor                         0x0800227b   Thumb Code    12  lcd.o(.text)
    LCD_SetCursor                            0x08002287   Thumb Code    24  lcd.o(.text)
    LCD_WriteRAM                             0x0800229f   Thumb Code    54  lcd.o(.text)
    LCD_WriteRAM_Prepare                     0x080022d5   Thumb Code    58  lcd.o(.text)
    LCD_DrawChar                             0x0800230f   Thumb Code   100  lcd.o(.text)
    LCD_DisplayChar                          0x08002373   Thumb Code    34  lcd.o(.text)
    LCD_DisplayStringLine                    0x08002395   Thumb Code    44  lcd.o(.text)
    LCD_ClearLine                            0x080023c1   Thumb Code    14  lcd.o(.text)
    LCD_Clear                                0x080023cf   Thumb Code    38  lcd.o(.text)
    LCD_SetDisplayWindow                     0x080023f5   Thumb Code    88  lcd.o(.text)
    LCD_WindowModeDisable                    0x0800244d   Thumb Code    28  lcd.o(.text)
    LCD_DrawLine                             0x08002469   Thumb Code    86  lcd.o(.text)
    LCD_DrawRect                             0x080024bf   Thumb Code    66  lcd.o(.text)
    LCD_DrawCircle                           0x08002501   Thumb Code   300  lcd.o(.text)
    LCD_DrawMonoPict                         0x0800262d   Thumb Code    76  lcd.o(.text)
    LCD_WriteBMP                             0x08002679   Thumb Code    74  lcd.o(.text)
    LCD_ReadRAM                              0x080026c3   Thumb Code    82  lcd.o(.text)
    LCD_PowerOn                              0x08002715   Thumb Code   118  lcd.o(.text)
    LCD_DisplayOn                            0x0800278b   Thumb Code    14  lcd.o(.text)
    LCD_DisplayOff                           0x08002799   Thumb Code    12  lcd.o(.text)
    LCD_DrawPicture                          0x080027a5   Thumb Code    48  lcd.o(.text)
    led                                      0x080027e5   Thumb Code   100  main.o(.text)
    qinglin                                  0x08002849   Thumb Code    34  main.o(.text)
    UI_2                                     0x0800286b   Thumb Code    36  main.o(.text)
    UI_1                                     0x0800288f   Thumb Code    88  main.o(.text)
    charu                                    0x080028e7   Thumb Code    44  main.o(.text)
    Delay_Ms                                 0x08002913   Thumb Code    16  main.o(.text)
    date                                     0x08002923   Thumb Code   256  main.o(.text)
    panduanjinchu                            0x08002a23   Thumb Code   286  main.o(.text)
    B2_K                                     0x08002b41   Thumb Code    66  main.o(.text)
    B1_K                                     0x08002b83   Thumb Code   488  main.o(.text)
    main                                     0x08002d6b   Thumb Code   202  main.o(.text)
    panduan                                  0x08002e35   Thumb Code    30  main.o(.text)
    NMI_Handler                              0x08002ef5   Thumb Code     2  stm32f10x_it.o(.text)
    HardFault_Handler                        0x08002ef7   Thumb Code     4  stm32f10x_it.o(.text)
    MemManage_Handler                        0x08002efb   Thumb Code     4  stm32f10x_it.o(.text)
    BusFault_Handler                         0x08002eff   Thumb Code     4  stm32f10x_it.o(.text)
    UsageFault_Handler                       0x08002f03   Thumb Code     4  stm32f10x_it.o(.text)
    DebugMon_Handler                         0x08002f07   Thumb Code     2  stm32f10x_it.o(.text)
    SVC_Handler                              0x08002f09   Thumb Code     2  stm32f10x_it.o(.text)
    PendSV_Handler                           0x08002f0b   Thumb Code     2  stm32f10x_it.o(.text)
    SysTick_Handler                          0x08002f0d   Thumb Code    46  stm32f10x_it.o(.text)
    USART2_IRQHandler                        0x08002f3b   Thumb Code    78  stm32f10x_it.o(.text)
    key_init                                 0x08002fa5   Thumb Code   120  key.o(.text)
    LED_Control                              0x0800301d   Thumb Code    60  key.o(.text)
    TIM_Config                               0x08003069   Thumb Code   144  pwm.o(.text)
    PWM_IO_Config                            0x080030f9   Thumb Code    38  pwm.o(.text)
    NVIC_Configuration_1                     0x08003129   Thumb Code    42  usart.o(.text)
    USART_Config                             0x08003153   Thumb Code   132  usart.o(.text)
    USART_SendString                         0x080031d7   Thumb Code    44  usart.o(.text)
    __2sprintf                               0x0800320d   Thumb Code    34  noretval__2sprintf.o(.text)
    _printf_str                              0x08003235   Thumb Code    82  _printf_str.o(.text)
    _printf_int_dec                          0x08003289   Thumb Code   104  _printf_dec.o(.text)
    __printf                                 0x08003301   Thumb Code   270  __printf_wp.o(.text)
    __use_two_region_memory                  0x0800340f   Thumb Code     2  heapauxi.o(.text)
    __rt_heap_escrow$2region                 0x08003411   Thumb Code     2  heapauxi.o(.text)
    __rt_heap_expand$2region                 0x08003413   Thumb Code     2  heapauxi.o(.text)
    __read_errno                             0x08003415   Thumb Code    10  _rserrno.o(.text)
    __set_errno                              0x0800341f   Thumb Code    12  _rserrno.o(.text)
    _printf_int_common                       0x0800342b   Thumb Code   178  _printf_intcommon.o(.text)
    __lib_sel_fp_printf                      0x080034dd   Thumb Code     2  _printf_fp_dec.o(.text)
    _printf_fp_dec_real                      0x0800368b   Thumb Code   620  _printf_fp_dec.o(.text)
    _printf_char_common                      0x08003903   Thumb Code    32  _printf_char_common.o(.text)
    _sputc                                   0x08003929   Thumb Code    10  _sputc.o(.text)
    _printf_cs_common                        0x08003933   Thumb Code    20  _printf_char.o(.text)
    _printf_char                             0x08003947   Thumb Code    16  _printf_char.o(.text)
    _printf_string                           0x08003957   Thumb Code     8  _printf_char.o(.text)
    __strtod_int                             0x0800399d   Thumb Code    88  strtod.o(.text)
    __rt_locale                              0x08003a01   Thumb Code     8  rt_locale_intlibspace.o(.text)
    __aeabi_errno_addr                       0x08003a09   Thumb Code     8  rt_errno_addr_intlibspace.o(.text)
    __errno$intlibspace                      0x08003a09   Thumb Code     0  rt_errno_addr_intlibspace.o(.text)
    __rt_errno_addr$intlibspace              0x08003a09   Thumb Code     0  rt_errno_addr_intlibspace.o(.text)
    _ll_udiv10                               0x08003a11   Thumb Code   138  lludiv10.o(.text)
    isspace                                  0x08003a9b   Thumb Code    18  isspace.o(.text)
    _printf_fp_infnan                        0x08003aad   Thumb Code   112  _printf_fp_infnan.o(.text)
    _sgetc                                   0x08003b2d   Thumb Code    30  _sgetc.o(.text)
    _sbackspace                              0x08003b4b   Thumb Code    34  _sgetc.o(.text)
    _btod_etento                             0x08003b6d   Thumb Code   216  bigflt0.o(.text)
    __user_libspace                          0x08003c49   Thumb Code     8  libspace.o(.text)
    __user_perproc_libspace                  0x08003c49   Thumb Code     0  libspace.o(.text)
    __user_perthread_libspace                0x08003c49   Thumb Code     0  libspace.o(.text)
    __user_setup_stackheap                   0x08003c51   Thumb Code    74  sys_stackheap_outer.o(.text)
    __rt_ctype_table                         0x08003c9d   Thumb Code    16  rt_ctype_table.o(.text)
    _scanf_really_real                       0x08003ea9   Thumb Code   668  scanf_fp.o(.text)
    exit                                     0x08004151   Thumb Code    18  exit.o(.text)
    strcmp                                   0x08004165   Thumb Code   128  strcmpv7m.o(.text)
    _scanf_really_hex_real                   0x080041e5   Thumb Code   786  scanf_hexfp.o(.text)
    _scanf_really_infnan                     0x08004505   Thumb Code   292  scanf_infnan.o(.text)
    _sys_exit                                0x08004639   Thumb Code     8  sys_exit.o(.text)
    __aeabi_llsl                             0x08004645   Thumb Code     0  llshl.o(.text)
    _ll_shift_l                              0x08004645   Thumb Code    38  llshl.o(.text)
    _chval                                   0x0800466b   Thumb Code    28  _chval.o(.text)
    __I$use$semihosting                      0x08004687   Thumb Code     0  use_no_semi.o(.text)
    __use_no_semihosting_swi                 0x08004687   Thumb Code     2  use_no_semi.o(.text)
    __semihosting_library_function           0x08004689   Thumb Code     0  indicate_semi.o(.text)
    _btod_d2e                                0x08004689   Thumb Code    62  btod.o(CL$$btod_d2e)
    _d2e_denorm_low                          0x080046c7   Thumb Code    70  btod.o(CL$$btod_d2e_denorm_low)
    _d2e_norm_op1                            0x0800470d   Thumb Code    96  btod.o(CL$$btod_d2e_norm_op1)
    __btod_div_common                        0x0800476d   Thumb Code   696  btod.o(CL$$btod_div_common)
    _e2d                                     0x08004aa5   Thumb Code    80  btod.o(CL$$btod_e2d)
    _e2e                                     0x08004af9   Thumb Code   198  btod.o(CL$$btod_e2e)
    _btod_ediv                               0x08004bbf   Thumb Code    40  btod.o(CL$$btod_ediv)
    _btod_edivd                              0x08004be7   Thumb Code    40  btod.o(CL$$btod_edivd)
    _btod_emul                               0x08004c0f   Thumb Code    40  btod.o(CL$$btod_emul)
    _btod_emuld                              0x08004c37   Thumb Code    40  btod.o(CL$$btod_emuld)
    __btod_mult_common                       0x08004c5f   Thumb Code   580  btod.o(CL$$btod_mult_common)
    __ARM_fpclassify                         0x08004ea3   Thumb Code    40  fpclassify.o(i.__ARM_fpclassify)
    __mathlib_dbl_overflow                   0x08004ecb   Thumb Code    14  dunder.o(i.__mathlib_dbl_overflow)
    __mathlib_dbl_underflow                  0x08004ed9   Thumb Code    10  dunder.o(i.__mathlib_dbl_underflow)
    __mathlib_narrow                         0x08004ee9   Thumb Code    16  narrow.o(i.__mathlib_narrow)
    __mathlib_tofloat                        0x08004ef9   Thumb Code   132  narrow.o(i.__mathlib_tofloat)
    __support_ldexp                          0x08004f81   Thumb Code    22  ldexp.o(i.__support_ldexp)
    _is_digit                                0x08004f97   Thumb Code    14  __printf_wp.o(i._is_digit)
    atof                                     0x08004fa5   Thumb Code    42  atof.o(i.atof)
    frexp                                    0x08004fd1   Thumb Code    80  frexp.o(i.frexp)
    ldexp                                    0x08005029   Thumb Code   116  ldexp.o(i.ldexp)
    _get_lc_numeric                          0x0800509d   Thumb Code    44  lc_numeric_c.o(locale$$code)
    _get_lc_ctype                            0x080050c9   Thumb Code    44  lc_ctype_c.o(locale$$code)
    __aeabi_d2f                              0x080050f5   Thumb Code     0  d2f.o(x$fpl$d2f)
    _d2f                                     0x080050f5   Thumb Code    98  d2f.o(x$fpl$d2f)
    __fpl_dcheck_NaN1                        0x08005159   Thumb Code    10  dcheck1.o(x$fpl$dcheck1)
    __fpl_dcmp_Inf                           0x08005169   Thumb Code    24  dcmpi.o(x$fpl$dcmpinf)
    __aeabi_cdcmpeq                          0x08005181   Thumb Code     0  deqf.o(x$fpl$deqf)
    _dcmpeq                                  0x08005181   Thumb Code   120  deqf.o(x$fpl$deqf)
    __aeabi_cdcmple                          0x080051f9   Thumb Code     0  dleqf.o(x$fpl$dleqf)
    _dcmple                                  0x080051f9   Thumb Code   120  dleqf.o(x$fpl$dleqf)
    __fpl_dcmple_InfNaN                      0x0800525b   Thumb Code     0  dleqf.o(x$fpl$dleqf)
    __fpl_dnaninf                            0x08005271   Thumb Code   156  dnaninf.o(x$fpl$dnaninf)
    __fpl_dretinf                            0x0800530d   Thumb Code    12  dretinf.o(x$fpl$dretinf)
    __aeabi_cdrcmple                         0x08005319   Thumb Code     0  drleqf.o(x$fpl$drleqf)
    _drcmple                                 0x08005319   Thumb Code   108  drleqf.o(x$fpl$drleqf)
    __aeabi_f2d                              0x08005385   Thumb Code     0  f2d.o(x$fpl$f2d)
    _f2d                                     0x08005385   Thumb Code    86  f2d.o(x$fpl$f2d)
    __aeabi_i2f                              0x080053dd   Thumb Code     0  fflt_clz.o(x$fpl$fflt)
    _fflt                                    0x080053dd   Thumb Code    48  fflt_clz.o(x$fpl$fflt)
    __aeabi_fmul                             0x0800540d   Thumb Code     0  fmul.o(x$fpl$fmul)
    _fmul                                    0x0800540d   Thumb Code   258  fmul.o(x$fpl$fmul)
    __fpl_fnaninf                            0x0800550f   Thumb Code   140  fnaninf.o(x$fpl$fnaninf)
    __fpl_fretinf                            0x0800559b   Thumb Code    10  fretinf.o(x$fpl$fretinf)
    _printf_fp_dec                           0x080055a5   Thumb Code     4  printf1.o(x$fpl$printf1)
    __fpl_return_NaN                         0x080055a9   Thumb Code   100  retnan.o(x$fpl$retnan)
    __ARM_scalbn                             0x0800560d   Thumb Code    92  scalbn.o(x$fpl$scalbn)
    _scanf_real                              0x08005669   Thumb Code     4  scanf1.o(x$fpl$scanf1)
    _scanf_hex_real                          0x0800566d   Thumb Code     4  scanf2.o(x$fpl$scanf2)
    _scanf_infnan                            0x08005671   Thumb Code     4  scanf2.o(x$fpl$scanf2)
    __fpl_cmpreturn                          0x08005675   Thumb Code    48  trapv.o(x$fpl$trapveneer)
    ASCII_Table                              0x080056a4   Data        4560  lcd.o(.constdata)
    __I$use$fp                               0x080056a4   Number         0  usenofp.o(x$fpl$usenofp)
    Region$$Table$$Base                      0x08006908   Number         0  anon$$obj.o(Region$$Table)
    Region$$Table$$Limit                     0x08006928   Number         0  anon$$obj.o(Region$$Table)
    __aeabi_HUGE_VAL                         0x08006928   Data           0  fpconst.o(c$$dinf)
    __aeabi_HUGE_VALL                        0x08006928   Data           0  fpconst.o(c$$dinf)
    __aeabi_INFINITY                         0x08006928   Data           0  fpconst.o(c$$dinf)
    __dInf                                   0x08006928   Data           0  fpconst.o(c$$dinf)
    __huge_val                               0x08006928   Data           0  fpconst.o(c$$dinf)
    __ctype                                  0x08006959   Data           0  lc_ctype_c.o(locale$$data)
    SystemCoreClock                          0x20000000   Data           4  system_stm32f10x.o(.data)
    AHBPrescTable                            0x20000004   Data          16  system_stm32f10x.o(.data)
    dummy                                    0x2000002c   Data           2  lcd.o(.data)
    time_s                                   0x20000030   Data           4  main.o(.data)
    flog_out                                 0x20000034   Data           4  main.o(.data)
    charge                                   0x20000038   Data           4  main.o(.data)
    charge1                                  0x2000003c   Data           5  main.o(.data)
    flog1                                    0x20000044   Data           4  main.o(.data)
    flog2                                    0x20000048   Data           4  main.o(.data)
    FEE                                      0x2000004c   Data           4  main.o(.data)
    i                                        0x20000050   Data           4  main.o(.data)
    j                                        0x20000054   Data           4  main.o(.data)
    TimingDelay                              0x20000058   Data           4  main.o(.data)
    RXOVER                                   0x2000005c   Data           1  stm32f10x_it.o(.data)
    RXCUNT                                   0x2000005d   Data           1  stm32f10x_it.o(.data)
    k                                        0x20000060   Data           4  stm32f10x_it.o(.data)
    cccc                                     0x20000064   Data          11  main.o(.bss)
    CHAR                                     0x20000070   Data          12  main.o(.bss)
    charpoit                                 0x2000007c   Data         132  main.o(.bss)
    buff                                     0x20000100   Data          50  main.o(.bss)
    USART_RXBUF                              0x20000132   Data          22  stm32f10x_it.o(.bss)
    __libspace_start                         0x20000148   Data          96  libspace.o(.bss)
    __temporary_stack_top$libspace           0x200001a8   Data           0  libspace.o(.bss)



==============================================================================

Memory Map of the image

  Image Entry point : 0x080000ed

  Load Region LR_IROM1 (Base: 0x08000000, Size: 0x00006ac0, Max: 0x00020000, ABSOLUTE)

    Execution Region ER_IROM1 (Base: 0x08000000, Size: 0x00006a5c, Max: 0x00020000, ABSOLUTE)

    Base Addr    Size         Type   Attr      Idx    E Section Name        Object

    0x08000000   0x000000ec   Data   RO            3    RESET               startup_stm32f10x_md.o
    0x080000ec   0x00000008   Code   RO          445  * !!!main             c_w.l(__main.o)
    0x080000f4   0x00000034   Code   RO          789    !!!scatter          c_w.l(__scatter.o)
    0x08000128   0x0000001a   Code   RO          791    !!handler_copy      c_w.l(__scatter_copy.o)
    0x08000142   0x00000002   PAD
    0x08000144   0x0000001c   Code   RO          793    !!handler_zi        c_w.l(__scatter_zi.o)
    0x08000160   0x00000000   Code   RO          442    .ARM.Collect$$_printf_percent$$00000000  c_w.l(_printf_percent.o)
    0x08000160   0x00000006   Code   RO          441    .ARM.Collect$$_printf_percent$$00000003  c_w.l(_printf_f.o)
    0x08000166   0x00000006   Code   RO          440    .ARM.Collect$$_printf_percent$$00000009  c_w.l(_printf_d.o)
    0x0800016c   0x00000006   Code   RO          439    .ARM.Collect$$_printf_percent$$00000013  c_w.l(_printf_c.o)
    0x08000172   0x00000004   Code   RO          478    .ARM.Collect$$_printf_percent$$00000017  c_w.l(_printf_percent_end.o)
    0x08000176   0x00000002   Code   RO          577    .ARM.Collect$$libinit$$00000000  c_w.l(libinit.o)
    0x08000178   0x00000000   Code   RO          579    .ARM.Collect$$libinit$$00000002  c_w.l(libinit2.o)
    0x08000178   0x00000000   Code   RO          581    .ARM.Collect$$libinit$$00000004  c_w.l(libinit2.o)
    0x08000178   0x00000000   Code   RO          584    .ARM.Collect$$libinit$$0000000A  c_w.l(libinit2.o)
    0x08000178   0x00000000   Code   RO          586    .ARM.Collect$$libinit$$0000000C  c_w.l(libinit2.o)
    0x08000178   0x00000000   Code   RO          588    .ARM.Collect$$libinit$$0000000E  c_w.l(libinit2.o)
    0x08000178   0x00000006   Code   RO          589    .ARM.Collect$$libinit$$0000000F  c_w.l(libinit2.o)
    0x0800017e   0x00000000   Code   RO          591    .ARM.Collect$$libinit$$00000011  c_w.l(libinit2.o)
    0x0800017e   0x0000000c   Code   RO          592    .ARM.Collect$$libinit$$00000012  c_w.l(libinit2.o)
    0x0800018a   0x00000000   Code   RO          593    .ARM.Collect$$libinit$$00000013  c_w.l(libinit2.o)
    0x0800018a   0x00000000   Code   RO          595    .ARM.Collect$$libinit$$00000015  c_w.l(libinit2.o)
    0x0800018a   0x0000000a   Code   RO          596    .ARM.Collect$$libinit$$00000016  c_w.l(libinit2.o)
    0x08000194   0x00000000   Code   RO          597    .ARM.Collect$$libinit$$00000017  c_w.l(libinit2.o)
    0x08000194   0x00000000   Code   RO          599    .ARM.Collect$$libinit$$00000019  c_w.l(libinit2.o)
    0x08000194   0x00000000   Code   RO          601    .ARM.Collect$$libinit$$0000001B  c_w.l(libinit2.o)
    0x08000194   0x00000000   Code   RO          603    .ARM.Collect$$libinit$$0000001D  c_w.l(libinit2.o)
    0x08000194   0x00000000   Code   RO          605    .ARM.Collect$$libinit$$0000001F  c_w.l(libinit2.o)
    0x08000194   0x00000000   Code   RO          607    .ARM.Collect$$libinit$$00000021  c_w.l(libinit2.o)
    0x08000194   0x00000000   Code   RO          609    .ARM.Collect$$libinit$$00000023  c_w.l(libinit2.o)
    0x08000194   0x00000000   Code   RO          611    .ARM.Collect$$libinit$$00000025  c_w.l(libinit2.o)
    0x08000194   0x00000000   Code   RO          615    .ARM.Collect$$libinit$$0000002C  c_w.l(libinit2.o)
    0x08000194   0x00000000   Code   RO          617    .ARM.Collect$$libinit$$0000002E  c_w.l(libinit2.o)
    0x08000194   0x00000000   Code   RO          619    .ARM.Collect$$libinit$$00000030  c_w.l(libinit2.o)
    0x08000194   0x00000000   Code   RO          621    .ARM.Collect$$libinit$$00000032  c_w.l(libinit2.o)
    0x08000194   0x00000002   Code   RO          622    .ARM.Collect$$libinit$$00000033  c_w.l(libinit2.o)
    0x08000196   0x00000002   Code   RO          686    .ARM.Collect$$libshutdown$$00000000  c_w.l(libshutdown.o)
    0x08000198   0x00000000   Code   RO          715    .ARM.Collect$$libshutdown$$00000002  c_w.l(libshutdown2.o)
    0x08000198   0x00000000   Code   RO          717    .ARM.Collect$$libshutdown$$00000004  c_w.l(libshutdown2.o)
    0x08000198   0x00000000   Code   RO          720    .ARM.Collect$$libshutdown$$00000007  c_w.l(libshutdown2.o)
    0x08000198   0x00000000   Code   RO          723    .ARM.Collect$$libshutdown$$0000000A  c_w.l(libshutdown2.o)
    0x08000198   0x00000000   Code   RO          725    .ARM.Collect$$libshutdown$$0000000C  c_w.l(libshutdown2.o)
    0x08000198   0x00000000   Code   RO          728    .ARM.Collect$$libshutdown$$0000000F  c_w.l(libshutdown2.o)
    0x08000198   0x00000002   Code   RO          729    .ARM.Collect$$libshutdown$$00000010  c_w.l(libshutdown2.o)
    0x0800019a   0x00000000   Code   RO          465    .ARM.Collect$$rtentry$$00000000  c_w.l(__rtentry.o)
    0x0800019a   0x00000000   Code   RO          491    .ARM.Collect$$rtentry$$00000002  c_w.l(__rtentry2.o)
    0x0800019a   0x00000006   Code   RO          503    .ARM.Collect$$rtentry$$00000004  c_w.l(__rtentry4.o)
    0x080001a0   0x00000000   Code   RO          493    .ARM.Collect$$rtentry$$00000009  c_w.l(__rtentry2.o)
    0x080001a0   0x00000004   Code   RO          494    .ARM.Collect$$rtentry$$0000000A  c_w.l(__rtentry2.o)
    0x080001a4   0x00000000   Code   RO          496    .ARM.Collect$$rtentry$$0000000C  c_w.l(__rtentry2.o)
    0x080001a4   0x00000008   Code   RO          497    .ARM.Collect$$rtentry$$0000000D  c_w.l(__rtentry2.o)
    0x080001ac   0x00000002   Code   RO          623    .ARM.Collect$$rtexit$$00000000  c_w.l(rtexit.o)
    0x080001ae   0x00000000   Code   RO          648    .ARM.Collect$$rtexit$$00000002  c_w.l(rtexit2.o)
    0x080001ae   0x00000004   Code   RO          649    .ARM.Collect$$rtexit$$00000003  c_w.l(rtexit2.o)
    0x080001b2   0x00000006   Code   RO          650    .ARM.Collect$$rtexit$$00000004  c_w.l(rtexit2.o)
    0x080001b8   0x00000040   Code   RO            4    .text               startup_stm32f10x_md.o
    0x080001f8   0x000001e0   Code   RO           26    .text               system_stm32f10x.o
    0x080003d8   0x0000035c   Code   RO          137    .text               stm32f10x_gpio.o
    0x08000734   0x000003a4   Code   RO          161    .text               stm32f10x_rcc.o
    0x08000ad8   0x000000dc   Code   RO          183    .text               misc.o
    0x08000bb4   0x00000e1a   Code   RO          203    .text               stm32f10x_tim.o
    0x080019ce   0x00000002   PAD
    0x080019d0   0x00000408   Code   RO          223    .text               stm32f10x_usart.o
    0x08001dd8   0x00000a0c   Code   RO          243    .text               lcd.o
    0x080027e4   0x00000710   Code   RO          273    .text               main.o
    0x08002ef4   0x000000b0   Code   RO          321    .text               stm32f10x_it.o
    0x08002fa4   0x000000c4   Code   RO          349    .text               key.o
    0x08003068   0x000000c0   Code   RO          369    .text               pwm.o
    0x08003128   0x000000e4   Code   RO          389    .text               usart.o
    0x0800320c   0x00000028   Code   RO          411    .text               c_w.l(noretval__2sprintf.o)
    0x08003234   0x00000052   Code   RO          415    .text               c_w.l(_printf_str.o)
    0x08003286   0x00000002   PAD
    0x08003288   0x00000078   Code   RO          417    .text               c_w.l(_printf_dec.o)
    0x08003300   0x0000010e   Code   RO          427    .text               c_w.l(__printf_wp.o)
    0x0800340e   0x00000006   Code   RO          443    .text               c_w.l(heapauxi.o)
    0x08003414   0x00000016   Code   RO          466    .text               c_w.l(_rserrno.o)
    0x0800342a   0x000000b2   Code   RO          468    .text               c_w.l(_printf_intcommon.o)
    0x080034dc   0x0000041a   Code   RO          470    .text               c_w.l(_printf_fp_dec.o)
    0x080038f6   0x00000002   PAD
    0x080038f8   0x00000030   Code   RO          472    .text               c_w.l(_printf_char_common.o)
    0x08003928   0x0000000a   Code   RO          474    .text               c_w.l(_sputc.o)
    0x08003932   0x0000002c   Code   RO          476    .text               c_w.l(_printf_char.o)
    0x0800395e   0x00000002   PAD
    0x08003960   0x000000a0   Code   RO          479    .text               c_w.l(strtod.o)
    0x08003a00   0x00000008   Code   RO          508    .text               c_w.l(rt_locale_intlibspace.o)
    0x08003a08   0x00000008   Code   RO          513    .text               c_w.l(rt_errno_addr_intlibspace.o)
    0x08003a10   0x0000008a   Code   RO          515    .text               c_w.l(lludiv10.o)
    0x08003a9a   0x00000012   Code   RO          517    .text               c_w.l(isspace.o)
    0x08003aac   0x00000080   Code   RO          519    .text               c_w.l(_printf_fp_infnan.o)
    0x08003b2c   0x00000040   Code   RO          523    .text               c_w.l(_sgetc.o)
    0x08003b6c   0x000000dc   Code   RO          525    .text               c_w.l(bigflt0.o)
    0x08003c48   0x00000008   Code   RO          559    .text               c_w.l(libspace.o)
    0x08003c50   0x0000004a   Code   RO          562    .text               c_w.l(sys_stackheap_outer.o)
    0x08003c9a   0x00000002   PAD
    0x08003c9c   0x00000010   Code   RO          564    .text               c_w.l(rt_ctype_table.o)
    0x08003cac   0x000004a4   Code   RO          566    .text               c_w.l(scanf_fp.o)
    0x08004150   0x00000012   Code   RO          568    .text               c_w.l(exit.o)
    0x08004162   0x00000002   PAD
    0x08004164   0x00000080   Code   RO          570    .text               c_w.l(strcmpv7m.o)
    0x080041e4   0x00000320   Code   RO          654    .text               c_w.l(scanf_hexfp.o)
    0x08004504   0x00000134   Code   RO          656    .text               c_w.l(scanf_infnan.o)
    0x08004638   0x0000000c   Code   RO          672    .text               c_w.l(sys_exit.o)
    0x08004644   0x00000026   Code   RO          676    .text               c_w.l(llshl.o)
    0x0800466a   0x0000001c   Code   RO          678    .text               c_w.l(_chval.o)
    0x08004686   0x00000002   Code   RO          705    .text               c_w.l(use_no_semi.o)
    0x08004688   0x00000000   Code   RO          707    .text               c_w.l(indicate_semi.o)
    0x08004688   0x0000003e   Code   RO          528    CL$$btod_d2e        c_w.l(btod.o)
    0x080046c6   0x00000046   Code   RO          530    CL$$btod_d2e_denorm_low  c_w.l(btod.o)
    0x0800470c   0x00000060   Code   RO          529    CL$$btod_d2e_norm_op1  c_w.l(btod.o)
    0x0800476c   0x00000338   Code   RO          538    CL$$btod_div_common  c_w.l(btod.o)
    0x08004aa4   0x00000054   Code   RO          536    CL$$btod_e2d        c_w.l(btod.o)
    0x08004af8   0x000000c6   Code   RO          535    CL$$btod_e2e        c_w.l(btod.o)
    0x08004bbe   0x00000028   Code   RO          532    CL$$btod_ediv       c_w.l(btod.o)
    0x08004be6   0x00000028   Code   RO          534    CL$$btod_edivd      c_w.l(btod.o)
    0x08004c0e   0x00000028   Code   RO          531    CL$$btod_emul       c_w.l(btod.o)
    0x08004c36   0x00000028   Code   RO          533    CL$$btod_emuld      c_w.l(btod.o)
    0x08004c5e   0x00000244   Code   RO          537    CL$$btod_mult_common  c_w.l(btod.o)
    0x08004ea2   0x00000028   Code   RO          557    i.__ARM_fpclassify  m_ws.l(fpclassify.o)
    0x08004eca   0x0000000e   Code   RO          736    i.__mathlib_dbl_overflow  m_ws.l(dunder.o)
    0x08004ed8   0x00000010   Code   RO          738    i.__mathlib_dbl_underflow  m_ws.l(dunder.o)
    0x08004ee8   0x00000010   Code   RO          641    i.__mathlib_narrow  m_ws.l(narrow.o)
    0x08004ef8   0x00000088   Code   RO          642    i.__mathlib_tofloat  m_ws.l(narrow.o)
    0x08004f80   0x00000016   Code   RO          694    i.__support_ldexp   m_ws.l(ldexp.o)
    0x08004f96   0x0000000e   Code   RO          429    i._is_digit         c_w.l(__printf_wp.o)
    0x08004fa4   0x0000002a   Code   RO          462    i.atof              m_ws.l(atof.o)
    0x08004fce   0x00000002   PAD
    0x08004fd0   0x00000058   Code   RO          667    i.frexp             m_ws.l(frexp.o)
    0x08005028   0x00000074   Code   RO          695    i.ldexp             m_ws.l(ldexp.o)
    0x0800509c   0x0000002c   Code   RO          551    locale$$code        c_w.l(lc_numeric_c.o)
    0x080050c8   0x0000002c   Code   RO          626    locale$$code        c_w.l(lc_ctype_c.o)
    0x080050f4   0x00000062   Code   RO          447    x$fpl$d2f           fz_ws.l(d2f.o)
    0x08005156   0x00000002   PAD
    0x08005158   0x00000010   Code   RO          730    x$fpl$dcheck1       fz_ws.l(dcheck1.o)
    0x08005168   0x00000018   Code   RO          687    x$fpl$dcmpinf       fz_ws.l(dcmpi.o)
    0x08005180   0x00000078   Code   RO          662    x$fpl$deqf          fz_ws.l(deqf.o)
    0x080051f8   0x00000078   Code   RO          689    x$fpl$dleqf         fz_ws.l(dleqf.o)
    0x08005270   0x0000009c   Code   RO          481    x$fpl$dnaninf       fz_ws.l(dnaninf.o)
    0x0800530c   0x0000000c   Code   RO          483    x$fpl$dretinf       fz_ws.l(dretinf.o)
    0x08005318   0x0000006c   Code   RO          664    x$fpl$drleqf        fz_ws.l(drleqf.o)
    0x08005384   0x00000056   Code   RO          449    x$fpl$f2d           fz_ws.l(f2d.o)
    0x080053da   0x00000002   PAD
    0x080053dc   0x00000030   Code   RO          452    x$fpl$fflt          fz_ws.l(fflt_clz.o)
    0x0800540c   0x00000102   Code   RO          457    x$fpl$fmul          fz_ws.l(fmul.o)
    0x0800550e   0x0000008c   Code   RO          485    x$fpl$fnaninf       fz_ws.l(fnaninf.o)
    0x0800559a   0x0000000a   Code   RO          487    x$fpl$fretinf       fz_ws.l(fretinf.o)
    0x080055a4   0x00000004   Code   RO          459    x$fpl$printf1       fz_ws.l(printf1.o)
    0x080055a8   0x00000064   Code   RO          763    x$fpl$retnan        fz_ws.l(retnan.o)
    0x0800560c   0x0000005c   Code   RO          691    x$fpl$scalbn        fz_ws.l(scalbn.o)
    0x08005668   0x00000004   Code   RO          555    x$fpl$scanf1        fz_ws.l(scanf1.o)
    0x0800566c   0x00000008   Code   RO          635    x$fpl$scanf2        fz_ws.l(scanf2.o)
    0x08005674   0x00000030   Code   RO          769    x$fpl$trapveneer    fz_ws.l(trapv.o)
    0x080056a4   0x00000000   Code   RO          489    x$fpl$usenofp       fz_ws.l(usenofp.o)
    0x080056a4   0x000011d0   Data   RO          244    .constdata          lcd.o
    0x08006874   0x00000094   Data   RO          526    .constdata          c_w.l(bigflt0.o)
    0x08006908   0x00000020   Data   RO          787    Region$$Table       anon$$obj.o
    0x08006928   0x00000008   Data   RO          630    c$$dinf             fz_ws.l(fpconst.o)
    0x08006930   0x0000001c   Data   RO          550    locale$$data        c_w.l(lc_numeric_c.o)
    0x0800694c   0x00000110   Data   RO          625    locale$$data        c_w.l(lc_ctype_c.o)


    Execution Region RW_IRAM1 (Base: 0x20000000, Size: 0x000007a8, Max: 0x00005000, ABSOLUTE)

    Base Addr    Size         Type   Attr      Idx    E Section Name        Object

    0x20000000   0x00000014   Data   RW           27    .data               system_stm32f10x.o
    0x20000014   0x00000014   Data   RW          162    .data               stm32f10x_rcc.o
    0x20000028   0x00000006   Data   RW          245    .data               lcd.o
    0x2000002e   0x00000002   PAD
    0x20000030   0x0000002c   Data   RW          275    .data               main.o
    0x2000005c   0x00000008   Data   RW          323    .data               stm32f10x_it.o
    0x20000064   0x000000ce   Zero   RW          274    .bss                main.o
    0x20000132   0x00000016   Zero   RW          322    .bss                stm32f10x_it.o
    0x20000148   0x00000060   Zero   RW          560    .bss                c_w.l(libspace.o)
    0x200001a8   0x00000200   Zero   RW            2    HEAP                startup_stm32f10x_md.o
    0x200003a8   0x00000400   Zero   RW            1    STACK               startup_stm32f10x_md.o


==============================================================================

Image component sizes


      Code (inc. data)   RO Data    RW Data    ZI Data      Debug   Object Name

         0          0          0          0          0       4500   core_cm3.o
       196         16          0          0          0        763   key.o
      2572         74       4560          6          0       8740   lcd.o
      1808        424          0         44        206      25946   main.o
       220         22          0          0          0       1921   misc.o
       192         10          0          0          0        883   pwm.o
        64         26        236          0       1536        940   startup_stm32f10x_md.o
       860         38          0          0          0       5857   stm32f10x_gpio.o
       176         28          0          8         22       2247   stm32f10x_it.o
       932         36          0         20          0       9068   stm32f10x_rcc.o
      3610         88          0          0          0      22968   stm32f10x_tim.o
      1032         22          0          0          0       8580   stm32f10x_usart.o
       480         38          0         20          0     249563   system_stm32f10x.o
       228         10          0          0          0       1301   usart.o

    ----------------------------------------------------------------------
     12372        832       4828        100       1764     343277   Object Totals
         0          0         32          0          0          0   (incl. Generated)
         2          0          0          2          0          0   (incl. Padding)

    ----------------------------------------------------------------------

      Code (inc. data)   RO Data    RW Data    ZI Data      Debug   Library Member Name

         8          0          0          0          0         68   __main.o
       284          0          0          0          0        156   __printf_wp.o
         0          0          0          0          0          0   __rtentry.o
        12          0          0          0          0          0   __rtentry2.o
         6          0          0          0          0          0   __rtentry4.o
        52          8          0          0          0          0   __scatter.o
        26          0          0          0          0          0   __scatter_copy.o
        28          0          0          0          0          0   __scatter_zi.o
        28          0          0          0          0         68   _chval.o
         6          0          0          0          0          0   _printf_c.o
        44          0          0          0          0        108   _printf_char.o
        48          6          0          0          0         96   _printf_char_common.o
         6          0          0          0          0          0   _printf_d.o
       120         16          0          0          0         92   _printf_dec.o
         6          0          0          0          0          0   _printf_f.o
      1050          0          0          0          0        216   _printf_fp_dec.o
       128         16          0          0          0         84   _printf_fp_infnan.o
       178          0          0          0          0         88   _printf_intcommon.o
         0          0          0          0          0          0   _printf_percent.o
         4          0          0          0          0          0   _printf_percent_end.o
        82          0          0          0          0         80   _printf_str.o
        22          0          0          0          0        100   _rserrno.o
        64          0          0          0          0         84   _sgetc.o
        10          0          0          0          0         68   _sputc.o
       220          4        148          0          0         96   bigflt0.o
      2074        132          0          0          0        940   btod.o
        18          0          0          0          0         80   exit.o
         6          0          0          0          0        152   heapauxi.o
         0          0          0          0          0          0   indicate_semi.o
        18          0          0          0          0         76   isspace.o
        44         10        272          0          0         76   lc_ctype_c.o
        44         10         28          0          0         76   lc_numeric_c.o
         2          0          0          0          0          0   libinit.o
        30          0          0          0          0          0   libinit2.o
         2          0          0          0          0          0   libshutdown.o
         2          0          0          0          0          0   libshutdown2.o
         8          4          0          0         96         68   libspace.o
        38          0          0          0          0         68   llshl.o
       138          0          0          0          0         80   lludiv10.o
        40          6          0          0          0         84   noretval__2sprintf.o
        16          4          0          0          0         76   rt_ctype_table.o
         8          4          0          0          0         68   rt_errno_addr_intlibspace.o
         8          4          0          0          0         68   rt_locale_intlibspace.o
         2          0          0          0          0          0   rtexit.o
        10          0          0          0          0          0   rtexit2.o
      1188         12          0          0          0        148   scanf_fp.o
       800         14          0          0          0        100   scanf_hexfp.o
       308         16          0          0          0        100   scanf_infnan.o
       128          0          0          0          0         68   strcmpv7m.o
       160         12          0          0          0        120   strtod.o
        12          4          0          0          0         68   sys_exit.o
        74          0          0          0          0         80   sys_stackheap_outer.o
         2          0          0          0          0         68   use_no_semi.o
        98          4          0          0          0         92   d2f.o
        16          4          0          0          0         68   dcheck1.o
        24          0          0          0          0         68   dcmpi.o
       120          4          0          0          0         92   deqf.o
       120          4          0          0          0         92   dleqf.o
       156          4          0          0          0         92   dnaninf.o
        12          0          0          0          0         68   dretinf.o
       108          0          0          0          0         80   drleqf.o
        86          4          0          0          0         84   f2d.o
        48          0          0          0          0         68   fflt_clz.o
       258          4          0          0          0         84   fmul.o
       140          4          0          0          0         84   fnaninf.o
         0          0          8          0          0          0   fpconst.o
        10          0          0          0          0         68   fretinf.o
         4          0          0          0          0         68   printf1.o
       100          0          0          0          0         68   retnan.o
        92          0          0          0          0         68   scalbn.o
         4          0          0          0          0         68   scanf1.o
         8          0          0          0          0         84   scanf2.o
        48          0          0          0          0         68   trapv.o
         0          0          0          0          0          0   usenofp.o
        42          0          0          0          0         84   atof.o
        30          6          0          0          0        136   dunder.o
        40          0          0          0          0         68   fpclassify.o
        88          8          0          0          0         76   frexp.o
       138          0          0          0          0        160   ldexp.o
       152          4          0          0          0        168   narrow.o

    ----------------------------------------------------------------------
      9572        332        456          0         96       6224   Library Totals
        18          0          0          0          0          0   (incl. Padding)

    ----------------------------------------------------------------------

      Code (inc. data)   RO Data    RW Data    ZI Data      Debug   Library Name

      7612        282        448          0         96       4068   c_w.l
      1452         32          8          0          0       1464   fz_ws.l
       490         18          0          0          0        692   m_ws.l

    ----------------------------------------------------------------------
      9572        332        456          0         96       6224   Library Totals

    ----------------------------------------------------------------------

==============================================================================


      Code (inc. data)   RO Data    RW Data    ZI Data      Debug   

     21944       1164       5284        100       1860     344713   Grand Totals
     21944       1164       5284        100       1860     344713   ELF Image Totals
     21944       1164       5284        100          0          0   ROM Totals

==============================================================================

    Total RO  Size (Code + RO Data)                27228 (  26.59kB)
    Total RW  Size (RW Data + ZI Data)              1960 (   1.91kB)
    Total ROM Size (Code + RO Data + RW Data)      27328 (  26.69kB)

==============================================================================

