<html>
<body>
<pre>
<h1>µVision Build Log</h1>
<h2>Tool Versions:</h2>
IDE-Version: ¶ÃVision V5.20.0.0
Copyright (C) 2016 ARM Ltd and ARM Germany GmbH. All rights reserved.
License Information: li007 li007, wqe, LIC=GE7DL-0VMSS-UMK9A-1K110-MM33H-JZ98L
 
Tool Versions:
Toolchain:       MDK-ARM Professional  Version: 5.20
Toolchain Path:  E:\keil5\ARM\ARMCC\Bin
C Compiler:      Armcc.exe V5.06 update 2 (build 183)
Assembler:       Armasm.exe V5.06 update 2 (build 183)
Linker/Locator:  ArmLink.exe V5.06 update 2 (build 183)
Library Manager: ArmAr.exe V5.06 update 2 (build 183)
Hex Converter:   FromElf.exe V5.06 update 2 (build 183)
CPU DLL:         SARMCM3.DLL V5.20
Dialog DLL:      DARMSTM.DLL V1.66.0.0
Target DLL:      coocox-agdi.dll V???
Dialog DLL:      TARMSTM.DLL V1.65.0.0
 
<h2>Project:</h2>
H:\æ∫»¸2022\¿∂«≈±≠«∂»Î Ω\¡∑œ∞\7\CT117E-LCD\Project\CT117E-LCD.uvproj
Project File Date:  11/18/2021

<h2>Output:</h2>
*** Using Compiler 'V5.06 update 2 (build 183)', folder: 'E:\keil5\ARM\ARMCC\Bin'
Build target 'Target 1'
compiling main.c...
..\HARDWARE\Fin\Fin.h(8): warning:  #1-D: last line of file ends without a newline
  #endif
..\HARDWARE\Fin\Pwm.h(8): warning:  #1-D: last line of file ends without a newline
  #endif
..\HARDWARE\Fin\RTC.h(9): warning:  #1-D: last line of file ends without a newline
  #endif
..\HARDWARE\Fin\key.h(8): warning:  #1-D: last line of file ends without a newline
  #endif
..\HARDWARE\Fin\EEPROM.h(8): warning:  #1-D: last line of file ends without a newline
  #endif
..\Sre\main.c(25): warning:  #1295-D: Deprecated declaration lcd_ui - give arg types
  void lcd_ui();
..\Sre\main.c(26): warning:  #1295-D: Deprecated declaration key_data - give arg types
  void key_data();
..\Sre\main.c(27): warning:  #1295-D: Deprecated declaration baoj - give arg types
  void baoj();
..\Sre\main.c(40): warning:  #223-D: function "i2c_init" declared implicitly
  	i2c_init();	
..\Sre\main.c(114): warning:  #223-D: function "sprintf" declared implicitly
  		sprintf(buf,"      Total(km):%.1f  ",((float)(x24c02_read(0xff)+distance)/1000));
..\Sre\main.c(116): warning:  #167-D: argument of type "char *" is incompatible with parameter of type "u8 *"
  		LCD_DisplayStringLine(
ine9 ,buf);
..\Sre\main.c(121): warning:  #167-D: argument of type "char *" is incompatible with parameter of type "u8 *"
  		LCD_DisplayStringLine(
ine1 ,buf);
..\Sre\main.c(124): warning:  #167-D: argument of type "char *" is incompatible with parameter of type "u8 *"
  		LCD_DisplayStringLine(
ine3 ,buf);
..\Sre\main.c(127): warning:  #167-D: argument of type "char *" is incompatible with parameter of type "u8 *"
  		LCD_DisplayStringLine(
ine5 ,buf);
..\Sre\main.c(132): warning:  #167-D: argument of type "char *" is incompatible with parameter of type "u8 *"
  		LCD_DisplayStringLine(
ine7 ,buf);
..\Sre\main.c(169): warning:  #1-D: last line of file ends without a newline
  		}}
..\Sre\main.c: 16 warnings, 0 errors
linking...
Program Size: Code=14450 RO-data=5006 RW-data=92 ZI-data=1676  
FromELF: creating hex file...
"..\Output\CT117E-LCD.axf" - 0 Error(s), 16 Warning(s).
Build Time Elapsed:  00:00:01
</pre>
</body>
</html>
